\BOOKMARK [0][-]{chapter*.1}{\376\377\000D\000\311\000D\000I\000C\000A\000C\000E}{}% 1
\BOOKMARK [0][-]{chapter*.2}{\376\377\000R\000E\000M\000E\000R\000C\000I\000E\000M\000E\000N\000T\000S}{}% 2
\BOOKMARK [0][-]{chapter*.3}{\376\377\000R\000\311\000S\000U\000M\000\311}{}% 3
\BOOKMARK [0][-]{chapter*.4}{\376\377\000A\000B\000S\000T\000R\000A\000C\000T}{}% 4
\BOOKMARK [0][-]{toc.0}{\376\377\000T\000A\000B\000L\000E\000\040\000D\000E\000S\000\040\000M\000A\000T\000I\000\310\000R\000E\000S}{}% 5
\BOOKMARK [0][-]{chapter*.5}{\376\377\000L\000I\000S\000T\000E\000\040\000D\000E\000S\000\040\000T\000A\000B\000L\000E\000A\000U\000X}{}% 6
\BOOKMARK [0][-]{chapter*.6}{\376\377\000L\000I\000S\000T\000E\000\040\000D\000E\000S\000\040\000F\000I\000G\000U\000R\000E\000S}{}% 7
\BOOKMARK [0][-]{chapter*.7}{\376\377\000L\000I\000S\000T\000E\000\040\000D\000E\000S\000\040\000S\000I\000G\000L\000E\000S\000\040\000E\000T\000\040\000A\000B\000R\000\311\000V\000I\000A\000T\000I\000O\000N\000S}{}% 8
\BOOKMARK [0][-]{chapter*.8}{\376\377\000L\000I\000S\000T\000E\000\040\000D\000E\000S\000\040\000A\000N\000N\000E\000X\000E\000S}{}% 9
\BOOKMARK [0][-]{chapter.1}{\376\377\0001\000\040\000I\000N\000T\000R\000O\000D\000U\000C\000T\000I\000O\000N}{}% 10
\BOOKMARK [1][-]{section.1.1}{\376\377\0001\000.\0001\000\040\000C\000o\000n\000t\000e\000x\000t\000e\000\040\000e\000t\000\040\000m\000i\000s\000e\000\040\000e\000n\000\040\000s\000i\000t\000u\000a\000t\000i\000o\000n}{chapter.1}% 11
\BOOKMARK [1][-]{section.1.2}{\376\377\0001\000.\0002\000\040\000J\000u\000s\000t\000i\000f\000i\000c\000a\000t\000i\000o\000n\000\040\000\351\000c\000o\000n\000o\000m\000i\000q\000u\000e\000,\000\040\000s\000o\000c\000i\000\351\000t\000a\000l\000e\000\040\000e\000t\000\040\000r\000\351\000g\000l\000e\000m\000e\000n\000t\000a\000i\000r\000e}{chapter.1}% 12
\BOOKMARK [1][-]{section.1.3}{\376\377\0001\000.\0003\000\040\000\311\000l\000\351\000m\000e\000n\000t\000s\000\040\000d\000e\000\040\000l\000a\000\040\000p\000r\000o\000b\000l\000\351\000m\000a\000t\000i\000q\000u\000e}{chapter.1}% 13
\BOOKMARK [2][-]{subsection.1.3.1}{\376\377\0001\000.\0003\000.\0001\000\040\000D\000\351\000f\000i\000\040\0001\000\040\000:\000\040\000E\000f\000f\000i\000c\000a\000c\000i\000t\000\351\000\040\000\351\000n\000e\000r\000g\000\351\000t\000i\000q\000u\000e\000\040\000d\000u\000\040\000r\000o\000u\000t\000a\000g\000e\000\040\000d\000a\000n\000s\000\040\000l\000e\000s\000\040\000W\000S\000N\000\040\000d\000e\000\040\000s\000u\000r\000v\000e\000i\000l\000l\000a\000n\000c\000e\000\040\000d\000e\000s\000\040\000c\000a\000t\000a\000s\000t\000r\000o\000p\000h\000e\000s}{section.1.3}% 14
\BOOKMARK [2][-]{subsection.1.3.2}{\376\377\0001\000.\0003\000.\0002\000\040\000D\000\351\000f\000i\000\040\0002\000\040\000:\000\040\000E\000m\000p\000r\000e\000i\000n\000t\000e\000\040\000c\000a\000r\000b\000o\000n\000e\000\040\000d\000u\000\040\000c\000y\000c\000l\000e\000\040\000d\000e\000\040\000v\000i\000e\000\040\000d\000e\000s\000\040\000W\000S\000N}{section.1.3}% 15
\BOOKMARK [2][-]{subsection.1.3.3}{\376\377\0001\000.\0003\000.\0003\000\040\000D\000\351\000f\000i\000\040\0003\000\040\000:\000\040\000S\000\351\000c\000u\000r\000i\000t\000\351\000\040\000d\000e\000s\000\040\000p\000o\000l\000i\000t\000i\000q\000u\000e\000s\000\040\000d\000e\000\040\000r\000o\000u\000t\000a\000g\000e\000\040\000a\000p\000p\000r\000i\000s\000e\000s\000\040\000p\000a\000r\000\040\000i\000n\000t\000e\000l\000l\000i\000g\000e\000n\000c\000e\000\040\000a\000r\000t\000i\000f\000i\000c\000i\000e\000l\000l\000e}{section.1.3}% 16
\BOOKMARK [1][-]{section.1.4}{\376\377\0001\000.\0004\000\040\000Q\000u\000e\000s\000t\000i\000o\000n\000s\000\040\000d\000e\000\040\000r\000e\000c\000h\000e\000r\000c\000h\000e}{chapter.1}% 17
\BOOKMARK [1][-]{section.1.5}{\376\377\0001\000.\0005\000\040\000O\000b\000j\000e\000c\000t\000i\000f\000s\000\040\000d\000e\000\040\000r\000e\000c\000h\000e\000r\000c\000h\000e}{chapter.1}% 18
\BOOKMARK [2][-]{subsection.1.5.1}{\376\377\0001\000.\0005\000.\0001\000\040\000O\000b\000j\000e\000c\000t\000i\000f\000\040\000g\000\351\000n\000\351\000r\000a\000l}{section.1.5}% 19
\BOOKMARK [2][-]{subsection.1.5.2}{\376\377\0001\000.\0005\000.\0002\000\040\000O\000b\000j\000e\000c\000t\000i\000f\000s\000\040\000s\000p\000\351\000c\000i\000f\000i\000q\000u\000e\000s}{section.1.5}% 20
\BOOKMARK [1][-]{section.1.6}{\376\377\0001\000.\0006\000\040\000P\000l\000a\000n\000\040\000d\000e\000\040\000l\000a\000\040\000t\000h\000\350\000s\000e}{chapter.1}% 21
\BOOKMARK [0][-]{chapter.2}{\376\377\0002\000\040\000R\000E\000V\000U\000E\000\040\000D\000E\000\040\000L\000I\000T\000T\000\311\000R\000A\000T\000U\000R\000E}{}% 22
\BOOKMARK [1][-]{section.2.1}{\376\377\0002\000.\0001\000\040\000R\000o\000u\000t\000a\000g\000e\000\040\000\351\000c\000o\000\351\000n\000e\000r\000g\000\351\000t\000i\000q\000u\000e\000\040\000d\000a\000n\000s\000\040\000l\000e\000s\000\040\000W\000S\000N}{chapter.2}% 23
\BOOKMARK [2][-]{subsection.2.1.1}{\376\377\0002\000.\0001\000.\0001\000\040\000P\000r\000o\000t\000o\000c\000o\000l\000e\000s\000\040\000d\000e\000\040\000r\000o\000u\000t\000a\000g\000e\000\040\000h\000i\000\351\000r\000a\000r\000c\000h\000i\000q\000u\000e}{section.2.1}% 24
\BOOKMARK [2][-]{subsection.2.1.2}{\376\377\0002\000.\0001\000.\0002\000\040\000M\000o\000d\000\350\000l\000e\000\040\000\351\000n\000e\000r\000g\000\351\000t\000i\000q\000u\000e\000\040\000d\000e\000\040\000p\000r\000e\000m\000i\000e\000r\000\040\000o\000r\000d\000r\000e}{section.2.1}% 25
\BOOKMARK [2][-]{subsection.2.1.3}{\376\377\0002\000.\0001\000.\0003\000\040\000A\000p\000p\000r\000o\000c\000h\000e\000s\000\040\000m\000\351\000t\000a\000h\000e\000u\000r\000i\000s\000t\000i\000q\000u\000e\000s}{section.2.1}% 26
\BOOKMARK [2][-]{subsection.2.1.4}{\376\377\0002\000.\0001\000.\0004\000\040\000D\000\351\000t\000e\000c\000t\000i\000o\000n\000\040\000c\000o\000m\000p\000r\000i\000m\000\351\000e\000,\000\040\000r\000\351\000c\000u\000p\000\351\000r\000a\000t\000i\000o\000n\000\040\000d\000'\000\351\000n\000e\000r\000g\000i\000e\000\040\000e\000t\000\040\000r\000\351\000s\000i\000l\000i\000e\000n\000c\000e}{section.2.1}% 27
\BOOKMARK [2][-]{subsection.2.1.5}{\376\377\0002\000.\0001\000.\0005\000\040\000S\000y\000n\000t\000h\000\350\000s\000e\000\040\000t\000a\000x\000o\000n\000o\000m\000i\000q\000u\000e\000\040\000d\000u\000\040\000r\000o\000u\000t\000a\000g\000e\000\040\000d\000a\000n\000s\000\040\000l\000e\000s\000\040\000W\000S\000N}{section.2.1}% 28
\BOOKMARK [1][-]{section.2.2}{\376\377\0002\000.\0002\000\040\000A\000p\000p\000r\000e\000n\000t\000i\000s\000s\000a\000g\000e\000\040\000p\000a\000r\000\040\000r\000e\000n\000f\000o\000r\000c\000e\000m\000e\000n\000t\000\040\000e\000t\000\040\000r\000\351\000s\000e\000a\000u\000x\000\040\000d\000e\000\040\000n\000e\000u\000r\000o\000n\000e\000s\000\040\000d\000e\000\040\000g\000r\000a\000p\000h\000e\000s\000\040\000p\000o\000u\000r\000\040\000l\000e\000s\000\040\000r\000\351\000s\000e\000a\000u\000x}{chapter.2}% 29
\BOOKMARK [2][-]{subsection.2.2.1}{\376\377\0002\000.\0002\000.\0001\000\040\000A\000p\000p\000r\000e\000n\000t\000i\000s\000s\000a\000g\000e\000\040\000p\000a\000r\000\040\000r\000e\000n\000f\000o\000r\000c\000e\000m\000e\000n\000t\000\040\000m\000u\000l\000t\000i\000-\000a\000g\000e\000n\000t\000\040\000\050\000M\000A\000R\000L\000\051}{section.2.2}% 30
\BOOKMARK [2][-]{subsection.2.2.2}{\376\377\0002\000.\0002\000.\0002\000\040\000R\000\351\000s\000e\000a\000u\000x\000\040\000d\000e\000\040\000n\000e\000u\000r\000o\000n\000e\000s\000\040\000d\000e\000\040\000g\000r\000a\000p\000h\000e\000s\000\040\000\050\000G\000N\000N\000\051}{section.2.2}% 31
\BOOKMARK [2][-]{subsection.2.2.3}{\376\377\0002\000.\0002\000.\0003\000\040\000A\000p\000p\000r\000e\000n\000t\000i\000s\000s\000a\000g\000e\000\040\000p\000a\000r\000\040\000r\000e\000n\000f\000o\000r\000c\000e\000m\000e\000n\000t\000\040\000p\000r\000o\000f\000o\000n\000d\000\040\000p\000o\000u\000r\000\040\000l\000e\000\040\000r\000o\000u\000t\000a\000g\000e}{section.2.2}% 32
\BOOKMARK [2][-]{subsection.2.2.4}{\376\377\0002\000.\0002\000.\0004\000\040\000S\000y\000n\000t\000h\000\350\000s\000e\000\040\000c\000o\000m\000p\000a\000r\000a\000t\000i\000v\000e\000\040\000d\000e\000s\000\040\000a\000p\000p\000r\000o\000c\000h\000e\000s\000\040\000M\000A\000R\000L\000\040\000e\000t\000\040\000D\000R\000L}{section.2.2}% 33
\BOOKMARK [1][-]{section.2.3}{\376\377\0002\000.\0003\000\040\000I\000n\000t\000e\000l\000l\000i\000g\000e\000n\000c\000e\000\040\000e\000m\000b\000a\000r\000q\000u\000\351\000e\000\040\000e\000t\000\040\000T\000i\000n\000y\000M\000L\000\040\000p\000o\000u\000r\000\040\000l\000e\000s\000\040\000r\000\351\000s\000e\000a\000u\000x\000\040\000d\000e\000\040\000c\000a\000p\000t\000e\000u\000r\000s}{chapter.2}% 34
\BOOKMARK [2][-]{subsection.2.3.1}{\376\377\0002\000.\0003\000.\0001\000\040\000L\000e\000\040\000p\000a\000r\000a\000d\000i\000g\000m\000e\000\040\000T\000i\000n\000y\000M\000L}{section.2.3}% 35
\BOOKMARK [2][-]{subsection.2.3.2}{\376\377\0002\000.\0003\000.\0002\000\040\000P\000e\000r\000t\000i\000n\000e\000n\000c\000e\000\040\000p\000o\000u\000r\000\040\000c\000e\000t\000t\000e\000\040\000t\000h\000\350\000s\000e}{section.2.3}% 36
\BOOKMARK [1][-]{section.2.4}{\376\377\0002\000.\0004\000\040\000D\000u\000r\000a\000b\000i\000l\000i\000t\000\351\000\040\000c\000a\000r\000b\000o\000n\000e\000\040\000d\000a\000n\000s\000\040\000l\000e\000s\000\040\000T\000I\000C}{chapter.2}% 37
\BOOKMARK [2][-]{subsection.2.4.1}{\376\377\0002\000.\0004\000.\0001\000\040\000A\000n\000a\000l\000y\000s\000e\000\040\000d\000u\000\040\000c\000y\000c\000l\000e\000\040\000d\000e\000\040\000v\000i\000e\000\040\000\050\000A\000C\000V\000\051}{section.2.4}% 38
\BOOKMARK [2][-]{subsection.2.4.2}{\376\377\0002\000.\0004\000.\0002\000\040\000O\000p\000t\000i\000m\000i\000s\000a\000t\000i\000o\000n\000\040\000d\000e\000\040\000L\000y\000a\000p\000u\000n\000o\000v\000\040\000p\000o\000u\000r\000\040\000l\000e\000s\000\040\000s\000y\000s\000t\000\350\000m\000e\000s\000\040\000e\000n\000\040\000r\000\351\000s\000e\000a\000u}{section.2.4}% 39
\BOOKMARK [2][-]{subsection.2.4.3}{\376\377\0002\000.\0004\000.\0003\000\040\000I\000n\000t\000e\000n\000s\000i\000t\000\351\000\040\000c\000a\000r\000b\000o\000n\000e\000\040\000d\000e\000s\000\040\000r\000\351\000s\000e\000a\000u\000x\000\040\000\351\000l\000e\000c\000t\000r\000i\000q\000u\000e\000s}{section.2.4}% 40
\BOOKMARK [2][-]{subsection.2.4.4}{\376\377\0002\000.\0004\000.\0004\000\040\000T\000r\000a\000v\000a\000u\000x\000\040\000r\000\351\000c\000e\000n\000t\000s\000\040\000s\000u\000r\000\040\000l\000'\000e\000m\000p\000r\000e\000i\000n\000t\000e\000\040\000c\000a\000r\000b\000o\000n\000e\000\040\000d\000e\000s\000\040\000s\000y\000s\000t\000\350\000m\000e\000s\000\040\000n\000u\000m\000\351\000r\000i\000q\000u\000e\000s\000\040\000\050\0002\0000\0002\0004\040\023\0002\0000\0002\0006\000\051}{section.2.4}% 41
\BOOKMARK [2][-]{subsection.2.4.5}{\376\377\0002\000.\0004\000.\0005\000\040\000R\000\351\000s\000e\000a\000u\000x\000\040\000v\000e\000r\000t\000s\000\040\000e\000t\000\040\000c\000o\000m\000m\000u\000n\000i\000c\000a\000t\000i\000o\000n\000\040\000\351\000c\000o\000\351\000n\000e\000r\000g\000\351\000t\000i\000q\000u\000e}{section.2.4}% 42
\BOOKMARK [2][-]{subsection.2.4.6}{\376\377\0002\000.\0004\000.\0006\000\040\000S\000y\000n\000t\000h\000\350\000s\000e\000\040\000c\000o\000m\000p\000a\000r\000a\000t\000i\000v\000e\000\040\000d\000e\000s\000\040\000a\000p\000p\000r\000o\000c\000h\000e\000s\000\040\000d\000e\000\040\000d\000u\000r\000a\000b\000i\000l\000i\000t\000\351\000\040\000d\000a\000n\000s\000\040\000l\000e\000s\000\040\000r\000\351\000s\000e\000a\000u\000x}{section.2.4}% 43
\BOOKMARK [1][-]{section.2.5}{\376\377\0002\000.\0005\000\040\000S\000\351\000c\000u\000r\000i\000t\000\351\000\040\000e\000t\000\040\000c\000o\000n\000f\000i\000a\000n\000c\000e\000\040\000d\000a\000n\000s\000\040\000l\000e\000s\000\040\000s\000y\000s\000t\000\350\000m\000e\000s\000\040\000a\000u\000t\000o\000n\000o\000m\000e\000s}{chapter.2}% 44
\BOOKMARK [2][-]{subsection.2.5.1}{\376\377\0002\000.\0005\000.\0001\000\040\000A\000p\000p\000r\000e\000n\000t\000i\000s\000s\000a\000g\000e\000\040\000p\000a\000r\000\040\000r\000e\000n\000f\000o\000r\000c\000e\000m\000e\000n\000t\000\040\000s\000\373\000r\000\040\000\050\000S\000a\000f\000e\000\040\000R\000L\000\051}{section.2.5}% 45
\BOOKMARK [2][-]{subsection.2.5.2}{\376\377\0002\000.\0005\000.\0002\000\040\000V\000\351\000r\000i\000f\000i\000c\000a\000t\000i\000o\000n\000\040\000f\000o\000r\000m\000e\000l\000l\000e\000\040\000d\000e\000s\000\040\000s\000y\000s\000t\000\350\000m\000e\000s\000\040\000a\000u\000t\000o\000n\000o\000m\000e\000s}{section.2.5}% 46
\BOOKMARK [2][-]{subsection.2.5.3}{\376\377\0002\000.\0005\000.\0003\000\040\000A\000t\000t\000a\000q\000u\000e\000s\000\040\000a\000d\000v\000e\000r\000s\000a\000r\000i\000a\000l\000e\000s\000\040\000s\000u\000r\000\040\000l\000e\000s\000\040\000p\000o\000l\000i\000t\000i\000q\000u\000e\000s\000\040\000d\000'\000a\000p\000p\000r\000e\000n\000t\000i\000s\000s\000a\000g\000e\000\040\000p\000a\000r\000\040\000r\000e\000n\000f\000o\000r\000c\000e\000m\000e\000n\000t}{section.2.5}% 47
\BOOKMARK [2][-]{subsection.2.5.4}{\376\377\0002\000.\0005\000.\0004\000\040\000A\000r\000c\000h\000i\000t\000e\000c\000t\000u\000r\000e\000\040\000z\000\351\000r\000o\000-\000c\000o\000n\000f\000i\000a\000n\000c\000e\000\040\000\050\000Z\000e\000r\000o\000-\000T\000r\000u\000s\000t\000\051}{section.2.5}% 48
\BOOKMARK [2][-]{subsection.2.5.5}{\376\377\0002\000.\0005\000.\0005\000\040\000Q\000u\000a\000n\000t\000i\000f\000i\000c\000a\000t\000i\000o\000n\000\040\000d\000'\000i\000n\000c\000e\000r\000t\000i\000t\000u\000d\000e}{section.2.5}% 49
\BOOKMARK [2][-]{subsection.2.5.6}{\376\377\0002\000.\0005\000.\0006\000\040\000S\000y\000n\000t\000h\000\350\000s\000e\000\040\000c\000o\000m\000p\000a\000r\000a\000t\000i\000v\000e\000\040\000d\000e\000s\000\040\000a\000p\000p\000r\000o\000c\000h\000e\000s\000\040\000d\000e\000\040\000s\000\351\000c\000u\000r\000i\000t\000\351\000\040\000p\000o\000u\000r\000\040\000l\000e\000s\000\040\000s\000y\000s\000t\000\350\000m\000e\000s\000\040\000a\000u\000t\000o\000n\000o\000m\000e\000s}{section.2.5}% 50
\BOOKMARK [1][-]{section.2.6}{\376\377\0002\000.\0006\000\040\000T\000e\000c\000h\000n\000o\000l\000o\000g\000i\000e\000s\000\040\000h\000a\000b\000i\000l\000i\000t\000a\000n\000t\000e\000s\000\040\0006\000G}{chapter.2}% 51
\BOOKMARK [2][-]{subsection.2.6.1}{\376\377\0002\000.\0006\000.\0001\000\040\000C\000o\000m\000m\000u\000n\000i\000c\000a\000t\000i\000o\000n\000\040\000s\000u\000b\000-\000t\000\351\000r\000a\000h\000e\000r\000t\000z}{section.2.6}% 52
\BOOKMARK [2][-]{subsection.2.6.2}{\376\377\0002\000.\0006\000.\0002\000\040\000S\000u\000r\000f\000a\000c\000e\000s\000\040\000i\000n\000t\000e\000l\000l\000i\000g\000e\000n\000t\000e\000s\000\040\000r\000e\000c\000o\000n\000f\000i\000g\000u\000r\000a\000b\000l\000e\000s\000\040\000\050\000R\000I\000S\000\051}{section.2.6}% 53
\BOOKMARK [2][-]{subsection.2.6.3}{\376\377\0002\000.\0006\000.\0003\000\040\000D\000\351\000t\000e\000c\000t\000i\000o\000n\040\023\000c\000o\000m\000m\000u\000n\000i\000c\000a\000t\000i\000o\000n\000\040\000i\000n\000t\000\351\000g\000r\000\351\000e\000\040\000\050\000I\000S\000A\000C\000\051}{section.2.6}% 54
\BOOKMARK [2][-]{subsection.2.6.4}{\376\377\0002\000.\0006\000.\0004\000\040\000A\000r\000c\000h\000i\000t\000e\000c\000t\000u\000r\000e\000\040\000O\000-\000R\000A\000N}{section.2.6}% 55
\BOOKMARK [2][-]{subsection.2.6.5}{\376\377\0002\000.\0006\000.\0005\000\040\000T\000r\000a\000v\000a\000u\000x\000\040\000r\000\351\000c\000e\000n\000t\000s\000\040\000s\000u\000r\000\040\000l\000e\000\040\0006\000G\000\040\000p\000o\000u\000r\000\040\000l\000a\000\040\000g\000e\000s\000t\000i\000o\000n\000\040\000d\000e\000s\000\040\000c\000a\000t\000a\000s\000t\000r\000o\000p\000h\000e\000s\000\040\000\050\0002\0000\0002\0004\040\023\0002\0000\0002\0006\000\051}{section.2.6}% 56
\BOOKMARK [2][-]{subsection.2.6.6}{\376\377\0002\000.\0006\000.\0006\000\040\000S\000y\000n\000t\000h\000\350\000s\000e\000\040\000c\000o\000m\000p\000a\000r\000a\000t\000i\000v\000e\000\040\000d\000e\000s\000\040\000t\000e\000c\000h\000n\000o\000l\000o\000g\000i\000e\000s\000\040\0006\000G\000\040\000p\000o\000u\000r\000\040\000l\000e\000s\000\040\000W\000S\000N}{section.2.6}% 57
\BOOKMARK [1][-]{section.2.7}{\376\377\0002\000.\0007\000\040\000P\000a\000r\000a\000d\000i\000g\000m\000e\000s\000\040\000\351\000m\000e\000r\000g\000e\000n\000t\000s\000\040\000p\000o\000u\000r\000\040\000l\000e\000s\000\040\000W\000S\000N\000\040\000i\000n\000t\000e\000l\000l\000i\000g\000e\000n\000t\000s}{chapter.2}% 58
\BOOKMARK [2][-]{subsection.2.7.1}{\376\377\0002\000.\0007\000.\0001\000\040\000A\000p\000p\000r\000e\000n\000t\000i\000s\000s\000a\000g\000e\000\040\000f\000\351\000d\000\351\000r\000\351\000\040\000p\000o\000u\000r\000\040\000l\000e\000s\000\040\000r\000\351\000s\000e\000a\000u\000x\000\040\000d\000e\000\040\000c\000a\000p\000t\000e\000u\000r\000s}{section.2.7}% 59
\BOOKMARK [2][-]{subsection.2.7.2}{\376\377\0002\000.\0007\000.\0002\000\040\000J\000u\000m\000e\000a\000u\000x\000\040\000n\000u\000m\000\351\000r\000i\000q\000u\000e\000s\000\040\000p\000o\000u\000r\000\040\000l\000a\000\040\000g\000e\000s\000t\000i\000o\000n\000\040\000d\000e\000s\000\040\000r\000\351\000s\000e\000a\000u\000x}{section.2.7}% 60
\BOOKMARK [2][-]{subsection.2.7.3}{\376\377\0002\000.\0007\000.\0003\000\040\000C\000o\000m\000m\000u\000n\000i\000c\000a\000t\000i\000o\000n\000\040\000s\000\351\000m\000a\000n\000t\000i\000q\000u\000e\000\040\000p\000o\000u\000r\000\040\000l\000'\000I\000o\000T}{section.2.7}% 61
\BOOKMARK [1][-]{section.2.8}{\376\377\0002\000.\0008\000\040\000T\000a\000b\000l\000e\000a\000u\000\040\000r\000\351\000c\000a\000p\000i\000t\000u\000l\000a\000t\000i\000f\000\040\000d\000e\000s\000\040\000l\000a\000c\000u\000n\000e\000s}{chapter.2}% 62
\BOOKMARK [1][-]{section.2.9}{\376\377\0002\000.\0009\000\040\000S\000y\000n\000t\000h\000\350\000s\000e\000\040\000e\000t\000\040\000l\000a\000c\000u\000n\000e\000s\000\040\000i\000d\000e\000n\000t\000i\000f\000i\000\351\000e\000s}{chapter.2}% 63
\BOOKMARK [0][-]{chapter.3}{\376\377\0003\000\040\000D\000\311\000M\000A\000R\000C\000H\000E\000\040\000D\000E\000\040\000L\000'\000E\000N\000S\000E\000M\000B\000L\000E\000\040\000D\000U\000\040\000T\000R\000A\000V\000A\000I\000L\000\040\000D\000E\000\040\000R\000E\000C\000H\000E\000R\000C\000H\000E}{}% 64
\BOOKMARK [1][-]{section.3.1}{\376\377\0003\000.\0001\000\040\000L\000o\000g\000i\000q\000u\000e\000\040\000d\000'\000e\000n\000s\000e\000m\000b\000l\000e\000\040\000d\000e\000\040\000l\000a\000\040\000r\000e\000c\000h\000e\000r\000c\000h\000e}{chapter.3}% 65
\BOOKMARK [1][-]{section.3.2}{\376\377\0003\000.\0002\000\040\000C\000a\000d\000r\000e\000\040\000m\000\351\000t\000h\000o\000d\000o\000l\000o\000g\000i\000q\000u\000e}{chapter.3}% 66
\BOOKMARK [1][-]{section.3.3}{\376\377\0003\000.\0003\000\040\000P\000r\000o\000t\000o\000c\000o\000l\000e\000\040\000e\000x\000p\000\351\000r\000i\000m\000e\000n\000t\000a\000l\000\040\000c\000o\000m\000m\000u\000n}{chapter.3}% 67
\BOOKMARK [2][-]{subsection.3.3.1}{\376\377\0003\000.\0003\000.\0001\000\040\000M\000o\000d\000\350\000l\000e\000\040\000\351\000n\000e\000r\000g\000\351\000t\000i\000q\000u\000e\000\040\000d\000e\000\040\000p\000r\000e\000m\000i\000e\000r\000\040\000o\000r\000d\000r\000e}{section.3.3}% 68
\BOOKMARK [2][-]{subsection.3.3.2}{\376\377\0003\000.\0003\000.\0002\000\040\000M\000o\000d\000\350\000l\000e\000\040\000d\000e\000\040\000c\000a\000t\000a\000s\000t\000r\000o\000p\000h\000e}{section.3.3}% 69
\BOOKMARK [2][-]{subsection.3.3.3}{\376\377\0003\000.\0003\000.\0003\000\040\000D\000o\000n\000n\000\351\000e\000s\000\040\000d\000e\000\040\000r\000\351\000f\000\351\000r\000e\000n\000c\000e}{section.3.3}% 70
\BOOKMARK [2][-]{subsection.3.3.4}{\376\377\0003\000.\0003\000.\0004\000\040\000P\000r\000o\000t\000o\000c\000o\000l\000e\000s\000\040\000d\000e\000\040\000r\000\351\000f\000\351\000r\000e\000n\000c\000e\000\040\000\050\000b\000a\000s\000e\000l\000i\000n\000e\000s\000\051}{section.3.3}% 71
\BOOKMARK [1][-]{section.3.4}{\376\377\0003\000.\0004\000\040\000F\000o\000n\000d\000e\000m\000e\000n\000t\000s\000\040\000t\000h\000\351\000o\000r\000i\000q\000u\000e\000s\000\040\000d\000e\000\040\000l\000a\000\040\000f\000o\000r\000m\000u\000l\000a\000t\000i\000o\000n}{chapter.3}% 72
\BOOKMARK [1][-]{section.3.5}{\376\377\0003\000.\0005\000\040\000C\000a\000d\000r\000e\000\040\000s\000t\000a\000t\000i\000s\000t\000i\000q\000u\000e\000\040\000e\000t\000\040\000r\000e\000p\000r\000o\000d\000u\000c\000t\000i\000b\000i\000l\000i\000t\000\351}{chapter.3}% 73
\BOOKMARK [2][-]{subsection.3.5.1}{\376\377\0003\000.\0005\000.\0001\000\040\000G\000r\000a\000i\000n\000e\000s\000\040\000a\000l\000\351\000a\000t\000o\000i\000r\000e\000s\000\040\000e\000t\000\040\000r\000\351\000p\000\351\000t\000i\000t\000i\000o\000n\000s}{section.3.5}% 74
\BOOKMARK [2][-]{subsection.3.5.2}{\376\377\0003\000.\0005\000.\0002\000\040\000T\000e\000s\000t\000s\000\040\000s\000t\000a\000t\000i\000s\000t\000i\000q\000u\000e\000s}{section.3.5}% 75
\BOOKMARK [2][-]{subsection.3.5.3}{\376\377\0003\000.\0005\000.\0003\000\040\000I\000n\000t\000e\000r\000v\000a\000l\000l\000e\000s\000\040\000d\000e\000\040\000c\000o\000n\000f\000i\000a\000n\000c\000e\000\040\000e\000t\000\040\000m\000\351\000t\000r\000i\000q\000u\000e\000s\000\040\000r\000a\000p\000p\000o\000r\000t\000\351\000e\000s}{section.3.5}% 76
\BOOKMARK [2][-]{subsection.3.5.4}{\376\377\0003\000.\0005\000.\0004\000\040\000R\000e\000p\000r\000o\000d\000u\000c\000t\000i\000b\000i\000l\000i\000t\000\351}{section.3.5}% 77
\BOOKMARK [1][-]{section.3.6}{\376\377\0003\000.\0006\000\040\000S\000t\000r\000a\000t\000\351\000g\000i\000e\000\040\000d\000e\000\040\000v\000a\000l\000i\000d\000a\000t\000i\000o\000n\000\040\000e\000t\000\040\000c\000a\000l\000i\000b\000r\000a\000t\000i\000o\000n}{chapter.3}% 78
\BOOKMARK [1][-]{section.3.7}{\376\377\0003\000.\0007\000\040\000M\000o\000d\000\350\000l\000e\000\040\000d\000e\000\040\000m\000e\000n\000a\000c\000e\000s\000\040\000e\000t\000\040\000h\000y\000p\000o\000t\000h\000\350\000s\000e\000s\000\040\000d\000e\000\040\000s\000\351\000c\000u\000r\000i\000t\000\351}{chapter.3}% 79
\BOOKMARK [1][-]{section.3.8}{\376\377\0003\000.\0008\000\040\000A\000r\000t\000i\000c\000l\000e\000\040\0001\000\040\040\024\000\040\000G\000A\000P\000F\000\040\000:\000\040\000l\000e\000s\000\040\000f\000o\000n\000d\000a\000t\000i\000o\000n\000s\000\040\000d\000u\000\040\000r\000o\000u\000t\000a\000g\000e\000\040\000i\000n\000t\000e\000l\000l\000i\000g\000e\000n\000t}{chapter.3}% 80
\BOOKMARK [1][-]{section.3.9}{\376\377\0003\000.\0009\000\040\000E\000n\000v\000i\000r\000o\000n\000n\000e\000m\000e\000n\000t\000\040\000d\000e\000\040\000s\000i\000m\000u\000l\000a\000t\000i\000o\000n}{chapter.3}% 81
\BOOKMARK [2][-]{subsection.3.9.1}{\376\377\0003\000.\0009\000.\0001\000\040\000A\000r\000c\000h\000i\000t\000e\000c\000t\000u\000r\000e\000\040\000l\000o\000g\000i\000c\000i\000e\000l\000l\000e}{section.3.9}% 82
\BOOKMARK [2][-]{subsection.3.9.2}{\376\377\0003\000.\0009\000.\0002\000\040\000P\000a\000r\000a\000m\000\351\000t\000r\000a\000g\000e\000\040\000d\000e\000s\000\040\000s\000c\000\351\000n\000a\000r\000i\000o\000s}{section.3.9}% 83
\BOOKMARK [2][-]{subsection.3.9.3}{\376\377\0003\000.\0009\000.\0003\000\040\000A\000n\000a\000l\000y\000s\000e\000\040\000d\000e\000\040\000c\000o\000m\000p\000l\000e\000x\000i\000t\000\351\000\040\000a\000l\000g\000o\000r\000i\000t\000h\000m\000i\000q\000u\000e}{section.3.9}% 84
\BOOKMARK [2][-]{subsection.3.9.4}{\376\377\0003\000.\0009\000.\0004\000\040\000E\000s\000p\000a\000c\000e\000s\000\040\000d\000'\000\351\000t\000a\000t\000,\000\040\000d\000'\000a\000c\000t\000i\000o\000n\000\040\000e\000t\000\040\000d\000e\000\040\000r\000\351\000c\000o\000m\000p\000e\000n\000s\000e}{section.3.9}% 85
\BOOKMARK [2][-]{subsection.3.9.5}{\376\377\0003\000.\0009\000.\0005\000\040\000P\000r\000o\000c\000\351\000d\000u\000r\000e\000\040\000d\000'\000e\000n\000t\000r\000a\000\356\000n\000e\000m\000e\000n\000t\000\040\000e\000t\000\040\000c\000o\000n\000v\000e\000r\000g\000e\000n\000c\000e}{section.3.9}% 86
\BOOKMARK [1][-]{section.3.10}{\376\377\0003\000.\0001\0000\000\040\000J\000u\000s\000t\000i\000f\000i\000c\000a\000t\000i\000o\000n\000\040\000d\000e\000s\000\040\000c\000h\000o\000i\000x\000\040\000d\000'\000h\000y\000p\000e\000r\000p\000a\000r\000a\000m\000\350\000t\000r\000e\000s}{chapter.3}% 87
\BOOKMARK [1][-]{section.3.11}{\376\377\0003\000.\0001\0001\000\040\000A\000r\000t\000i\000c\000l\000e\000\040\0002\000\040\040\024\000\040\000C\000A\000L\000A\000S\000H\000\040\000:\000\040\000l\000'\000e\000x\000t\000e\000n\000s\000i\000o\000n\000\040\000v\000e\000r\000s\000\040\000l\000a\000\040\000d\000u\000r\000a\000b\000i\000l\000i\000t\000\351\000\040\000c\000a\000r\000b\000o\000n\000e}{chapter.3}% 88
\BOOKMARK [1][-]{section.3.12}{\376\377\0003\000.\0001\0002\000\040\000A\000r\000t\000i\000c\000l\000e\000\040\0003\000\040\040\024\000\040\000C\000A\000S\000T\000E\000R\000-\000Z\000T\000\040\000:\000\040\000l\000a\000\040\000c\000o\000u\000c\000h\000e\000\040\000d\000e\000\040\000s\000\351\000c\000u\000r\000i\000t\000\351\000\040\000z\000\351\000r\000o\000-\000c\000o\000n\000f\000i\000a\000n\000c\000e}{chapter.3}% 89
\BOOKMARK [1][-]{section.3.13}{\376\377\0003\000.\0001\0003\000\040\000P\000r\000o\000t\000o\000c\000o\000l\000e\000\040\000d\000'\000i\000n\000t\000\351\000g\000r\000a\000t\000i\000o\000n\000\040\000i\000n\000t\000e\000r\000-\000a\000r\000t\000i\000c\000l\000e\000s}{chapter.3}% 90
\BOOKMARK [2][-]{subsection.3.13.1}{\376\377\0003\000.\0001\0003\000.\0001\000\040\000F\000l\000u\000x\000\040\000d\000e\000\040\000d\000o\000n\000n\000\351\000e\000s\000\040\000d\000e\000\040\000b\000o\000u\000t\000\040\000e\000n\000\040\000b\000o\000u\000t}{section.3.13}% 91
\BOOKMARK [2][-]{subsection.3.13.2}{\376\377\0003\000.\0001\0003\000.\0002\000\040\000S\000p\000\351\000c\000i\000f\000i\000c\000a\000t\000i\000o\000n\000s\000\040\000d\000e\000s\000\040\000i\000n\000t\000e\000r\000f\000a\000c\000e\000s}{section.3.13}% 92
\BOOKMARK [2][-]{subsection.3.13.3}{\376\377\0003\000.\0001\0003\000.\0003\000\040\000A\000n\000a\000l\000y\000s\000e\000\040\000d\000e\000\040\000l\000a\000t\000e\000n\000c\000e\000\040\000d\000e\000\040\000b\000o\000u\000t\000\040\000e\000n\000\040\000b\000o\000u\000t}{section.3.13}% 93
\BOOKMARK [2][-]{subsection.3.13.4}{\376\377\0003\000.\0001\0003\000.\0004\000\040\000B\000u\000d\000g\000e\000t\000\040\000m\000\351\000m\000o\000i\000r\000e\000\040\000d\000e\000\040\000l\000a\000\040\000p\000i\000l\000e\000\040\000c\000o\000m\000p\000l\000\350\000t\000e}{section.3.13}% 94
\BOOKMARK [2][-]{subsection.3.13.5}{\376\377\0003\000.\0001\0003\000.\0005\000\040\000S\000c\000\351\000n\000a\000r\000i\000o\000s\000\040\000d\000e\000\040\000d\000\351\000p\000l\000o\000i\000e\000m\000e\000n\000t}{section.3.13}% 95
\BOOKMARK [1][-]{section.3.14}{\376\377\0003\000.\0001\0004\000\040\000S\000y\000n\000t\000h\000\350\000s\000e\000\040\000d\000e\000\040\000l\000a\000\040\000d\000\351\000m\000a\000r\000c\000h\000e}{chapter.3}% 96
\BOOKMARK [0][-]{chapter.4}{\376\377\0004\000\040\000A\000R\000T\000I\000C\000L\000E\000\040\0001\000\040\000:\000\040\000E\000N\000E\000R\000G\000Y\000-\000E\000F\000F\000I\000C\000I\000E\000N\000T\000\040\000A\000N\000D\000\040\000N\000E\000A\000R\000\040\000R\000E\000A\000L\000-\000T\000I\000M\000E\000\040\000R\000O\000U\000T\000I\000N\000G\000\040\000A\000L\000G\000O\000R\000I\000T\000H\000M\000\040\000F\000O\000R\000\040\000D\000I\000S\000A\000S\000T\000E\000R\000\040\000M\000O\000N\000I\000T\000O\000R\000I\000N\000G\000\040\000I\000N\000\040\000W\000I\000R\000E\000L\000E\000S\000S\000\040\000S\000E\000N\000S\000O\000R\000\040\000N\000E\000T\000W\000O\000R\000K\000S}{}% 97
\BOOKMARK [1][-]{section.4.1}{\376\377\0004\000.\0001\000\040\000A\000b\000s\000t\000r\000a\000c\000t}{chapter.4}% 98
\BOOKMARK [1][-]{section.4.2}{\376\377\0004\000.\0002\000\040\000I\000n\000t\000r\000o\000d\000u\000c\000t\000i\000o\000n}{chapter.4}% 99
\BOOKMARK [1][-]{section.4.3}{\376\377\0004\000.\0003\000\040\000B\000a\000c\000k\000g\000r\000o\000u\000n\000d\000\040\000a\000n\000d\000\040\000R\000e\000l\000a\000t\000e\000d\000\040\000W\000o\000r\000k}{chapter.4}% 100
\BOOKMARK [1][-]{section.4.4}{\376\377\0004\000.\0004\000\040\000M\000e\000t\000h\000o\000d\000o\000l\000o\000g\000y}{chapter.4}% 101
\BOOKMARK [2][-]{subsection.4.4.1}{\376\377\0004\000.\0004\000.\0001\000\040\000P\000r\000o\000b\000l\000e\000m\000\040\000d\000e\000s\000c\000r\000i\000p\000t\000i\000o\000n}{section.4.4}% 102
\BOOKMARK [2][-]{subsection.4.4.2}{\376\377\0004\000.\0004\000.\0002\000\040\000T\000h\000e\000\040\000E\000n\000e\000r\000g\000y\000\040\000m\000o\000d\000e\000l}{section.4.4}% 103
\BOOKMARK [2][-]{subsection.4.4.3}{\376\377\0004\000.\0004\000.\0003\000\040\000R\000e\000w\000a\000r\000d\000\040\000S\000c\000a\000l\000a\000r\000i\000z\000a\000t\000i\000o\000n\000\040\000v\000i\000a\000\040\000M\000o\000n\000o\000t\000o\000n\000i\000c\000\040\000Q\000K\000\040\000A\000t\000t\000e\000n\000t\000i\000o\000n\000\040\000N\000e\000t\000w\000o\000r\000k}{section.4.4}% 104
\BOOKMARK [2][-]{subsection.4.4.4}{\376\377\0004\000.\0004\000.\0004\000\040\000G\000A\000P\000F\000:\000\040\000G\000r\000a\000p\000h\000-\000A\000t\000t\000e\000n\000t\000i\000v\000e\000\040\000P\000o\000l\000i\000c\000y\000\040\000F\000u\000s\000i\000o\000n}{section.4.4}% 105
\BOOKMARK [2][-]{subsection.4.4.5}{\376\377\0004\000.\0004\000.\0005\000\040\000T\000i\000m\000e\000\040\000C\000o\000m\000p\000l\000e\000x\000i\000t\000y\000\040\000A\000n\000a\000l\000y\000s\000i\000s}{section.4.4}% 106
\BOOKMARK [1][-]{section.4.5}{\376\377\0004\000.\0005\000\040\000R\000e\000s\000u\000l\000t\000s\000\040\000a\000n\000d\000\040\000D\000i\000s\000c\000u\000s\000s\000i\000o\000n}{chapter.4}% 107
\BOOKMARK [2][-]{subsection.4.5.1}{\376\377\0004\000.\0005\000.\0001\000\040\000D\000e\000p\000l\000o\000y\000m\000e\000n\000t\000\040\000F\000e\000a\000s\000i\000b\000i\000l\000i\000t\000y\000\040\000o\000n\000\040\000R\000e\000s\000o\000u\000r\000c\000e\000-\000C\000o\000n\000s\000t\000r\000a\000i\000n\000e\000d\000\040\000N\000o\000d\000e\000s}{section.4.5}% 108
\BOOKMARK [2][-]{subsection.4.5.2}{\376\377\0004\000.\0005\000.\0002\000\040\000L\000i\000m\000i\000t\000a\000t\000i\000o\000n\000s}{section.4.5}% 109
\BOOKMARK [1][-]{section.4.6}{\376\377\0004\000.\0006\000\040\000C\000o\000n\000c\000l\000u\000s\000i\000o\000n}{chapter.4}% 110
\BOOKMARK [2][-]{subsection.4.6.1}{\376\377\0004\000.\0006\000.\0001\000\040\000C\000o\000n\000t\000r\000i\000b\000u\000t\000i\000o\000n\000s\000\040\000a\000n\000d\000\040\000I\000m\000p\000a\000c\000t}{section.4.6}% 111
\BOOKMARK [2][-]{subsection.4.6.2}{\376\377\0004\000.\0006\000.\0002\000\040\000B\000r\000o\000a\000d\000e\000r\000\040\000I\000m\000p\000a\000c\000t}{section.4.6}% 112
\BOOKMARK [2][-]{subsection.4.6.3}{\376\377\0004\000.\0006\000.\0003\000\040\000F\000u\000t\000u\000r\000e\000\040\000W\000o\000r\000k}{section.4.6}% 113
\BOOKMARK [0][-]{chapter.5}{\376\377\0005\000\040\000A\000R\000T\000I\000C\000L\000E\000\040\0002\000\040\000:\000\040\000C\000A\000R\000B\000O\000N\000-\000A\000W\000A\000R\000E\000\040\000A\000U\000T\000O\000N\000O\000M\000O\000U\000S\000\040\000D\000A\000T\000A\000\040\000R\000E\000D\000U\000C\000T\000I\000O\000N\000\040\000A\000N\000D\000\040\000S\000E\000L\000F\000-\000H\000E\000A\000L\000I\000N\000G\000\040\000R\000O\000U\000T\000I\000N\000G\000\040\000F\000O\000R\000\040\0006\000G\000-\000I\000N\000T\000E\000G\000R\000A\000T\000E\000D\000\040\000D\000I\000S\000A\000S\000T\000E\000R\000\040\000S\000E\000N\000S\000O\000R\000\040\000N\000E\000T\000W\000O\000R\000K\000S\000:\000\040\000A\000\040\000L\000I\000F\000E\000C\000Y\000C\000L\000E\000-\000S\000U\000S\000T\000A\000I\000N\000A\000B\000L\000E\000\040\000A\000P\000P\000R\000O\000A\000C\000H}{}% 114
\BOOKMARK [1][-]{section.5.1}{\376\377\0005\000.\0001\000\040\000A\000b\000s\000t\000r\000a\000c\000t}{chapter.5}% 115
\BOOKMARK [1][-]{section.5.2}{\376\377\0005\000.\0002\000\040\000I\000n\000t\000r\000o\000d\000u\000c\000t\000i\000o\000n}{chapter.5}% 116
\BOOKMARK [1][-]{section.5.3}{\376\377\0005\000.\0003\000\040\000R\000e\000l\000a\000t\000e\000d\000\040\000W\000o\000r\000k}{chapter.5}% 117
\BOOKMARK [2][-]{subsection.5.3.1}{\376\377\0005\000.\0003\000.\0001\000\040\000E\000n\000e\000r\000g\000y\000-\000E\000f\000f\000i\000c\000i\000e\000n\000t\000\040\000C\000l\000u\000s\000t\000e\000r\000i\000n\000g\000\040\000P\000r\000o\000t\000o\000c\000o\000l\000s}{section.5.3}% 118
\BOOKMARK [2][-]{subsection.5.3.2}{\376\377\0005\000.\0003\000.\0002\000\040\000M\000e\000t\000a\000h\000e\000u\000r\000i\000s\000t\000i\000c\000\040\000a\000n\000d\000\040\000R\000L\000-\000B\000a\000s\000e\000d\000\040\000R\000o\000u\000t\000i\000n\000g}{section.5.3}% 119
\BOOKMARK [2][-]{subsection.5.3.3}{\376\377\0005\000.\0003\000.\0003\000\040\000C\000a\000r\000b\000o\000n\000-\000A\000w\000a\000r\000e\000\040\000N\000e\000t\000w\000o\000r\000k\000i\000n\000g}{section.5.3}% 120
\BOOKMARK [2][-]{subsection.5.3.4}{\376\377\0005\000.\0003\000.\0004\000\040\000D\000i\000s\000a\000s\000t\000e\000r\000-\000R\000e\000s\000i\000l\000i\000e\000n\000t\000\040\000W\000S\000N\000s\000\040\000a\000n\000d\000\040\000L\000i\000f\000e\000c\000y\000c\000l\000e\000\040\000A\000s\000s\000e\000s\000s\000m\000e\000n\000t}{section.5.3}% 121
\BOOKMARK [1][-]{section.5.4}{\376\377\0005\000.\0004\000\040\000M\000e\000t\000h\000o\000d\000o\000l\000o\000g\000y}{chapter.5}% 122
\BOOKMARK [2][-]{subsection.5.4.1}{\376\377\0005\000.\0004\000.\0001\000\040\000S\000y\000s\000t\000e\000m\000\040\000M\000o\000d\000e\000l}{section.5.4}% 123
\BOOKMARK [2][-]{subsection.5.4.2}{\376\377\0005\000.\0004\000.\0002\000\040\000P\000r\000o\000b\000l\000e\000m\000\040\000F\000o\000r\000m\000u\000l\000a\000t\000i\000o\000n}{section.5.4}% 124
\BOOKMARK [2][-]{subsection.5.4.3}{\376\377\0005\000.\0004\000.\0003\000\040\000C\000A\000L\000A\000S\000H\000\040\000F\000r\000a\000m\000e\000w\000o\000r\000k}{section.5.4}% 125
\BOOKMARK [2][-]{subsection.5.4.4}{\376\377\0005\000.\0004\000.\0004\000\040\0006\000G\000\040\000E\000n\000a\000b\000l\000i\000n\000g\000\040\000T\000e\000c\000h\000n\000o\000l\000o\000g\000i\000e\000s}{section.5.4}% 126
\BOOKMARK [2][-]{subsection.5.4.5}{\376\377\0005\000.\0004\000.\0005\000\040\000T\000h\000e\000o\000r\000e\000t\000i\000c\000a\000l\000\040\000G\000u\000a\000r\000a\000n\000t\000e\000e\000:\000\040\000C\000D\000L\000\040\000P\000a\000r\000e\000t\000o\000\040\000B\000o\000u\000n\000d}{section.5.4}% 127
\BOOKMARK [1][-]{section.5.5}{\376\377\0005\000.\0005\000\040\000R\000e\000s\000u\000l\000t\000s\000\040\000a\000n\000d\000\040\000D\000i\000s\000c\000u\000s\000s\000i\000o\000n}{chapter.5}% 128
\BOOKMARK [2][-]{subsection.5.5.1}{\376\377\0005\000.\0005\000.\0001\000\040\000D\000a\000t\000a\000\040\000P\000r\000o\000v\000e\000n\000a\000n\000c\000e\000\040\000a\000n\000d\000\040\000R\000e\000p\000r\000o\000d\000u\000c\000i\000b\000i\000l\000i\000t\000y}{section.5.5}% 129
\BOOKMARK [2][-]{subsection.5.5.2}{\376\377\0005\000.\0005\000.\0002\000\040\000E\000x\000p\000e\000r\000i\000m\000e\000n\000t\000a\000l\000\040\000S\000e\000t\000u\000p}{section.5.5}% 130
\BOOKMARK [2][-]{subsection.5.5.3}{\376\377\0005\000.\0005\000.\0003\000\040\000D\000Q\000N\000\040\000T\000r\000a\000i\000n\000i\000n\000g\000\040\000H\000y\000p\000e\000r\000p\000a\000r\000a\000m\000e\000t\000e\000r\000s}{section.5.5}% 131
\BOOKMARK [2][-]{subsection.5.5.4}{\376\377\0005\000.\0005\000.\0004\000\040\000T\000i\000m\000e\000\040\000C\000o\000m\000p\000l\000e\000x\000i\000t\000y\000\040\000A\000n\000a\000l\000y\000s\000i\000s}{section.5.5}% 132
\BOOKMARK [2][-]{subsection.5.5.5}{\376\377\0005\000.\0005\000.\0005\000\040\000D\000i\000s\000c\000u\000s\000s\000i\000o\000n\000\040\000o\000f\000\040\000R\000e\000s\000u\000l\000t\000s}{section.5.5}% 133
\BOOKMARK [1][-]{section.5.6}{\376\377\0005\000.\0006\000\040\000C\000o\000n\000c\000l\000u\000s\000i\000o\000n}{chapter.5}% 134
\BOOKMARK [0][-]{chapter.6}{\376\377\0006\000\040\000A\000R\000T\000I\000C\000L\000E\000\040\0003\000\040\000:\000\040\000Z\000E\000R\000O\000-\000T\000R\000U\000S\000T\000\040\000S\000H\000I\000E\000L\000D\000E\000D\000\040\000G\000R\000A\000P\000H\000-\000S\000T\000R\000U\000C\000T\000U\000R\000E\000D\000\040\000D\000E\000C\000I\000S\000I\000O\000N\000\040\000C\000O\000N\000T\000R\000O\000L\000\040\000F\000O\000R\000\040\000S\000E\000C\000U\000R\000E\000\040\000A\000U\000T\000O\000N\000O\000M\000O\000U\000S\000\040\000R\000E\000C\000O\000V\000E\000R\000Y\000\040\000I\000N\000\040\000A\000I\000-\000N\000A\000T\000I\000V\000E\000\040\0006\000G\000\040\000D\000I\000S\000A\000S\000T\000E\000R\000-\000M\000O\000N\000I\000T\000O\000R\000I\000N\000G\000\040\000S\000E\000N\000S\000I\000N\000G\000\040\000N\000E\000T\000W\000O\000R\000K\000S}{}% 135
\BOOKMARK [1][-]{section.6.1}{\376\377\0006\000.\0001\000\040\000A\000b\000s\000t\000r\000a\000c\000t}{chapter.6}% 136
\BOOKMARK [1][-]{section.6.2}{\376\377\0006\000.\0002\000\040\000I\000n\000t\000r\000o\000d\000u\000c\000t\000i\000o\000n}{chapter.6}% 137
\BOOKMARK [1][-]{section.6.3}{\376\377\0006\000.\0003\000\040\000R\000e\000l\000a\000t\000e\000d\000\040\000W\000o\000r\000k}{chapter.6}% 138
\BOOKMARK [2][-]{subsection.6.3.1}{\376\377\0006\000.\0003\000.\0001\000\040\000G\000r\000a\000p\000h\000\040\000l\000e\000a\000r\000n\000i\000n\000g\000\040\000f\000o\000r\000\040\000s\000t\000r\000u\000c\000t\000u\000r\000e\000d\000\040\000n\000e\000t\000w\000o\000r\000k\000\040\000d\000e\000c\000i\000s\000i\000o\000n\000\040\000m\000a\000k\000i\000n\000g}{section.6.3}% 139
\BOOKMARK [2][-]{subsection.6.3.2}{\376\377\0006\000.\0003\000.\0002\000\040\000A\000d\000v\000e\000r\000s\000a\000r\000i\000a\000l\000\040\000r\000o\000b\000u\000s\000t\000n\000e\000s\000s\000\040\000f\000o\000r\000\040\000g\000r\000a\000p\000h\000\040\000m\000o\000d\000e\000l\000s}{section.6.3}% 140
\BOOKMARK [2][-]{subsection.6.3.3}{\376\377\0006\000.\0003\000.\0003\000\040\000S\000a\000f\000e\000,\000\040\000s\000h\000i\000e\000l\000d\000e\000d\000,\000\040\000a\000n\000d\000\040\000c\000o\000n\000s\000t\000r\000a\000i\000n\000e\000d\000\040\000l\000e\000a\000r\000n\000i\000n\000g}{section.6.3}% 141
\BOOKMARK [2][-]{subsection.6.3.4}{\376\377\0006\000.\0003\000.\0004\000\040\000U\000n\000c\000e\000r\000t\000a\000i\000n\000t\000y\000,\000\040\000c\000a\000l\000i\000b\000r\000a\000t\000i\000o\000n\000,\000\040\000a\000n\000d\000\040\000s\000e\000l\000e\000c\000t\000i\000v\000e\000\040\000p\000r\000e\000d\000i\000c\000t\000i\000o\000n}{section.6.3}% 142
\BOOKMARK [2][-]{subsection.6.3.5}{\376\377\0006\000.\0003\000.\0005\000\040\000R\000e\000s\000i\000l\000i\000e\000n\000t\000\040\000s\000e\000n\000s\000i\000n\000g\000,\000\040\000d\000i\000s\000a\000s\000t\000e\000r\000\040\000m\000o\000n\000i\000t\000o\000r\000i\000n\000g\000,\000\040\000a\000n\000d\000\040\000s\000e\000c\000u\000r\000i\000t\000y\000\040\000d\000a\000t\000a\000s\000e\000t\000s}{section.6.3}% 143
\BOOKMARK [2][-]{subsection.6.3.6}{\376\377\0006\000.\0003\000.\0006\000\040\000A\000I\000-\000n\000a\000t\000i\000v\000e\000\040\000n\000e\000t\000w\000o\000r\000k\000\040\000c\000o\000n\000t\000e\000x\000t\000,\000\040\0006\000G\000\040\000t\000r\000e\000n\000d\000s\000,\000\040\000a\000n\000d\000\040\000a\000g\000e\000n\000t\000i\000c\000\040\000A\000I}{section.6.3}% 144
\BOOKMARK [2][-]{subsection.6.3.7}{\376\377\0006\000.\0003\000.\0007\000\040\000Z\000e\000r\000o\000-\000t\000r\000u\000s\000t\000\040\000a\000r\000c\000h\000i\000t\000e\000c\000t\000u\000r\000e}{section.6.3}% 145
\BOOKMARK [2][-]{subsection.6.3.8}{\376\377\0006\000.\0003\000.\0008\000\040\000A\000I\000\040\000s\000a\000f\000e\000t\000y\000\040\000g\000o\000v\000e\000r\000n\000a\000n\000c\000e\000\040\000a\000n\000d\000\040\000r\000e\000g\000u\000l\000a\000t\000o\000r\000y\000\040\000l\000a\000n\000d\000s\000c\000a\000p\000e}{section.6.3}% 146
\BOOKMARK [2][-]{subsection.6.3.9}{\376\377\0006\000.\0003\000.\0009\000\040\000M\000o\000d\000e\000l\000-\000s\000p\000a\000c\000e\000\040\000c\000o\000m\000p\000a\000r\000i\000s\000o\000n\000\040\000a\000n\000d\000\040\000p\000o\000s\000i\000t\000i\000o\000n\000i\000n\000g}{section.6.3}% 147
\BOOKMARK [2][-]{subsection.6.3.10}{\376\377\0006\000.\0003\000.\0001\0000\000\040\000S\000y\000n\000t\000h\000e\000s\000i\000s\000\040\000a\000n\000d\000\040\000r\000e\000s\000e\000a\000r\000c\000h\000\040\000g\000a\000p}{section.6.3}% 148
\BOOKMARK [1][-]{section.6.4}{\376\377\0006\000.\0004\000\040\000C\000A\000S\000T\000E\000R\000-\000Z\000T\000\040\000F\000r\000a\000m\000e\000w\000o\000r\000k}{chapter.6}% 149
\BOOKMARK [2][-]{subsection.6.4.1}{\376\377\0006\000.\0004\000.\0001\000\040\000S\000y\000s\000t\000e\000m\000,\000\040\000t\000h\000r\000e\000a\000t\000,\000\040\000a\000n\000d\000\040\000d\000e\000p\000l\000o\000y\000m\000e\000n\000t\000\040\000m\000o\000d\000e\000l}{section.6.4}% 150
\BOOKMARK [2][-]{subsection.6.4.2}{\376\377\0006\000.\0004\000.\0002\000\040\000F\000o\000r\000m\000a\000l\000\040\000p\000r\000o\000b\000l\000e\000m\000\040\000f\000o\000r\000m\000u\000l\000a\000t\000i\000o\000n}{section.6.4}% 151
\BOOKMARK [2][-]{subsection.6.4.3}{\376\377\0006\000.\0004\000.\0003\000\040\000C\000A\000S\000T\000E\000R\000-\000Z\000T\000\040\000a\000r\000c\000h\000i\000t\000e\000c\000t\000u\000r\000e}{section.6.4}% 152
\BOOKMARK [2][-]{subsection.6.4.4}{\376\377\0006\000.\0004\000.\0004\000\040\000S\000h\000i\000e\000l\000d\000\040\000d\000e\000s\000i\000g\000n\000\040\000a\000n\000d\000\040\000a\000l\000g\000o\000r\000i\000t\000h\000m\000s}{section.6.4}% 153
\BOOKMARK [2][-]{subsection.6.4.5}{\376\377\0006\000.\0004\000.\0005\000\040\000T\000r\000a\000i\000n\000i\000n\000g\000\040\000p\000i\000p\000e\000l\000i\000n\000e}{section.6.4}% 154
\BOOKMARK [2][-]{subsection.6.4.6}{\376\377\0006\000.\0004\000.\0006\000\040\000T\000h\000e\000o\000r\000e\000t\000i\000c\000a\000l\000\040\000p\000r\000o\000p\000e\000r\000t\000i\000e\000s}{section.6.4}% 155
\BOOKMARK [1][-]{section.6.5}{\376\377\0006\000.\0005\000\040\000E\000x\000p\000e\000r\000i\000m\000e\000n\000t\000a\000l\000\040\000E\000v\000a\000l\000u\000a\000t\000i\000o\000n}{chapter.6}% 156
\BOOKMARK [2][-]{subsection.6.5.1}{\376\377\0006\000.\0005\000.\0001\000\040\000E\000v\000a\000l\000u\000a\000t\000i\000o\000n\000\040\000p\000r\000o\000t\000o\000c\000o\000l}{section.6.5}% 157
\BOOKMARK [2][-]{subsection.6.5.2}{\376\377\0006\000.\0005\000.\0002\000\040\000E\000x\000p\000e\000r\000i\000m\000e\000n\000t\000a\000l\000\040\000r\000e\000s\000u\000l\000t\000s}{section.6.5}% 158
\BOOKMARK [1][-]{section.6.6}{\376\377\0006\000.\0006\000\040\000D\000i\000s\000c\000u\000s\000s\000i\000o\000n\000\040\000a\000n\000d\000\040\000L\000i\000m\000i\000t\000a\000t\000i\000o\000n\000s}{chapter.6}% 159
\BOOKMARK [2][-]{subsection.6.6.1}{\376\377\0006\000.\0006\000.\0001\000\040\000T\000h\000e\000\040\000r\000o\000l\000e\000\040\000o\000f\000\040\000d\000e\000f\000e\000n\000s\000e\000\040\000i\000n\000\040\000d\000e\000p\000t\000h}{section.6.6}% 160
\BOOKMARK [2][-]{subsection.6.6.2}{\376\377\0006\000.\0006\000.\0002\000\040\000E\000x\000t\000e\000r\000n\000a\000l\000\040\000b\000a\000s\000e\000l\000i\000n\000e\000\040\000c\000o\000m\000p\000a\000r\000i\000s\000o\000n}{section.6.6}% 161
\BOOKMARK [2][-]{subsection.6.6.3}{\376\377\0006\000.\0006\000.\0003\000\040\000H\000o\000n\000e\000s\000t\000\040\000l\000i\000m\000i\000t\000a\000t\000i\000o\000n\000:\000\040\000t\000e\000l\000e\000m\000e\000t\000r\000y\000\040\000p\000o\000i\000s\000o\000n\000i\000n\000g}{section.6.6}% 162
\BOOKMARK [2][-]{subsection.6.6.4}{\376\377\0006\000.\0006\000.\0004\000\040\000C\000A\000S\000T\000E\000R\000-\000Z\000T\000\040\000a\000s\000\040\000a\000\040\000f\000u\000l\000l\000y\000\040\000A\000I\000-\000d\000r\000i\000v\000e\000n\000\040\000a\000u\000t\000o\000n\000o\000m\000o\000u\000s\000\040\000s\000y\000s\000t\000e\000m}{section.6.6}% 163
\BOOKMARK [2][-]{subsection.6.6.5}{\376\377\0006\000.\0006\000.\0005\000\040\000S\000i\000m\000u\000l\000a\000t\000i\000o\000n\000\040\000s\000c\000a\000l\000e\000\040\000a\000n\000d\000\040\000m\000u\000l\000t\000i\000-\000s\000c\000a\000l\000e\000\040\000e\000v\000i\000d\000e\000n\000c\000e}{section.6.6}% 164
\BOOKMARK [2][-]{subsection.6.6.6}{\376\377\0006\000.\0006\000.\0006\000\040\000T\000h\000r\000e\000s\000h\000o\000l\000d\000\040\000s\000e\000n\000s\000i\000t\000i\000v\000i\000t\000y\000\040\000a\000n\000d\000\040\000o\000p\000e\000r\000a\000t\000o\000r\000\040\000c\000o\000n\000t\000r\000o\000l}{section.6.6}% 165
\BOOKMARK [2][-]{subsection.6.6.7}{\376\377\0006\000.\0006\000.\0007\000\040\000B\000r\000o\000a\000d\000e\000r\000\040\000i\000m\000p\000l\000i\000c\000a\000t\000i\000o\000n\000s\000\040\000a\000n\000d\000\040\000a\000g\000e\000n\000t\000i\000c\000\040\000A\000I\000\040\000p\000e\000r\000s\000p\000e\000c\000t\000i\000v\000e}{section.6.6}% 166
\BOOKMARK [2][-]{subsection.6.6.8}{\376\377\0006\000.\0006\000.\0008\000\040\000S\000o\000c\000i\000e\000t\000a\000l\000\040\000r\000e\000l\000e\000v\000a\000n\000c\000e\000\040\000a\000n\000d\000\040\000f\000u\000t\000u\000r\000e\000\040\000u\000t\000i\000l\000i\000t\000y}{section.6.6}% 167
\BOOKMARK [1][-]{section.6.7}{\376\377\0006\000.\0007\000\040\000C\000o\000n\000c\000l\000u\000s\000i\000o\000n}{chapter.6}% 168
\BOOKMARK [0][-]{chapter.7}{\376\377\0007\000\040\000D\000I\000S\000C\000U\000S\000S\000I\000O\000N\000\040\000G\000\311\000N\000\311\000R\000A\000L\000E}{}% 169
\BOOKMARK [1][-]{section.7.1}{\376\377\0007\000.\0001\000\040\000R\000e\000t\000o\000u\000r\000\040\000s\000u\000r\000\040\000l\000e\000s\000\040\000q\000u\000e\000s\000t\000i\000o\000n\000s\000\040\000d\000e\000\040\000r\000e\000c\000h\000e\000r\000c\000h\000e}{chapter.7}% 170
\BOOKMARK [2][-]{subsection.7.1.1}{\376\377\0007\000.\0001\000.\0001\000\040\000Q\0001\000\040\040\024\000\040\000E\000f\000f\000i\000c\000a\000c\000i\000t\000\351\000\040\000\351\000n\000e\000r\000g\000\351\000t\000i\000q\000u\000e\000\040\000\050\000G\000A\000P\000F\000\051}{section.7.1}% 171
\BOOKMARK [2][-]{subsection.7.1.2}{\376\377\0007\000.\0001\000.\0002\000\040\000Q\0002\000\040\040\024\000\040\000D\000u\000r\000a\000b\000i\000l\000i\000t\000\351\000\040\000c\000a\000r\000b\000o\000n\000e\000\040\000\050\000C\000A\000L\000A\000S\000H\000\051}{section.7.1}% 172
\BOOKMARK [2][-]{subsection.7.1.3}{\376\377\0007\000.\0001\000.\0003\000\040\000Q\0003\000\040\040\024\000\040\000S\000\351\000c\000u\000r\000i\000t\000\351\000\040\000z\000\351\000r\000o\000-\000c\000o\000n\000f\000i\000a\000n\000c\000e\000\040\000\050\000C\000A\000S\000T\000E\000R\000-\000Z\000T\000\051}{section.7.1}% 173
\BOOKMARK [2][-]{subsection.7.1.4}{\376\377\0007\000.\0001\000.\0004\000\040\000Q\000u\000e\000s\000t\000i\000o\000n\000\040\000p\000r\000i\000n\000c\000i\000p\000a\000l\000e}{section.7.1}% 174
\BOOKMARK [1][-]{section.7.2}{\376\377\0007\000.\0002\000\040\000A\000n\000a\000l\000y\000s\000e\000\040\000t\000r\000a\000n\000s\000v\000e\000r\000s\000a\000l\000e\000\040\000d\000e\000s\000\040\000r\000\351\000s\000u\000l\000t\000a\000t\000s}{chapter.7}% 175
\BOOKMARK [2][-]{subsection.7.2.1}{\376\377\0007\000.\0002\000.\0001\000\040\000S\000y\000n\000e\000r\000g\000i\000e\000s\000\040\000q\000u\000a\000n\000t\000i\000t\000a\000t\000i\000v\000e\000s\000\040\000e\000n\000t\000r\000e\000\040\000l\000e\000s\000\040\000c\000o\000u\000c\000h\000e\000s}{section.7.2}% 176
\BOOKMARK [2][-]{subsection.7.2.2}{\376\377\0007\000.\0002\000.\0002\000\040\000L\000e\000\040\000p\000a\000r\000a\000d\000i\000g\000m\000e\000\040\000d\000e\000\040\000l\000a\000\040\000f\000u\000s\000i\000o\000n\000\040\000v\000s\000.\000\040\000l\000'\000a\000p\000p\000r\000e\000n\000t\000i\000s\000s\000a\000g\000e\000\040\000m\000o\000n\000o\000l\000i\000t\000h\000i\000q\000u\000e}{section.7.2}% 177
\BOOKMARK [2][-]{subsection.7.2.3}{\376\377\0007\000.\0002\000.\0003\000\040\000A\000n\000a\000l\000y\000s\000e\000\040\000d\000e\000\040\000l\000a\000\040\000c\000o\000m\000p\000l\000e\000x\000i\000t\000\351\000\040\000D\000e\000c\000-\000P\000O\000M\000D\000P\000\040\000e\000t\000\040\000i\000m\000p\000l\000i\000c\000a\000t\000i\000o\000n\000s}{section.7.2}% 178
\BOOKMARK [2][-]{subsection.7.2.4}{\376\377\0007\000.\0002\000.\0004\000\040\000R\000o\000b\000u\000s\000t\000e\000s\000s\000e\000\040\000a\000d\000v\000e\000r\000s\000a\000r\000i\000a\000l\000e\000\040\000:\000\040\000a\000n\000a\000l\000y\000s\000e\000\040\000e\000t\000\040\000p\000e\000r\000s\000p\000e\000c\000t\000i\000v\000e\000s}{section.7.2}% 179
\BOOKMARK [2][-]{subsection.7.2.5}{\376\377\0007\000.\0002\000.\0005\000\040\000F\000a\000i\000s\000a\000b\000i\000l\000i\000t\000\351\000\040\000d\000u\000\040\000d\000\351\000p\000l\000o\000i\000e\000m\000e\000n\000t\000\040\000T\000i\000n\000y\000M\000L}{section.7.2}% 180
\BOOKMARK [2][-]{subsection.7.2.6}{\376\377\0007\000.\0002\000.\0006\000\040\000L\000e\000\040\000c\000a\000r\000b\000o\000n\000e\000\040\000i\000n\000c\000o\000r\000p\000o\000r\000\351\000\040\000c\000o\000m\000m\000e\000\040\000m\000\351\000t\000r\000i\000q\000u\000e\000\040\000o\000u\000b\000l\000i\000\351\000e}{section.7.2}% 181
\BOOKMARK [2][-]{subsection.7.2.7}{\376\377\0007\000.\0002\000.\0007\000\040\000Z\000\351\000r\000o\000-\000c\000o\000n\000f\000i\000a\000n\000c\000e\000\040\000c\000o\000m\000m\000e\000\040\000c\000o\000u\000c\000h\000e\000\040\000s\000y\000s\000t\000\351\000m\000i\000q\000u\000e}{section.7.2}% 182
\BOOKMARK [2][-]{subsection.7.2.8}{\376\377\0007\000.\0002\000.\0008\000\040\000P\000a\000r\000a\000d\000i\000g\000m\000e\000s\000\040\000\351\000m\000e\000r\000g\000e\000n\000t\000s}{section.7.2}% 183
\BOOKMARK [1][-]{section.7.3}{\376\377\0007\000.\0003\000\040\000A\000n\000a\000l\000y\000s\000e\000\040\000d\000e\000\040\000c\000o\000n\000v\000e\000r\000g\000e\000n\000c\000e\000\040\000e\000t\000\040\000g\000a\000r\000a\000n\000t\000i\000e\000s\000\040\000t\000h\000\351\000o\000r\000i\000q\000u\000e\000s}{chapter.7}% 184
\BOOKMARK [2][-]{subsection.7.3.1}{\376\377\0007\000.\0003\000.\0001\000\040\000C\000o\000n\000v\000e\000r\000g\000e\000n\000c\000e\000\040\000d\000e\000\040\000G\000A\000P\000F\000\040\000:\000\040\000l\000e\000\040\000m\000\351\000t\000a\000-\000c\000o\000n\000t\000r\000\364\000l\000e\000u\000r\000\040\000c\000o\000m\000m\000e\000\040\000r\000\351\000d\000u\000c\000t\000e\000u\000r\000\040\000d\000e\000\040\000v\000a\000r\000i\000a\000n\000c\000e}{section.7.3}% 185
\BOOKMARK [2][-]{subsection.7.3.2}{\376\377\0007\000.\0003\000.\0002\000\040\000C\000o\000n\000v\000e\000r\000g\000e\000n\000c\000e\000\040\000d\000e\000\040\000C\000A\000L\000A\000S\000H\000\040\000:\000\040\000b\000o\000r\000n\000e\000\040\000d\000e\000\040\000L\000y\000a\000p\000u\000n\000o\000v\000\040\000e\000t\000\040\000s\000t\000a\000b\000i\000l\000i\000t\000\351}{section.7.3}% 186
\BOOKMARK [2][-]{subsection.7.3.3}{\376\377\0007\000.\0003\000.\0003\000\040\000C\000o\000n\000v\000e\000r\000g\000e\000n\000c\000e\000\040\000d\000e\000\040\000C\000A\000S\000T\000E\000R\000-\000Z\000T\000\040\000:\000\040\000c\000o\000r\000r\000e\000c\000t\000i\000o\000n\000\040\000e\000t\000\040\000c\000o\000m\000p\000l\000\351\000t\000u\000d\000e\000\040\000d\000u\000\040\000b\000o\000u\000c\000l\000i\000e\000r}{section.7.3}% 187
\BOOKMARK [2][-]{subsection.7.3.4}{\376\377\0007\000.\0003\000.\0004\000\040\000S\000y\000n\000t\000h\000\350\000s\000e\000\040\000:\000\040\000c\000o\000m\000p\000l\000\351\000m\000e\000n\000t\000a\000r\000i\000t\000\351\000\040\000d\000e\000s\000\040\000g\000a\000r\000a\000n\000t\000i\000e\000s}{section.7.3}% 188
\BOOKMARK [1][-]{section.7.4}{\376\377\0007\000.\0004\000\040\000A\000n\000a\000l\000y\000s\000e\000\040\000d\000e\000\040\000s\000e\000n\000s\000i\000b\000i\000l\000i\000t\000\351}{chapter.7}% 189
\BOOKMARK [2][-]{subsection.7.4.1}{\376\377\0007\000.\0004\000.\0001\000\040\000P\000a\000r\000a\000m\000\350\000t\000r\000e\000s\000\040\000c\000r\000i\000t\000i\000q\000u\000e\000s\000\040\000d\000e\000\040\000G\000A\000P\000F}{section.7.4}% 190
\BOOKMARK [2][-]{subsection.7.4.2}{\376\377\0007\000.\0004\000.\0002\000\040\000P\000a\000r\000a\000m\000\350\000t\000r\000e\000s\000\040\000c\000r\000i\000t\000i\000q\000u\000e\000s\000\040\000d\000e\000\040\000C\000A\000L\000A\000S\000H}{section.7.4}% 191
\BOOKMARK [2][-]{subsection.7.4.3}{\376\377\0007\000.\0004\000.\0003\000\040\000P\000a\000r\000a\000m\000\350\000t\000r\000e\000s\000\040\000c\000r\000i\000t\000i\000q\000u\000e\000s\000\040\000d\000e\000\040\000C\000A\000S\000T\000E\000R\000-\000Z\000T}{section.7.4}% 192
\BOOKMARK [2][-]{subsection.7.4.4}{\376\377\0007\000.\0004\000.\0004\000\040\000S\000e\000n\000s\000i\000b\000i\000l\000i\000t\000\351\000\040\000a\000u\000x\000\040\000c\000o\000n\000d\000i\000t\000i\000o\000n\000s\000\040\000e\000n\000v\000i\000r\000o\000n\000n\000e\000m\000e\000n\000t\000a\000l\000e\000s}{section.7.4}% 193
\BOOKMARK [1][-]{section.7.5}{\376\377\0007\000.\0005\000\040\000A\000n\000a\000l\000y\000s\000e\000\040\000d\000e\000s\000\040\000m\000o\000d\000e\000s\000\040\000d\000e\000\040\000d\000\351\000f\000a\000i\000l\000l\000a\000n\000c\000e}{chapter.7}% 194
\BOOKMARK [1][-]{section.7.6}{\376\377\0007\000.\0006\000\040\000A\000n\000a\000l\000y\000s\000e\000\040\000d\000e\000\040\000s\000c\000a\000l\000a\000b\000i\000l\000i\000t\000\351}{chapter.7}% 195
\BOOKMARK [1][-]{section.7.7}{\376\377\0007\000.\0007\000\040\000P\000o\000s\000i\000t\000i\000o\000n\000n\000e\000m\000e\000n\000t\000\040\000p\000a\000r\000\040\000r\000a\000p\000p\000o\000r\000t\000\040\000\340\000\040\000l\000'\000\351\000t\000a\000t\000\040\000d\000e\000\040\000l\000'\000a\000r\000t}{chapter.7}% 196
\BOOKMARK [2][-]{subsection.7.7.1}{\376\377\0007\000.\0007\000.\0001\000\040\000C\000o\000m\000p\000a\000r\000a\000i\000s\000o\000n\000\040\000a\000v\000e\000c\000\040\000l\000e\000s\000\040\000t\000r\000a\000v\000a\000u\000x\000\040\000c\000o\000n\000c\000u\000r\000r\000e\000n\000t\000s\000\040\0002\0000\0002\0004\040\023\0002\0000\0002\0005}{section.7.7}% 197
\BOOKMARK [1][-]{section.7.8}{\376\377\0007\000.\0008\000\040\000C\000o\000n\000s\000i\000d\000\351\000r\000a\000t\000i\000o\000n\000s\000\040\000\351\000t\000h\000i\000q\000u\000e\000s\000\040\000e\000t\000\040\000s\000o\000c\000i\000\351\000t\000a\000l\000e\000s}{chapter.7}% 198
\BOOKMARK [1][-]{section.7.9}{\376\377\0007\000.\0009\000\040\000R\000e\000p\000r\000o\000d\000u\000c\000t\000i\000b\000i\000l\000i\000t\000\351\000\040\000e\000t\000\040\000s\000c\000i\000e\000n\000c\000e\000\040\000o\000u\000v\000e\000r\000t\000e}{chapter.7}% 199
\BOOKMARK [1][-]{section.7.10}{\376\377\0007\000.\0001\0000\000\040\000I\000m\000p\000l\000i\000c\000a\000t\000i\000o\000n\000s\000\040\000p\000o\000u\000r\000\040\000l\000e\000\040\000d\000\351\000p\000l\000o\000i\000e\000m\000e\000n\000t}{chapter.7}% 200
\BOOKMARK [1][-]{section.7.11}{\376\377\0007\000.\0001\0001\000\040\000L\000i\000m\000i\000t\000e\000s\000\040\000d\000e\000\040\000l\000a\000\040\000d\000i\000s\000c\000u\000s\000s\000i\000o\000n}{chapter.7}% 201
\BOOKMARK [0][-]{chapter.8}{\376\377\0008\000\040\000C\000O\000N\000C\000L\000U\000S\000I\000O\000N}{}% 202
\BOOKMARK [1][-]{section.8.1}{\376\377\0008\000.\0001\000\040\000S\000y\000n\000t\000h\000\350\000s\000e\000\040\000d\000e\000s\000\040\000t\000r\000a\000v\000a\000u\000x}{chapter.8}% 203
\BOOKMARK [1][-]{section.8.2}{\376\377\0008\000.\0002\000\040\000C\000o\000n\000t\000r\000i\000b\000u\000t\000i\000o\000n\000s\000\040\000s\000c\000i\000e\000n\000t\000i\000f\000i\000q\000u\000e\000s\000\040\000o\000r\000i\000g\000i\000n\000a\000l\000e\000s}{chapter.8}% 204
\BOOKMARK [1][-]{section.8.3}{\376\377\0008\000.\0003\000\040\000R\000e\000t\000o\000m\000b\000\351\000e\000s\000\040\000e\000t\000\040\000c\000o\000n\000t\000r\000i\000b\000u\000t\000i\000o\000n\000s\000\040\000s\000u\000r\000\040\000t\000o\000u\000s\000\040\000l\000e\000s\000\040\000p\000l\000a\000n\000s}{chapter.8}% 205
\BOOKMARK [1][-]{section.8.4}{\376\377\0008\000.\0004\000\040\000A\000l\000i\000g\000n\000e\000m\000e\000n\000t\000\040\000a\000v\000e\000c\000\040\000l\000e\000s\000\040\000O\000b\000j\000e\000c\000t\000i\000f\000s\000\040\000d\000e\000\040\000d\000\351\000v\000e\000l\000o\000p\000p\000e\000m\000e\000n\000t\000\040\000d\000u\000r\000a\000b\000l\000e}{chapter.8}% 206
\BOOKMARK [1][-]{section.8.5}{\376\377\0008\000.\0005\000\040\000L\000i\000m\000i\000t\000a\000t\000i\000o\000n\000s\000\040\000d\000e\000\040\000l\000a\000\040\000s\000o\000l\000u\000t\000i\000o\000n\000\040\000p\000r\000o\000p\000o\000s\000\351\000e}{chapter.8}% 207
\BOOKMARK [1][-]{section.8.6}{\376\377\0008\000.\0006\000\040\000D\000i\000r\000e\000c\000t\000i\000o\000n\000s\000\040\000d\000e\000\040\000r\000e\000c\000h\000e\000r\000c\000h\000e\000\040\000f\000u\000t\000u\000r\000e\000s}{chapter.8}% 208
\BOOKMARK [2][-]{subsection.8.6.1}{\376\377\0008\000.\0006\000.\0001\000\040\000C\000o\000u\000r\000t\000\040\000t\000e\000r\000m\000e\000\040\000\050\0001\040\023\0002\000\040\000a\000n\000s\000\051}{section.8.6}% 209
\BOOKMARK [2][-]{subsection.8.6.2}{\376\377\0008\000.\0006\000.\0002\000\040\000M\000o\000y\000e\000n\000\040\000t\000e\000r\000m\000e\000\040\000\050\0002\040\023\0004\000\040\000a\000n\000s\000\051}{section.8.6}% 210
\BOOKMARK [2][-]{subsection.8.6.3}{\376\377\0008\000.\0006\000.\0003\000\040\000L\000o\000n\000g\000\040\000t\000e\000r\000m\000e\000\040\000\050\0004\000+\000\040\000a\000n\000s\000\051}{section.8.6}% 211
\BOOKMARK [1][-]{section.8.7}{\376\377\0008\000.\0007\000\040\000T\000r\000a\000n\000s\000f\000\351\000r\000a\000b\000i\000l\000i\000t\000\351\000\040\000\340\000\040\000d\000'\000a\000u\000t\000r\000e\000s\000\040\000d\000o\000m\000a\000i\000n\000e\000s}{chapter.8}% 212
\BOOKMARK [1][-]{section.8.8}{\376\377\0008\000.\0008\000\040\000I\000m\000p\000l\000i\000c\000a\000t\000i\000o\000n\000s\000\040\000i\000n\000s\000t\000i\000t\000u\000t\000i\000o\000n\000n\000e\000l\000l\000e\000s\000\040\000e\000t\000\040\000r\000\351\000g\000l\000e\000m\000e\000n\000t\000a\000i\000r\000e\000s}{chapter.8}% 213
\BOOKMARK [1][-]{section.8.9}{\376\377\0008\000.\0009\000\040\000B\000i\000l\000a\000n\000\040\000q\000u\000a\000n\000t\000i\000t\000a\000t\000i\000f\000\040\000g\000l\000o\000b\000a\000l}{chapter.8}% 214
\BOOKMARK [0][-]{chapter*.141}{\376\377\000R\000\311\000F\000\311\000R\000E\000N\000C\000E\000S}{}% 215
\BOOKMARK [0][-]{chapter*.141}{\376\377\000A\000N\000N\000E\000X\000E\000S}{}% 216
