This is pdfTeX, Version 3.141592653-2.6-1.40.29 (TeX Live 2026) (preloaded format=pdflatex 2026.3.1)  25 MAR 2026 13:08
entering extended mode
 restricted \write18 enabled.
 %&-line parsing enabled.
**Document.tex
(./Document.tex
LaTeX2e <2025-11-01>
L3 programming layer <2026-01-19>
(/usr/local/texlive/2026basic/texmf-dist/tex/latex/base/book.cls
Document Class: book 2025/01/22 v1.4n Standard LaTeX document class
(/usr/local/texlive/2026basic/texmf-dist/tex/latex/base/bk12.clo
File: bk12.clo 2025/01/22 v1.4n Standard LaTeX file (size option)
)
\c@part=\count275
\c@chapter=\count276
\c@section=\count277
\c@subsection=\count278
\c@subsubsection=\count279
\c@paragraph=\count280
\c@subparagraph=\count281
\c@figure=\count282
\c@table=\count283
\abovecaptionskip=\skip49
\belowcaptionskip=\skip50
\bibindent=\dimen148
)
(/usr/local/texlive/2026basic/texmf-dist/tex/latex/base/ifthen.sty
Package: ifthen 2024/03/16 v1.1e Standard LaTeX ifthen package (DPC)
)
(/usr/local/texlive/2026basic/texmf-dist/tex/latex/base/inputenc.sty
Package: inputenc 2024/02/08 v1.3d Input encoding file
\inpenc@prehook=\toks17
\inpenc@posthook=\toks18
)
(/usr/local/texlive/2026basic/texmf-dist/tex/latex/lm/lmodern.sty
Package: lmodern 2015/05/01 v1.6.1 Latin Modern Fonts
LaTeX Font Info:    Overwriting symbol font `operators' in version `normal'
(Font)                  OT1/cmr/m/n --> OT1/lmr/m/n on input line 22.
LaTeX Font Info:    Overwriting symbol font `letters' in version `normal'
(Font)                  OML/cmm/m/it --> OML/lmm/m/it on input line 23.
LaTeX Font Info:    Overwriting symbol font `symbols' in version `normal'
(Font)                  OMS/cmsy/m/n --> OMS/lmsy/m/n on input line 24.
LaTeX Font Info:    Overwriting symbol font `largesymbols' in version `normal'
(Font)                  OMX/cmex/m/n --> OMX/lmex/m/n on input line 25.
LaTeX Font Info:    Overwriting symbol font `operators' in version `bold'
(Font)                  OT1/cmr/bx/n --> OT1/lmr/bx/n on input line 26.
LaTeX Font Info:    Overwriting symbol font `letters' in version `bold'
(Font)                  OML/cmm/b/it --> OML/lmm/b/it on input line 27.
LaTeX Font Info:    Overwriting symbol font `symbols' in version `bold'
(Font)                  OMS/cmsy/b/n --> OMS/lmsy/b/n on input line 28.
LaTeX Font Info:    Overwriting symbol font `largesymbols' in version `bold'
(Font)                  OMX/cmex/m/n --> OMX/lmex/m/n on input line 29.
LaTeX Font Info:    Overwriting math alphabet `\mathbf' in version `normal'
(Font)                  OT1/cmr/bx/n --> OT1/lmr/bx/n on input line 31.
LaTeX Font Info:    Overwriting math alphabet `\mathsf' in version `normal'
(Font)                  OT1/cmss/m/n --> OT1/lmss/m/n on input line 32.
LaTeX Font Info:    Overwriting math alphabet `\mathit' in version `normal'
(Font)                  OT1/cmr/m/it --> OT1/lmr/m/it on input line 33.
LaTeX Font Info:    Overwriting math alphabet `\mathtt' in version `normal'
(Font)                  OT1/cmtt/m/n --> OT1/lmtt/m/n on input line 34.
LaTeX Font Info:    Overwriting math alphabet `\mathbf' in version `bold'
(Font)                  OT1/cmr/bx/n --> OT1/lmr/bx/n on input line 35.
LaTeX Font Info:    Overwriting math alphabet `\mathsf' in version `bold'
(Font)                  OT1/cmss/bx/n --> OT1/lmss/bx/n on input line 36.
LaTeX Font Info:    Overwriting math alphabet `\mathit' in version `bold'
(Font)                  OT1/cmr/bx/it --> OT1/lmr/bx/it on input line 37.
LaTeX Font Info:    Overwriting math alphabet `\mathtt' in version `bold'
(Font)                  OT1/cmtt/m/n --> OT1/lmtt/m/n on input line 38.
)
(/usr/local/texlive/2026basic/texmf-dist/tex/latex/base/fontenc.sty
Package: fontenc 2025/07/18 v2.1d Standard LaTeX package
LaTeX Font Info:    Trying to load font information for T1+lmr on input line 11
6.

(/usr/local/texlive/2026basic/texmf-dist/tex/latex/lm/t1lmr.fd
File: t1lmr.fd 2015/05/01 v1.6.1 Font defs for Latin Modern
))
(/usr/local/texlive/2026basic/texmf-dist/tex/generic/babel/babel.sty
Package: babel 2026/02/14 v26.3 The multilingual framework for LuaLaTeX, pdfLaT
eX and XeLaTeX
\babel@savecnt=\count284
LaTeX Encoding Info:    Redeclaring text command \ij (encoding OT1) on input li
ne 2078.
LaTeX Encoding Info:    Redeclaring text command \IJ (encoding OT1) on input li
ne 2080.
LaTeX Encoding Info:    Redeclaring text command \ij (encoding T1) on input lin
e 2082.
LaTeX Encoding Info:    Redeclaring text command \IJ (encoding T1) on input lin
e 2083.
LaTeX Encoding Info:    Ignoring declaration for text command \ij (encoding ?) 
on input line 2084.
LaTeX Encoding Info:    Ignoring declaration for text command \IJ (encoding ?) 
on input line 2086.
LaTeX Encoding Info:    Ignoring declaration for text command \SS (encoding ?) 
on input line 2111.
\U@D=\dimen149
\l@unhyphenated=\language23

(/usr/local/texlive/2026basic/texmf-dist/tex/generic/babel/txtbabel.def)
\bbl@readstream=\read2
\bbl@dirlevel=\count285

(/usr/local/texlive/2026basic/texmf-dist/tex/generic/babel/locale/en/babel-engl
ish.tex)
(/usr/local/texlive/2026basic/texmf-dist/tex/generic/babel/locale/fr/babel-fren
ch.tex)
Package babel Info: Importing font and identification data for english
(babel)             from babel-en.ini. Reported on input line 4330.

(/usr/local/texlive/2026basic/texmf-dist/tex/generic/babel-english/english.ldf
Language: english 2017/06/06 v3.3r English support from the babel system
Package babel Info: Hyphen rules for 'canadian' set to \l@english
(babel)             (\language0). Reported on input line 102.
Package babel Info: Hyphen rules for 'australian' set to \l@ukenglish
(babel)             (\language7). Reported on input line 105.
Package babel Info: Hyphen rules for 'newzealand' set to \l@ukenglish
(babel)             (\language7). Reported on input line 108.
)
Package babel Info: Importing font and identification data for french
(babel)             from babel-fr.ini. Reported on input line 4330.
(/usr/local/texlive/2026basic/texmf-dist/tex/generic/babel-french/french.ldf
Language: french 2025-08-15 v4.0e French support from the babel system

(/usr/local/texlive/2026basic/texmf-dist/tex/generic/babel-french/french3.ldf
Language: french 2025-08-15 v3.7e French support from the babel system
\FB@stdchar=\count286
Package babel Info: Making : an active character on input line 273.
Package babel Info: Making ; an active character on input line 274.
Package babel Info: Making ! an active character on input line 275.
Package babel Info: Making ? an active character on input line 276.
\FBguill@level=\count287
\FBold@everypar=\toks19
\FB@Mht=\dimen150
\mc@charclass=\count288
\mc@charfam=\count289
\mc@charslot=\count290
\std@mcc=\count291
\dec@mcc=\count292
\FB@pardim=\dimen151
\listindentFB=\dimen152
\descindentFB=\dimen153
\labelindentFB=\dimen154
\labelwidthFB=\dimen155
\leftmarginFB=\dimen156
\parindentFFN=\dimen157
\FBfnindent=\dimen158
))) (/usr/local/texlive/2026basic/texmf-dist/tex/latex/carlisle/scalefnt.sty)
(/usr/local/texlive/2026basic/texmf-dist/tex/latex/graphics/graphicx.sty
Package: graphicx 2024/12/31 v1.2e Enhanced LaTeX Graphics (DPC,SPQR)

(/usr/local/texlive/2026basic/texmf-dist/tex/latex/graphics/keyval.sty
Package: keyval 2022/05/29 v1.15 key=value parser (DPC)
\KV@toks@=\toks20
)
(/usr/local/texlive/2026basic/texmf-dist/tex/latex/graphics/graphics.sty
Package: graphics 2024/08/06 v1.4g Standard LaTeX Graphics (DPC,SPQR)

(/usr/local/texlive/2026basic/texmf-dist/tex/latex/graphics/trig.sty
Package: trig 2023/12/02 v1.11 sin cos tan (DPC)
)
(/usr/local/texlive/2026basic/texmf-dist/tex/latex/graphics-cfg/graphics.cfg
File: graphics.cfg 2016/06/04 v1.11 sample graphics configuration
)
Package graphics Info: Driver file: pdftex.def on input line 106.

(/usr/local/texlive/2026basic/texmf-dist/tex/latex/graphics-def/pdftex.def
File: pdftex.def 2025/09/29 v1.2d Graphics/color driver for pdftex
))
\Gin@req@height=\dimen159
\Gin@req@width=\dimen160
)
(/usr/local/texlive/2026basic/texmf-dist/tex/latex/epstopdf-pkg/epstopdf.sty
Package: epstopdf 2020-01-24 v2.11 Conversion with epstopdf on the fly (HO)

(/usr/local/texlive/2026basic/texmf-dist/tex/generic/infwarerr/infwarerr.sty
Package: infwarerr 2019/12/03 v1.5 Providing info/warning/error messages (HO)
)
(/usr/local/texlive/2026basic/texmf-dist/tex/latex/grfext/grfext.sty
Package: grfext 2019/12/03 v1.3 Manage graphics extensions (HO)

(/usr/local/texlive/2026basic/texmf-dist/tex/generic/kvdefinekeys/kvdefinekeys.
sty
Package: kvdefinekeys 2019-12-19 v1.6 Define keys (HO)
))
(/usr/local/texlive/2026basic/texmf-dist/tex/latex/kvoptions/kvoptions.sty
Package: kvoptions 2022-06-15 v3.15 Key value format for package options (HO)

(/usr/local/texlive/2026basic/texmf-dist/tex/generic/ltxcmds/ltxcmds.sty
Package: ltxcmds 2023-12-04 v1.26 LaTeX kernel commands for general use (HO)
)
(/usr/local/texlive/2026basic/texmf-dist/tex/latex/kvsetkeys/kvsetkeys.sty
Package: kvsetkeys 2022-10-05 v1.19 Key value parser (HO)
))
(/usr/local/texlive/2026basic/texmf-dist/tex/generic/pdftexcmds/pdftexcmds.sty
Package: pdftexcmds 2020-06-27 v0.33 Utility functions of pdfTeX for LuaTeX (HO
)

(/usr/local/texlive/2026basic/texmf-dist/tex/generic/iftex/iftex.sty
Package: iftex 2024/12/12 v1.0g TeX engine tests
)
Package pdftexcmds Info: \pdf@primitive is available.
Package pdftexcmds Info: \pdf@ifprimitive is available.
Package pdftexcmds Info: \pdfdraftmode found.
)
(/usr/local/texlive/2026basic/texmf-dist/tex/latex/epstopdf-pkg/epstopdf-base.s
ty
Package: epstopdf-base 2020-01-24 v2.11 Base part for package epstopdf
Package epstopdf-base Info: Redefining graphics rule for `.eps' on input line 4
85.
Package grfext Info: Graphics extension search list:
(grfext)             [.pdf,.png,.jpg,.mps,.jpeg,.jbig2,.jb2,.PDF,.PNG,.JPG,.JPE
G,.JBIG2,.JB2,.eps]
(grfext)             \AppendGraphicsExtensions on input line 504.

(/usr/local/texlive/2026basic/texmf-dist/tex/latex/latexconfig/epstopdf-sys.cfg
File: epstopdf-sys.cfg 2010/07/13 v1.3 Configuration of (r)epstopdf for TeX Liv
e
))) (/usr/local/texlive/2026basic/texmf-dist/tex/latex/base/flafter.sty
Package: flafter 2025/08/22 v1.4z Standard LaTeX floats after reference (FMi)
Applying: [2025/06/01] float order in 2-column on input line 49.
Already applied: [2015/01/01] float order in 2-column on input line 152.
Already applied: [0000/00/00] float order in 2-column on input line 254.
)
(/usr/local/texlive/2026basic/texmf-dist/tex/latex/placeins/placeins.sty
Package: placeins 2005/04/18  v 2.2
)
(/usr/local/texlive/2026basic/texmf-dist/tex/latex/amsmath/amsmath.sty
Package: amsmath 2025/07/09 v2.17z AMS math features
\@mathmargin=\skip51

For additional information on amsmath, use the `?' option.
(/usr/local/texlive/2026basic/texmf-dist/tex/latex/amsmath/amstext.sty
Package: amstext 2024/11/17 v2.01 AMS text

(/usr/local/texlive/2026basic/texmf-dist/tex/latex/amsmath/amsgen.sty
File: amsgen.sty 1999/11/30 v2.0 generic functions
\@emptytoks=\toks21
\ex@=\dimen161
))
(/usr/local/texlive/2026basic/texmf-dist/tex/latex/amsmath/amsbsy.sty
Package: amsbsy 1999/11/29 v1.2d Bold Symbols
\pmbraise@=\dimen162
)
(/usr/local/texlive/2026basic/texmf-dist/tex/latex/amsmath/amsopn.sty
Package: amsopn 2022/04/08 v2.04 operator names
)
\inf@bad=\count293
LaTeX Info: Redefining \frac on input line 233.
\uproot@=\count294
\leftroot@=\count295
LaTeX Info: Redefining \overline on input line 398.
LaTeX Info: Redefining \colon on input line 409.
\classnum@=\count296
\DOTSCASE@=\count297
LaTeX Info: Redefining \ldots on input line 495.
LaTeX Info: Redefining \dots on input line 498.
LaTeX Info: Redefining \cdots on input line 619.
\Mathstrutbox@=\box53
\strutbox@=\box54
LaTeX Info: Redefining \big on input line 721.
LaTeX Info: Redefining \Big on input line 722.
LaTeX Info: Redefining \bigg on input line 723.
LaTeX Info: Redefining \Bigg on input line 724.
\big@size=\dimen163
LaTeX Font Info:    Redeclaring font encoding OML on input line 742.
LaTeX Font Info:    Redeclaring font encoding OMS on input line 743.
\macc@depth=\count298
LaTeX Info: Redefining \bmod on input line 904.
LaTeX Info: Redefining \pmod on input line 909.
LaTeX Info: Redefining \smash on input line 939.
LaTeX Info: Redefining \relbar on input line 969.
LaTeX Info: Redefining \Relbar on input line 970.
\c@MaxMatrixCols=\count299
\dotsspace@=\muskip17
\c@parentequation=\count300
\dspbrk@lvl=\count301
\tag@help=\toks22
\row@=\count302
\column@=\count303
\maxfields@=\count304
\andhelp@=\toks23
\eqnshift@=\dimen164
\alignsep@=\dimen165
\tagshift@=\dimen166
\tagwidth@=\dimen167
\totwidth@=\dimen168
\lineht@=\dimen169
\@envbody=\toks24
\multlinegap=\skip52
\multlinetaggap=\skip53
\mathdisplay@stack=\toks25
LaTeX Info: Redefining \[ on input line 2950.
LaTeX Info: Redefining \] on input line 2951.
)
(/usr/local/texlive/2026basic/texmf-dist/tex/latex/graphics/color.sty
Package: color 2025/01/14 v1.3e Standard LaTeX Color (DPC)

(/usr/local/texlive/2026basic/texmf-dist/tex/latex/graphics-cfg/color.cfg
File: color.cfg 2016/01/02 v1.6 sample color configuration
)
Package color Info: Driver file: pdftex.def on input line 149.

(/usr/local/texlive/2026basic/texmf-dist/tex/latex/graphics/mathcolor.ltx))
(/usr/local/texlive/2026basic/texmf-dist/tex/generic/soul/soulutf8.sty
Package: soulutf8 2026-03-06 v3.2 Permit use of UTF-8 characters in soul (HO)


Package soulutf8 Warning: This package is obsolete,
(soulutf8)                use the soul package directly. 
(soulutf8)                 on input line 29.

) (/usr/local/texlive/2026basic/texmf-dist/tex/generic/soul/soul.sty
Package: soul 2026-03-06 v3.2 Permit use of UTF-8 characters in soul (HO)

(/usr/local/texlive/2026basic/texmf-dist/tex/generic/soul/soul-ori.sty
Package: soul-ori 2026-03-06 v3.2 letterspacing/underlining (mf)
\SOUL@word=\toks26
\SOUL@lasttoken=\toks27
\SOUL@syllable=\toks28
\SOUL@cmds=\toks29
\SOUL@buffer=\toks30
\SOUL@token=\toks31
\SOUL@syllgoal=\dimen170
\SOUL@syllwidth=\dimen171
\SOUL@charkern=\dimen172
\SOUL@hyphkern=\dimen173
\SOUL@dimen=\dimen174
\SOUL@dimeni=\dimen175
\SOUL@minus=\count305
\SOUL@comma=\count306
\SOUL@apo=\count307
\SOUL@grave=\count308
\SOUL@spaceskip=\skip54
\SOUL@ttwidth=\dimen176
\SOUL@uldp=\dimen177
\SOUL@ulht=\dimen178
)
(/usr/local/texlive/2026basic/texmf-dist/tex/generic/etexcmds/etexcmds.sty
Package: etexcmds 2019/12/15 v1.7 Avoid name clashes with e-TeX commands (HO)
))
(/usr/local/texlive/2026basic/texmf-dist/tex/latex/tools/longtable.sty
Package: longtable 2025-10-13 v4.24 Multi-page Table package (DPC)
\LTleft=\skip55
\LTright=\skip56
\LTpre=\skip57
\LTpost=\skip58
\LTchunksize=\count309
\LTcapwidth=\dimen179
\LT@head=\box55
\LT@firsthead=\box56
\LT@foot=\box57
\LT@lastfoot=\box58
\LT@gbox=\box59
\LT@cols=\count310
\LT@rows=\count311
\c@LT@tables=\count312
\c@LT@chunks=\count313
\LT@p@ftn=\toks32
)
(/usr/local/texlive/2026basic/texmf-dist/tex/latex/colortbl/colortbl.sty
Package: colortbl 2024/10/29 v1.0k Color table columns (DPC)

(/usr/local/texlive/2026basic/texmf-dist/tex/latex/tools/array.sty
Package: array 2025/09/25 v2.6n Tabular extension package (FMi)
\col@sep=\dimen180
\ar@mcellbox=\box60
\extrarowheight=\dimen181
\NC@list=\toks33
\extratabsurround=\skip59
\backup@length=\skip60
\ar@cellbox=\box61
)
\everycr=\toks34
\minrowclearance=\skip61
\rownum=\count314
)
(/usr/local/texlive/2026basic/texmf-dist/tex/latex/setspace/setspace.sty
Package: setspace 2022/12/04 v6.7b set line spacing
)
(/usr/local/texlive/2026basic/texmf-dist/tex/latex/tools/xspace.sty
Package: xspace 2014/10/28 v1.13 Space after command names (DPC,MH)
)
(/usr/local/texlive/2026basic/texmf-dist/tex/latex/url/url.sty
\Urlmuskip=\muskip18
Package: url 2013/09/16  ver 3.4  Verb mode for urls, etc.
)
(/usr/local/texlive/2026basic/texmf-dist/tex/latex/pdflscape/pdflscape.sty
Package: pdflscape 2025-06-23 v0.14 Display of landscape pages in PDF

(/usr/local/texlive/2026basic/texmf-dist/tex/latex/pdflscape/pdflscape-nometada
ta.sty
Package: pdflscape-nometadata 2025-06-23 v0.14 Display of landscape pages in PD
F (HO)
 (/usr/local/texlive/2026basic/texmf-dist/tex/latex/graphics/lscape.sty
Package: lscape 2020/05/28 v3.02 Landscape Pages (DPC)
)
Package pdflscape Info: Auto-detected driver: pdftex on input line 81.
)) (/usr/local/texlive/2026basic/texmf-dist/tex/latex/cite/cite.sty
LaTeX Info: Redefining \cite on input line 302.
LaTeX Info: Redefining \nocite on input line 332.
Package: cite 2015/02/27  v 5.5
)
(/usr/local/texlive/2026basic/texmf-dist/tex/latex/acronym/acronym.sty
Package: acronym 2025/01/17 v1.50 Support for acronyms (Tobias Oetiker)

(/usr/local/texlive/2026basic/texmf-dist/tex/latex/bigfoot/suffix.sty
Package: suffix 2006/07/15 1.5a Variant command support
)
(/usr/local/texlive/2026basic/texmf-dist/tex/generic/xstring/xstring.sty
(/usr/local/texlive/2026basic/texmf-dist/tex/generic/xstring/xstring.tex
\xs_counta=\count315
\xs_countb=\count316
)
Package: xstring 2023/08/22 v1.86 String manipulations (CT)
)
\AC@clearlist=\toks35
)
(/usr/local/texlive/2026basic/texmf-dist/tex/latex/fancyhdr/fancyhdr.sty
Package: fancyhdr 2025/02/07 v5.2 Extensive control of page headers and footers

\f@nch@headwidth=\skip62
\f@nch@offset@elh=\skip63
\f@nch@offset@erh=\skip64
\f@nch@offset@olh=\skip65
\f@nch@offset@orh=\skip66
\f@nch@offset@elf=\skip67
\f@nch@offset@erf=\skip68
\f@nch@offset@olf=\skip69
\f@nch@offset@orf=\skip70
\f@nch@height=\skip71
\f@nch@footalignment=\skip72
\f@nch@widthL=\skip73
\f@nch@widthC=\skip74
\f@nch@widthR=\skip75
\@temptokenb=\toks36
)
(/usr/local/texlive/2026basic/texmf-dist/tex/latex/hyperref/hyperref.sty
Package: hyperref 2026-01-29 v7.01p Hypertext links for LaTeX

(/usr/local/texlive/2026basic/texmf-dist/tex/generic/pdfescape/pdfescape.sty
Package: pdfescape 2019/12/09 v1.15 Implements pdfTeX's escape features (HO)
)
(/usr/local/texlive/2026basic/texmf-dist/tex/latex/hycolor/hycolor.sty
Package: hycolor 2020-01-27 v1.10 Color options for hyperref/bookmark (HO)
)
(/usr/local/texlive/2026basic/texmf-dist/tex/latex/hyperref/nameref.sty
Package: nameref 2026-01-29 v2.58 Cross-referencing by name of section

(/usr/local/texlive/2026basic/texmf-dist/tex/latex/refcount/refcount.sty
Package: refcount 2019/12/15 v3.6 Data extraction from label references (HO)
)
(/usr/local/texlive/2026basic/texmf-dist/tex/generic/gettitlestring/gettitlestr
ing.sty
Package: gettitlestring 2019/12/15 v1.6 Cleanup title references (HO)
)
\c@section@level=\count317
)
(/usr/local/texlive/2026basic/texmf-dist/tex/latex/etoolbox/etoolbox.sty
Package: etoolbox 2025/10/02 v2.5m e-TeX tools for LaTeX (JAW)
\etb@tempcnta=\count318
)
(/usr/local/texlive/2026basic/texmf-dist/tex/generic/stringenc/stringenc.sty
Package: stringenc 2019/11/29 v1.12 Convert strings between diff. encodings (HO
)
)
\@linkdim=\dimen182
\Hy@linkcounter=\count319
\Hy@pagecounter=\count320

(/usr/local/texlive/2026basic/texmf-dist/tex/latex/hyperref/pd1enc.def
File: pd1enc.def 2026-01-29 v7.01p Hyperref: PDFDocEncoding definition (HO)
Now handling font encoding PD1 ...
... no UTF-8 mapping file for font encoding PD1
)
(/usr/local/texlive/2026basic/texmf-dist/tex/generic/intcalc/intcalc.sty
Package: intcalc 2019/12/15 v1.3 Expandable calculations with integers (HO)
)
\Hy@SavedSpaceFactor=\count321

(/usr/local/texlive/2026basic/texmf-dist/tex/latex/hyperref/puenc.def
File: puenc.def 2026-01-29 v7.01p Hyperref: PDF Unicode definition (HO)
Now handling font encoding PU ...
... no UTF-8 mapping file for font encoding PU
)
Package hyperref Info: Option `final' set `true' on input line 4072.
Package hyperref Info: Hyper figures OFF on input line 4201.
Package hyperref Info: Link nesting OFF on input line 4206.
Package hyperref Info: Hyper index ON on input line 4209.
Package hyperref Info: Plain pages OFF on input line 4216.
Package hyperref Info: Backreferencing OFF on input line 4221.
Package hyperref Info: Implicit mode ON; LaTeX internals redefined.
Package hyperref Info: Bookmarks ON on input line 4468.
\c@Hy@tempcnt=\count322
LaTeX Info: Redefining \url on input line 4807.
\XeTeXLinkMargin=\dimen183

(/usr/local/texlive/2026basic/texmf-dist/tex/generic/bitset/bitset.sty
Package: bitset 2019/12/09 v1.3 Handle bit-vector datatype (HO)

(/usr/local/texlive/2026basic/texmf-dist/tex/generic/bigintcalc/bigintcalc.sty
Package: bigintcalc 2019/12/15 v1.5 Expandable calculations on big integers (HO
)
))
\Fld@menulength=\count323
\Field@Width=\dimen184
\Fld@charsize=\dimen185
Package hyperref Info: Hyper figures OFF on input line 6084.
Package hyperref Info: Link nesting OFF on input line 6089.
Package hyperref Info: Hyper index ON on input line 6092.
Package hyperref Info: backreferencing OFF on input line 6099.
Package hyperref Info: Link coloring OFF on input line 6104.
Package hyperref Info: Link coloring with OCG OFF on input line 6109.
Package hyperref Info: PDF/A mode OFF on input line 6114.
\Hy@abspage=\count324
\c@Item=\count325
\c@Hfootnote=\count326
)
Package hyperref Info: Driver (autodetected): hpdftex.
 (/usr/local/texlive/2026basic/texmf-dist/tex/latex/hyperref/hpdftex.def
File: hpdftex.def 2026-01-29 v7.01p Hyperref driver for pdfTeX
\Fld@listcount=\count327
\c@bookmark@seq@number=\count328

(/usr/local/texlive/2026basic/texmf-dist/tex/latex/rerunfilecheck/rerunfilechec
k.sty
Package: rerunfilecheck 2025-06-21 v1.11 Rerun checks for auxiliary files (HO)

(/usr/local/texlive/2026basic/texmf-dist/tex/generic/uniquecounter/uniquecounte
r.sty
Package: uniquecounter 2019/12/15 v1.4 Provide unlimited unique counter (HO)
)
Package uniquecounter Info: New unique counter `rerunfilecheck' on input line 2
84.
)
\Hy@SectionHShift=\skip76
) (/usr/local/texlive/2026basic/texmf-dist/tex/latex/caption/caption.sty
Package: caption 2023/08/05 v3.6o Customizing captions (AR)
(/usr/local/texlive/2026basic/texmf-dist/tex/latex/caption/caption3.sty
Package: caption3 2023/07/31 v2.4d caption3 kernel (AR)
\caption@tempdima=\dimen186
\captionmargin=\dimen187
\caption@leftmargin=\dimen188
\caption@rightmargin=\dimen189
\caption@width=\dimen190
\caption@indent=\dimen191
\caption@parindent=\dimen192
\caption@hangindent=\dimen193
Package caption Info: Standard document class detected.
Package caption Info: french babel package is loaded.
)
\c@caption@flags=\count329
\c@continuedfloat=\count330
Package caption Info: hyperref package is loaded.
Package caption Info: longtable package is loaded.

(/usr/local/texlive/2026basic/texmf-dist/tex/latex/caption/ltcaption.sty
Package: ltcaption 2021/01/08 v1.4c longtable captions (AR)
))
(/usr/local/texlive/2026basic/texmf-dist/tex/latex/caption/subcaption.sty
Package: subcaption 2023/07/28 v1.6b Sub-captions (AR)
Package caption Info: New subtype `subfigure' on input line 238.
\c@subfigure=\count331
Package caption Info: New subtype `subtable' on input line 238.
\c@subtable=\count332
)
(/usr/local/texlive/2026basic/texmf-dist/tex/latex/siunitx/siunitx.sty
Package: siunitx 2025-07-09 v3.4.14 A comprehensive (SI) units package
\l__siunitx_number_uncert_offset_int=\count333
\l__siunitx_number_exponent_fixed_int=\count334
\l__siunitx_number_min_decimal_int=\count335
\l__siunitx_number_min_integer_int=\count336
\l__siunitx_number_round_precision_int=\count337
\l__siunitx_number_lower_threshold_int=\count338
\l__siunitx_number_upper_threshold_int=\count339
\l__siunitx_number_group_first_int=\count340
\l__siunitx_number_group_size_int=\count341
\l__siunitx_number_group_minimum_int=\count342
\l__siunitx_angle_tmp_dim=\dimen194
\l__siunitx_angle_marker_box=\box62
\l__siunitx_angle_unit_box=\box63
\l__siunitx_compound_count_int=\count343
\l__siunitx_table_tmp_box=\box64
\l__siunitx_table_tmp_dim=\dimen195
\l__siunitx_table_column_width_dim=\dimen196
\l__siunitx_table_integer_box=\box65
\l__siunitx_table_decimal_box=\box66
\l__siunitx_table_uncert_box=\box67
\l__siunitx_table_before_box=\box68
\l__siunitx_table_after_box=\box69
\l__siunitx_table_before_dim=\dimen197
\l__siunitx_table_carry_dim=\dimen198
\l__siunitx_unit_tmp_int=\count344
\l__siunitx_unit_position_int=\count345
\l__siunitx_unit_total_int=\count346
)
(/usr/local/texlive/2026basic/texmf-dist/tex/latex/amsfonts/amssymb.sty
Package: amssymb 2013/01/14 v3.01 AMS font symbols

(/usr/local/texlive/2026basic/texmf-dist/tex/latex/amsfonts/amsfonts.sty
Package: amsfonts 2013/01/14 v3.01 Basic AMSFonts support
\symAMSa=\mathgroup4
\symAMSb=\mathgroup5
LaTeX Font Info:    Redeclaring math symbol \hbar on input line 98.
LaTeX Font Info:    Overwriting math alphabet `\mathfrak' in version `bold'
(Font)                  U/euf/m/n --> U/euf/b/n on input line 106.
))
(/usr/local/texlive/2026basic/texmf-dist/tex/latex/footmisc/footmisc.sty
Package: footmisc 2025/05/09 v7.0b a miscellany of footnote facilities
\FN@temptoken=\toks37
\footnotemargin=\dimen199
Package footmisc Info: Declaring symbol style bringhurst on input line 549.
Package footmisc Info: Declaring symbol style chicago on input line 557.
Package footmisc Info: Declaring symbol style wiley on input line 566.
Package footmisc Info: Declaring symbol style lamport-robust on input line 577.

Package footmisc Info: Declaring symbol style lamport* on input line 597.
Package footmisc Info: Declaring symbol style lamport*-robust on input line 618
.
)
(/usr/local/texlive/2026basic/texmf-dist/tex/latex/listings/listings.sty
\lst@mode=\count347
\lst@gtempboxa=\box70
\lst@token=\toks38
\lst@length=\count348
\lst@currlwidth=\dimen256
\lst@column=\count349
\lst@pos=\count350
\lst@lostspace=\dimen257
\lst@width=\dimen258
\lst@newlines=\count351
\lst@lineno=\count352
\lst@maxwidth=\dimen259

(/usr/local/texlive/2026basic/texmf-dist/tex/latex/listings/lstpatch.sty
File: lstpatch.sty 2025/11/14 1.11b (Carsten Heinz)
)
(/usr/local/texlive/2026basic/texmf-dist/tex/latex/listings/lstmisc.sty
File: lstmisc.sty 2025/11/14 1.11b (Carsten Heinz)
\c@lstnumber=\count353
\lst@skipnumbers=\count354
\lst@framebox=\box71
)
(/usr/local/texlive/2026basic/texmf-dist/tex/latex/listings/listings.cfg
File: listings.cfg 2025/11/14 1.11b listings configuration
))
Package: listings 2025/11/14 1.11b (Carsten Heinz)

==> First Aid for listings.sty no longer applied!
    Expected:
        2024/09/23 1.10c (Carsten Heinz)
    but found:
        2025/11/14 1.11b (Carsten Heinz)
    so I'm assuming it got fixed.
(/usr/local/texlive/2026basic/texmf-dist/tex/latex/booktabs/booktabs.sty
Package: booktabs 2020/01/12 v1.61803398 Publication quality tables
\heavyrulewidth=\dimen260
\lightrulewidth=\dimen261
\cmidrulewidth=\dimen262
\belowrulesep=\dimen263
\belowbottomsep=\dimen264
\aboverulesep=\dimen265
\abovetopsep=\dimen266
\cmidrulesep=\dimen267
\cmidrulekern=\dimen268
\defaultaddspace=\dimen269
\@cmidla=\count355
\@cmidlb=\count356
\@aboverulesep=\dimen270
\@belowrulesep=\dimen271
\@thisruleclass=\count357
\@lastruleclass=\count358
\@thisrulewidth=\dimen272
)
(/usr/local/texlive/2026basic/texmf-dist/tex/latex/multirow/multirow.sty
Package: multirow 2024/11/12 v2.9 Span multiple rows of a table
\multirow@colwidth=\skip77
\multirow@cntb=\count359
\multirow@dima=\skip78
\bigstrutjot=\dimen273
)
(/usr/local/texlive/2026basic/texmf-dist/tex/latex/enumitem/enumitem.sty
Package: enumitem 2025/02/06 v3.11 Customized lists
\labelindent=\skip79
\enit@outerparindent=\dimen274
\enit@toks=\toks39
\enit@inbox=\box72
\enit@count@id=\count360
\enitdp@description=\count361
)
(/usr/local/texlive/2026basic/texmf-dist/tex/latex/psnfss/pifont.sty
Package: pifont 2020/03/25 PSNFSS-v9.3 Pi font support (SPQR) 
LaTeX Font Info:    Trying to load font information for U+pzd on input line 63.


(/usr/local/texlive/2026basic/texmf-dist/tex/latex/psnfss/upzd.fd
File: upzd.fd 2001/06/04 font definitions for U/pzd.
)
LaTeX Font Info:    Trying to load font information for U+psy on input line 64.


(/usr/local/texlive/2026basic/texmf-dist/tex/latex/psnfss/upsy.fd
File: upsy.fd 2001/06/04 font definitions for U/psy.
))
(/usr/local/texlive/2026basic/texmf-dist/tex/latex/pgf/frontendlayer/tikz.sty
(/usr/local/texlive/2026basic/texmf-dist/tex/latex/pgf/basiclayer/pgf.sty
(/usr/local/texlive/2026basic/texmf-dist/tex/latex/pgf/utilities/pgfrcs.sty
(/usr/local/texlive/2026basic/texmf-dist/tex/generic/pgf/utilities/pgfutil-comm
on.tex
\pgfutil@everybye=\toks40
\pgfutil@tempdima=\dimen275
\pgfutil@tempdimb=\dimen276
)
(/usr/local/texlive/2026basic/texmf-dist/tex/generic/pgf/utilities/pgfutil-late
x.def
\pgfutil@abb=\box73
)
(/usr/local/texlive/2026basic/texmf-dist/tex/generic/pgf/utilities/pgfrcs.code.
tex (/usr/local/texlive/2026basic/texmf-dist/tex/generic/pgf/pgf.revision.tex)
Package: pgfrcs 2025-08-29 v3.1.11a (3.1.11a)
))
Package: pgf 2025-08-29 v3.1.11a (3.1.11a)
 (/usr/local/texlive/2026basic/texmf-dist/tex/latex/pgf/basiclayer/pgfcore.sty 
(/usr/local/texlive/2026basic/texmf-dist/tex/latex/pgf/systemlayer/pgfsys.sty
(/usr/local/texlive/2026basic/texmf-dist/tex/generic/pgf/systemlayer/pgfsys.cod
e.tex
Package: pgfsys 2025-08-29 v3.1.11a (3.1.11a)

(/usr/local/texlive/2026basic/texmf-dist/tex/generic/pgf/utilities/pgfkeys.code
.tex
\pgfkeys@pathtoks=\toks41
\pgfkeys@temptoks=\toks42

(/usr/local/texlive/2026basic/texmf-dist/tex/generic/pgf/utilities/pgfkeyslibra
ryfiltered.code.tex
\pgfkeys@tmptoks=\toks43
))
\pgf@x=\dimen277
\pgf@y=\dimen278
\pgf@xa=\dimen279
\pgf@ya=\dimen280
\pgf@xb=\dimen281
\pgf@yb=\dimen282
\pgf@xc=\dimen283
\pgf@yc=\dimen284
\pgf@xd=\dimen285
\pgf@yd=\dimen286
\w@pgf@writea=\write3
\r@pgf@reada=\read3
\c@pgf@counta=\count362
\c@pgf@countb=\count363
\c@pgf@countc=\count364
\c@pgf@countd=\count365
\t@pgf@toka=\toks44
\t@pgf@tokb=\toks45
\t@pgf@tokc=\toks46
\pgf@sys@id@count=\count366

(/usr/local/texlive/2026basic/texmf-dist/tex/generic/pgf/systemlayer/pgf.cfg
File: pgf.cfg 2025-08-29 v3.1.11a (3.1.11a)
)
Driver file for pgf: pgfsys-pdftex.def

(/usr/local/texlive/2026basic/texmf-dist/tex/generic/pgf/systemlayer/pgfsys-pdf
tex.def
File: pgfsys-pdftex.def 2025-08-29 v3.1.11a (3.1.11a)

(/usr/local/texlive/2026basic/texmf-dist/tex/generic/pgf/systemlayer/pgfsys-com
mon-pdf.def
File: pgfsys-common-pdf.def 2025-08-29 v3.1.11a (3.1.11a)
)))
(/usr/local/texlive/2026basic/texmf-dist/tex/generic/pgf/systemlayer/pgfsyssoft
path.code.tex
File: pgfsyssoftpath.code.tex 2025-08-29 v3.1.11a (3.1.11a)
\pgfsyssoftpath@smallbuffer@items=\count367
\pgfsyssoftpath@bigbuffer@items=\count368
)
(/usr/local/texlive/2026basic/texmf-dist/tex/generic/pgf/systemlayer/pgfsysprot
ocol.code.tex
File: pgfsysprotocol.code.tex 2025-08-29 v3.1.11a (3.1.11a)
))
(/usr/local/texlive/2026basic/texmf-dist/tex/latex/xcolor/xcolor.sty
Package: xcolor 2024/09/29 v3.02 LaTeX color extensions (UK)

(/usr/local/texlive/2026basic/texmf-dist/tex/latex/graphics-cfg/color.cfg
File: color.cfg 2016/01/02 v1.6 sample color configuration
)
Package xcolor Info: Driver file: pdftex.def on input line 274.
LaTeX Info: Redefining \color on input line 762.

(/usr/local/texlive/2026basic/texmf-dist/tex/latex/graphics/mathcolor.ltx)
Package xcolor Info: Model `cmy' substituted by `cmy0' on input line 1349.
Package xcolor Info: Model `hsb' substituted by `rgb' on input line 1353.
Package xcolor Info: Model `RGB' extended on input line 1365.
Package xcolor Info: Model `HTML' substituted by `rgb' on input line 1367.
Package xcolor Info: Model `Hsb' substituted by `hsb' on input line 1368.
Package xcolor Info: Model `tHsb' substituted by `hsb' on input line 1369.
Package xcolor Info: Model `HSB' substituted by `hsb' on input line 1370.
Package xcolor Info: Model `Gray' substituted by `gray' on input line 1371.
Package xcolor Info: Model `wave' substituted by `hsb' on input line 1372.
)
(/usr/local/texlive/2026basic/texmf-dist/tex/generic/pgf/basiclayer/pgfcore.cod
e.tex
Package: pgfcore 2025-08-29 v3.1.11a (3.1.11a)

(/usr/local/texlive/2026basic/texmf-dist/tex/generic/pgf/math/pgfmath.code.tex
(/usr/local/texlive/2026basic/texmf-dist/tex/generic/pgf/math/pgfmathutil.code.
tex)
(/usr/local/texlive/2026basic/texmf-dist/tex/generic/pgf/math/pgfmathparser.cod
e.tex
\pgfmath@dimen=\dimen287
\pgfmath@count=\count369
\pgfmath@box=\box74
\pgfmath@toks=\toks47
\pgfmath@stack@operand=\toks48
\pgfmath@stack@operation=\toks49
)
(/usr/local/texlive/2026basic/texmf-dist/tex/generic/pgf/math/pgfmathfunctions.
code.tex)
(/usr/local/texlive/2026basic/texmf-dist/tex/generic/pgf/math/pgfmathfunctions.
basic.code.tex)
(/usr/local/texlive/2026basic/texmf-dist/tex/generic/pgf/math/pgfmathfunctions.
trigonometric.code.tex)
(/usr/local/texlive/2026basic/texmf-dist/tex/generic/pgf/math/pgfmathfunctions.
random.code.tex)
(/usr/local/texlive/2026basic/texmf-dist/tex/generic/pgf/math/pgfmathfunctions.
comparison.code.tex)
(/usr/local/texlive/2026basic/texmf-dist/tex/generic/pgf/math/pgfmathfunctions.
base.code.tex)
(/usr/local/texlive/2026basic/texmf-dist/tex/generic/pgf/math/pgfmathfunctions.
round.code.tex)
(/usr/local/texlive/2026basic/texmf-dist/tex/generic/pgf/math/pgfmathfunctions.
misc.code.tex)
(/usr/local/texlive/2026basic/texmf-dist/tex/generic/pgf/math/pgfmathfunctions.
integerarithmetics.code.tex)
(/usr/local/texlive/2026basic/texmf-dist/tex/generic/pgf/math/pgfmathcalc.code.
tex)
(/usr/local/texlive/2026basic/texmf-dist/tex/generic/pgf/math/pgfmathfloat.code
.tex
\c@pgfmathroundto@lastzeros=\count370
))
(/usr/local/texlive/2026basic/texmf-dist/tex/generic/pgf/math/pgfint.code.tex)
(/usr/local/texlive/2026basic/texmf-dist/tex/generic/pgf/basiclayer/pgfcorepoin
ts.code.tex
File: pgfcorepoints.code.tex 2025-08-29 v3.1.11a (3.1.11a)
\pgf@picminx=\dimen288
\pgf@picmaxx=\dimen289
\pgf@picminy=\dimen290
\pgf@picmaxy=\dimen291
\pgf@pathminx=\dimen292
\pgf@pathmaxx=\dimen293
\pgf@pathminy=\dimen294
\pgf@pathmaxy=\dimen295
\pgf@xx=\dimen296
\pgf@xy=\dimen297
\pgf@yx=\dimen298
\pgf@yy=\dimen299
\pgf@zx=\dimen300
\pgf@zy=\dimen301
)
(/usr/local/texlive/2026basic/texmf-dist/tex/generic/pgf/basiclayer/pgfcorepath
construct.code.tex
File: pgfcorepathconstruct.code.tex 2025-08-29 v3.1.11a (3.1.11a)
\pgf@path@lastx=\dimen302
\pgf@path@lasty=\dimen303
)
(/usr/local/texlive/2026basic/texmf-dist/tex/generic/pgf/basiclayer/pgfcorepath
usage.code.tex
File: pgfcorepathusage.code.tex 2025-08-29 v3.1.11a (3.1.11a)
\pgf@shorten@end@additional=\dimen304
\pgf@shorten@start@additional=\dimen305
)
(/usr/local/texlive/2026basic/texmf-dist/tex/generic/pgf/basiclayer/pgfcorescop
es.code.tex
File: pgfcorescopes.code.tex 2025-08-29 v3.1.11a (3.1.11a)
\pgfpic=\box75
\pgf@hbox=\box76
\pgf@layerbox@main=\box77
\pgf@picture@serial@count=\count371
)
(/usr/local/texlive/2026basic/texmf-dist/tex/generic/pgf/basiclayer/pgfcoregrap
hicstate.code.tex
File: pgfcoregraphicstate.code.tex 2025-08-29 v3.1.11a (3.1.11a)
\pgflinewidth=\dimen306
)
(/usr/local/texlive/2026basic/texmf-dist/tex/generic/pgf/basiclayer/pgfcoretran
sformations.code.tex
File: pgfcoretransformations.code.tex 2025-08-29 v3.1.11a (3.1.11a)
\pgf@pt@x=\dimen307
\pgf@pt@y=\dimen308
\pgf@pt@temp=\dimen309
)
(/usr/local/texlive/2026basic/texmf-dist/tex/generic/pgf/basiclayer/pgfcorequic
k.code.tex
File: pgfcorequick.code.tex 2025-08-29 v3.1.11a (3.1.11a)
)
(/usr/local/texlive/2026basic/texmf-dist/tex/generic/pgf/basiclayer/pgfcoreobje
cts.code.tex
File: pgfcoreobjects.code.tex 2025-08-29 v3.1.11a (3.1.11a)
)
(/usr/local/texlive/2026basic/texmf-dist/tex/generic/pgf/basiclayer/pgfcorepath
processing.code.tex
File: pgfcorepathprocessing.code.tex 2025-08-29 v3.1.11a (3.1.11a)
)
(/usr/local/texlive/2026basic/texmf-dist/tex/generic/pgf/basiclayer/pgfcorearro
ws.code.tex
File: pgfcorearrows.code.tex 2025-08-29 v3.1.11a (3.1.11a)
\pgfarrowsep=\dimen310
)
(/usr/local/texlive/2026basic/texmf-dist/tex/generic/pgf/basiclayer/pgfcoreshad
e.code.tex
File: pgfcoreshade.code.tex 2025-08-29 v3.1.11a (3.1.11a)
\pgf@max=\dimen311
\pgf@sys@shading@range@num=\count372
\pgf@shadingcount=\count373
)
(/usr/local/texlive/2026basic/texmf-dist/tex/generic/pgf/basiclayer/pgfcoreimag
e.code.tex
File: pgfcoreimage.code.tex 2025-08-29 v3.1.11a (3.1.11a)
)
(/usr/local/texlive/2026basic/texmf-dist/tex/generic/pgf/basiclayer/pgfcoreexte
rnal.code.tex
File: pgfcoreexternal.code.tex 2025-08-29 v3.1.11a (3.1.11a)
\pgfexternal@startupbox=\box78
)
(/usr/local/texlive/2026basic/texmf-dist/tex/generic/pgf/basiclayer/pgfcorelaye
rs.code.tex
File: pgfcorelayers.code.tex 2025-08-29 v3.1.11a (3.1.11a)
)
(/usr/local/texlive/2026basic/texmf-dist/tex/generic/pgf/basiclayer/pgfcoretran
sparency.code.tex
File: pgfcoretransparency.code.tex 2025-08-29 v3.1.11a (3.1.11a)
)
(/usr/local/texlive/2026basic/texmf-dist/tex/generic/pgf/basiclayer/pgfcorepatt
erns.code.tex
File: pgfcorepatterns.code.tex 2025-08-29 v3.1.11a (3.1.11a)
)
(/usr/local/texlive/2026basic/texmf-dist/tex/generic/pgf/basiclayer/pgfcorerdf.
code.tex
File: pgfcorerdf.code.tex 2025-08-29 v3.1.11a (3.1.11a)
)))
(/usr/local/texlive/2026basic/texmf-dist/tex/generic/pgf/modules/pgfmoduleshape
s.code.tex
File: pgfmoduleshapes.code.tex 2025-08-29 v3.1.11a (3.1.11a)
\pgfnodeparttextbox=\box79
)
(/usr/local/texlive/2026basic/texmf-dist/tex/generic/pgf/modules/pgfmoduleplot.
code.tex
File: pgfmoduleplot.code.tex 2025-08-29 v3.1.11a (3.1.11a)
)
(/usr/local/texlive/2026basic/texmf-dist/tex/latex/pgf/compatibility/pgfcomp-ve
rsion-0-65.sty
Package: pgfcomp-version-0-65 2025-08-29 v3.1.11a (3.1.11a)
\pgf@nodesepstart=\dimen312
\pgf@nodesepend=\dimen313
)
(/usr/local/texlive/2026basic/texmf-dist/tex/latex/pgf/compatibility/pgfcomp-ve
rsion-1-18.sty
Package: pgfcomp-version-1-18 2025-08-29 v3.1.11a (3.1.11a)
))
(/usr/local/texlive/2026basic/texmf-dist/tex/latex/pgf/utilities/pgffor.sty
(/usr/local/texlive/2026basic/texmf-dist/tex/latex/pgf/utilities/pgfkeys.sty
(/usr/local/texlive/2026basic/texmf-dist/tex/generic/pgf/utilities/pgfkeys.code
.tex)) (/usr/local/texlive/2026basic/texmf-dist/tex/latex/pgf/math/pgfmath.sty
(/usr/local/texlive/2026basic/texmf-dist/tex/generic/pgf/math/pgfmath.code.tex)
)
(/usr/local/texlive/2026basic/texmf-dist/tex/generic/pgf/utilities/pgffor.code.
tex
Package: pgffor 2025-08-29 v3.1.11a (3.1.11a)
\pgffor@iter=\dimen314
\pgffor@skip=\dimen315
\pgffor@stack=\toks50
\pgffor@toks=\toks51
))
(/usr/local/texlive/2026basic/texmf-dist/tex/generic/pgf/frontendlayer/tikz/tik
z.code.tex
Package: tikz 2025-08-29 v3.1.11a (3.1.11a)

(/usr/local/texlive/2026basic/texmf-dist/tex/generic/pgf/libraries/pgflibrarypl
othandlers.code.tex
File: pgflibraryplothandlers.code.tex 2025-08-29 v3.1.11a (3.1.11a)
\pgf@plot@mark@count=\count374
\pgfplotmarksize=\dimen316
)
\tikz@lastx=\dimen317
\tikz@lasty=\dimen318
\tikz@lastxsaved=\dimen319
\tikz@lastysaved=\dimen320
\tikz@lastmovetox=\dimen321
\tikz@lastmovetoy=\dimen322
\tikzleveldistance=\dimen323
\tikzsiblingdistance=\dimen324
\tikz@figbox=\box80
\tikz@figbox@bg=\box81
\tikz@tempbox=\box82
\tikz@tempbox@bg=\box83
\tikztreelevel=\count375
\tikznumberofchildren=\count376
\tikznumberofcurrentchild=\count377
\tikz@fig@count=\count378

(/usr/local/texlive/2026basic/texmf-dist/tex/generic/pgf/modules/pgfmodulematri
x.code.tex
File: pgfmodulematrix.code.tex 2025-08-29 v3.1.11a (3.1.11a)
\pgfmatrixcurrentrow=\count379
\pgfmatrixcurrentcolumn=\count380
\pgf@matrix@numberofcolumns=\count381
)
\tikz@expandcount=\count382

(/usr/local/texlive/2026basic/texmf-dist/tex/generic/pgf/frontendlayer/tikz/lib
raries/tikzlibrarytopaths.code.tex
File: tikzlibrarytopaths.code.tex 2025-08-29 v3.1.11a (3.1.11a)
)))
(/usr/local/texlive/2026basic/texmf-dist/tex/generic/pgf/frontendlayer/tikz/lib
raries/tikzlibrarypositioning.code.tex
File: tikzlibrarypositioning.code.tex 2025-08-29 v3.1.11a (3.1.11a)
)
(/usr/local/texlive/2026basic/texmf-dist/tex/generic/pgf/libraries/pgflibraryar
rows.meta.code.tex
File: pgflibraryarrows.meta.code.tex 2025-08-29 v3.1.11a (3.1.11a)
\pgfarrowinset=\dimen325
\pgfarrowlength=\dimen326
\pgfarrowwidth=\dimen327
\pgfarrowlinewidth=\dimen328
)
(/usr/local/texlive/2026basic/texmf-dist/tex/generic/pgf/frontendlayer/tikz/lib
raries/tikzlibrarydecorations.pathreplacing.code.tex
(/usr/local/texlive/2026basic/texmf-dist/tex/generic/pgf/frontendlayer/tikz/lib
raries/tikzlibrarydecorations.code.tex
(/usr/local/texlive/2026basic/texmf-dist/tex/generic/pgf/modules/pgfmoduledecor
ations.code.tex
\pgfdecoratedcompleteddistance=\dimen329
\pgfdecoratedremainingdistance=\dimen330
\pgfdecoratedinputsegmentcompleteddistance=\dimen331
\pgfdecoratedinputsegmentremainingdistance=\dimen332
\pgf@decorate@distancetomove=\dimen333
\pgf@decorate@repeatstate=\count383
\pgfdecorationsegmentamplitude=\dimen334
\pgfdecorationsegmentlength=\dimen335
)
\tikz@lib@dec@box=\box84
)
(/usr/local/texlive/2026basic/texmf-dist/tex/generic/pgf/libraries/decorations/
pgflibrarydecorations.pathreplacing.code.tex))
(/usr/local/texlive/2026basic/texmf-dist/tex/generic/pgf/frontendlayer/tikz/lib
raries/tikzlibrarycalc.code.tex
File: tikzlibrarycalc.code.tex 2025-08-29 v3.1.11a (3.1.11a)
)
(/usr/local/texlive/2026basic/texmf-dist/tex/generic/pgf/frontendlayer/tikz/lib
raries/tikzlibraryshapes.geometric.code.tex
File: tikzlibraryshapes.geometric.code.tex 2025-08-29 v3.1.11a (3.1.11a)

(/usr/local/texlive/2026basic/texmf-dist/tex/generic/pgf/libraries/shapes/pgfli
braryshapes.geometric.code.tex
File: pgflibraryshapes.geometric.code.tex 2025-08-29 v3.1.11a (3.1.11a)
))
(/usr/local/texlive/2026basic/texmf-dist/tex/generic/pgf/frontendlayer/tikz/lib
raries/tikzlibraryfit.code.tex
File: tikzlibraryfit.code.tex 2025-08-29 v3.1.11a (3.1.11a)
)
(/usr/local/texlive/2026basic/texmf-dist/tex/latex/pgfplots/pgfplots.sty
(/usr/local/texlive/2026basic/texmf-dist/tex/generic/pgfplots/pgfplots.revision
.tex)
Package: pgfplots 2025/08/14 v1.18.2 Data Visualization (1.18.2)

(/usr/local/texlive/2026basic/texmf-dist/tex/generic/pgfplots/pgfplots.code.tex

(/usr/local/texlive/2026basic/texmf-dist/tex/generic/pgfplots/pgfplotscore.code
.tex
\t@pgfplots@toka=\toks52
\t@pgfplots@tokb=\toks53
\t@pgfplots@tokc=\toks54
\pgfplots@tmpa=\dimen336
\c@pgfplots@coordindex=\count384
\c@pgfplots@scanlineindex=\count385

(/usr/local/texlive/2026basic/texmf-dist/tex/generic/pgfplots/sys/pgfplotssysge
neric.code.tex))
(/usr/local/texlive/2026basic/texmf-dist/tex/generic/pgfplots/libs/pgfplotslibr
ary.code.tex)
(/usr/local/texlive/2026basic/texmf-dist/tex/generic/pgfplots/oldpgfcompatib/pg
fplotsoldpgfsupp_loader.code.tex
(/usr/local/texlive/2026basic/texmf-dist/tex/generic/pgf/libraries/pgflibraryfp
u.code.tex)
(/usr/local/texlive/2026basic/texmf-dist/tex/generic/pgfplots/oldpgfcompatib/pg
fplotsoldpgfsupp_pgfutil-common-lists.tex))
(/usr/local/texlive/2026basic/texmf-dist/tex/generic/pgfplots/util/pgfplotsutil
.code.tex
(/usr/local/texlive/2026basic/texmf-dist/tex/generic/pgfplots/liststructure/pgf
plotsliststructure.code.tex)
(/usr/local/texlive/2026basic/texmf-dist/tex/generic/pgfplots/liststructure/pgf
plotsliststructureext.code.tex)
(/usr/local/texlive/2026basic/texmf-dist/tex/generic/pgfplots/liststructure/pgf
plotsarray.code.tex
\c@pgfplotsarray@tmp=\count386
)
(/usr/local/texlive/2026basic/texmf-dist/tex/generic/pgfplots/liststructure/pgf
plotsmatrix.code.tex)
(/usr/local/texlive/2026basic/texmf-dist/tex/generic/pgfplots/numtable/pgfplots
tableshared.code.tex
\c@pgfplotstable@counta=\count387
\t@pgfplotstable@a=\toks55
)
(/usr/local/texlive/2026basic/texmf-dist/tex/generic/pgfplots/liststructure/pgf
plotsdeque.code.tex)
(/usr/local/texlive/2026basic/texmf-dist/tex/generic/pgfplots/util/pgfplotsbina
ry.code.tex
(/usr/local/texlive/2026basic/texmf-dist/tex/generic/pgfplots/util/pgfplotsbina
ry.data.code.tex))
(/usr/local/texlive/2026basic/texmf-dist/tex/generic/pgfplots/util/pgfplotsutil
.verb.code.tex)
(/usr/local/texlive/2026basic/texmf-dist/tex/generic/pgfplots/libs/pgflibrarypg
fplots.surfshading.code.tex
\c@pgfplotslibrarysurf@no=\count388

(/usr/local/texlive/2026basic/texmf-dist/tex/generic/pgfplots/sys/pgflibrarypgf
plots.surfshading.pgfsys-pdftex.def)))
(/usr/local/texlive/2026basic/texmf-dist/tex/generic/pgfplots/util/pgfplotscolo
rmap.code.tex
(/usr/local/texlive/2026basic/texmf-dist/tex/generic/pgfplots/util/pgfplotscolo
r.code.tex))
(/usr/local/texlive/2026basic/texmf-dist/tex/generic/pgfplots/pgfplotsstackedpl
ots.code.tex)
(/usr/local/texlive/2026basic/texmf-dist/tex/generic/pgfplots/pgfplotsplothandl
ers.code.tex
(/usr/local/texlive/2026basic/texmf-dist/tex/generic/pgfplots/pgfplotsmeshploth
andler.code.tex
(/usr/local/texlive/2026basic/texmf-dist/tex/generic/pgfplots/pgfplotsmeshploti
mage.code.tex)))
(/usr/local/texlive/2026basic/texmf-dist/tex/generic/pgfplots/pgfplots.scaling.
code.tex)
(/usr/local/texlive/2026basic/texmf-dist/tex/generic/pgfplots/pgfplotscoordproc
essing.code.tex)
(/usr/local/texlive/2026basic/texmf-dist/tex/generic/pgfplots/pgfplots.errorbar
s.code.tex)
(/usr/local/texlive/2026basic/texmf-dist/tex/generic/pgfplots/pgfplots.markers.
code.tex)
(/usr/local/texlive/2026basic/texmf-dist/tex/generic/pgfplots/pgfplotsticks.cod
e.tex)
(/usr/local/texlive/2026basic/texmf-dist/tex/generic/pgfplots/pgfplots.paths.co
de.tex)
(/usr/local/texlive/2026basic/texmf-dist/tex/generic/pgf/frontendlayer/tikz/lib
raries/tikzlibrarydecorations.pathmorphing.code.tex
(/usr/local/texlive/2026basic/texmf-dist/tex/generic/pgf/libraries/decorations/
pgflibrarydecorations.pathmorphing.code.tex))
(/usr/local/texlive/2026basic/texmf-dist/tex/generic/pgfplots/libs/tikzlibraryp
gfplots.contourlua.code.tex)
\pgfplots@numplots=\count389
\pgfplots@xmin@reg=\dimen337
\pgfplots@xmax@reg=\dimen338
\pgfplots@ymin@reg=\dimen339
\pgfplots@ymax@reg=\dimen340
\pgfplots@zmin@reg=\dimen341
\pgfplots@zmax@reg=\dimen342
)
(/usr/local/texlive/2026basic/texmf-dist/tex/generic/pgf/frontendlayer/tikz/lib
raries/tikzlibraryplotmarks.code.tex
File: tikzlibraryplotmarks.code.tex 2025-08-29 v3.1.11a (3.1.11a)

(/usr/local/texlive/2026basic/texmf-dist/tex/generic/pgf/libraries/pgflibrarypl
otmarks.code.tex
File: pgflibraryplotmarks.code.tex 2025-08-29 v3.1.11a (3.1.11a)
)))
(/usr/local/texlive/2026basic/texmf-dist/tex/latex/algorithms/algorithm.sty
Package: algorithm 2009/08/24 v0.1 Document Style `algorithm' - floating enviro
nment

(/usr/local/texlive/2026basic/texmf-dist/tex/latex/float/float.sty
Package: float 2001/11/08 v1.3d Float enhancements (AL)
\c@float@type=\count390
\float@exts=\toks56
\float@box=\box85
\@float@everytoks=\toks57
\@floatcapt=\box86
)
\@float@every@algorithm=\toks58
\c@algorithm=\count391
)
(/usr/local/texlive/2026basic/texmf-dist/tex/latex/algorithmicx/algpseudocode.s
ty
Package: algpseudocode 

(/usr/local/texlive/2026basic/texmf-dist/tex/latex/algorithmicx/algorithmicx.st
y
Package: algorithmicx 2005/04/27 v1.2 Algorithmicx

Document Style algorithmicx 1.2 - a greatly improved `algorithmic' style
\c@ALG@line=\count392
\c@ALG@rem=\count393
\c@ALG@nested=\count394
\ALG@tlm=\skip80
\ALG@thistlm=\skip81
\c@ALG@Lnr=\count395
\c@ALG@blocknr=\count396
\c@ALG@storecount=\count397
\c@ALG@tmpcounter=\count398
\ALG@tmplength=\skip82
)
Document Style - pseudocode environments for use with the `algorithmicx' style
) (/usr/local/texlive/2026basic/texmf-dist/tex/latex/amscls/amsthm.sty
Package: amsthm 2020/05/29 v2.20.6
\thm@style=\toks59
\thm@bodyfont=\toks60
\thm@headfont=\toks61
\thm@notefont=\toks62
\thm@headpunct=\toks63
\thm@preskip=\skip83
\thm@postskip=\skip84
\thm@headsep=\skip85
\dth@everypar=\toks64
)
\c@theorem=\count399
\c@proposition=\count400
\c@definition=\count401
\c@assumption=\count402

(./MemoireThese.sty
Package: MemoireThese 2005/04/20 v1.0 Poly-specific LaTeX package (Revised chap
ter titles)
)

LaTeX Warning: \include should only be used after \begin{document} on input lin
e 134.

(./0-Definitions_Etudiant.tex)
Package hyperref Info: Option `bookmarksnumbered' set `true' on input line 154.


(/usr/local/texlive/2026basic/texmf-dist/tex/latex/tocloft/tocloft.sty
Package: tocloft 2017/08/31 v2.3i parameterised ToC, etc., typesetting
Package tocloft Info: The document has chapter divisions on input line 51.
\cftparskip=\skip86
\cftbeforetoctitleskip=\skip87
\cftaftertoctitleskip=\skip88
\cftbeforepartskip=\skip89
\cftpartnumwidth=\skip90
\cftpartindent=\skip91
\cftbeforechapskip=\skip92
\cftchapindent=\skip93
\cftchapnumwidth=\skip94
\cftbeforesecskip=\skip95
\cftsecindent=\skip96
\cftsecnumwidth=\skip97
\cftbeforesubsecskip=\skip98
\cftsubsecindent=\skip99
\cftsubsecnumwidth=\skip100
\cftbeforesubsubsecskip=\skip101
\cftsubsubsecindent=\skip102
\cftsubsubsecnumwidth=\skip103
\cftbeforeparaskip=\skip104
\cftparaindent=\skip105
\cftparanumwidth=\skip106
\cftbeforesubparaskip=\skip107
\cftsubparaindent=\skip108
\cftsubparanumwidth=\skip109
\cftbeforeloftitleskip=\skip110
\cftafterloftitleskip=\skip111
\cftbeforefigskip=\skip112
\cftfigindent=\skip113
\cftfignumwidth=\skip114
\c@lofdepth=\count403
\c@lotdepth=\count404
\cftbeforelottitleskip=\skip115
\cftafterlottitleskip=\skip116
\cftbeforetabskip=\skip117
\cfttabindent=\skip118
\cfttabnumwidth=\skip119
)
Package french3.ldf Info: Setting StandardItemizeEnv=true for
(french3.ldf)             compatibility with enumitem package,
(french3.ldf)             reported on input line 182.
Package french3.ldf Info: Setting StandardEnumerateEnv=true for
(french3.ldf)             compatibility with enumitem package,
(french3.ldf)             reported on input line 182.

(/usr/local/texlive/2026basic/texmf-dist/tex/latex/l3backend/l3backend-pdftex.d
ef
File: l3backend-pdftex.def 2025-10-09 L3 backend support: PDF output (pdfTeX)
\l__color_backend_stack_int=\count405
) (./Document.aux
Package babel Info: 'french' activates 'french' shorthands.
(babel)             Reported on input line 13.
 (./1-Dedicace.aux) (./2-Remerciements.aux)
(./3-Resume_sujet.aux) (./3-Abstract.aux) (./4-Sigles_Abrev.aux)
(./5-Introduction.aux) (./6-Revue_litterature.aux) (./6b-Demarche.aux)
(./7-Theme1.aux) (./7-Theme2.aux) (./7-Theme3.aux) (./7b-Discussion.aux)
(./8-Conclusion.aux) (./9-Annexes.aux))
\openout1 = `Document.aux'.

LaTeX Font Info:    Checking defaults for OML/cmm/m/it on input line 182.
LaTeX Font Info:    ... okay on input line 182.
LaTeX Font Info:    Checking defaults for OMS/cmsy/m/n on input line 182.
LaTeX Font Info:    ... okay on input line 182.
LaTeX Font Info:    Checking defaults for OT1/cmr/m/n on input line 182.
LaTeX Font Info:    ... okay on input line 182.
LaTeX Font Info:    Checking defaults for T1/cmr/m/n on input line 182.
LaTeX Font Info:    ... okay on input line 182.
LaTeX Font Info:    Checking defaults for TS1/cmr/m/n on input line 182.
LaTeX Font Info:    ... okay on input line 182.
LaTeX Font Info:    Checking defaults for OMX/cmex/m/n on input line 182.
LaTeX Font Info:    ... okay on input line 182.
LaTeX Font Info:    Checking defaults for U/cmr/m/n on input line 182.
LaTeX Font Info:    ... okay on input line 182.
LaTeX Font Info:    Checking defaults for PD1/pdf/m/n on input line 182.
LaTeX Font Info:    ... okay on input line 182.
LaTeX Font Info:    Checking defaults for PU/pdf/m/n on input line 182.
LaTeX Font Info:    ... okay on input line 182.
LaTeX Info: Redefining \degres on input line 182.

(/usr/local/texlive/2026basic/texmf-dist/tex/context/base/mkii/supp-pdf.mkii
[Loading MPS to PDF converter (version 2006.09.02).]
\scratchcounter=\count406
\scratchdimen=\dimen343
\scratchbox=\box87
\nofMPsegments=\count407
\nofMParguments=\count408
\everyMPshowfont=\toks65
\MPscratchCnt=\count409
\MPscratchDim=\dimen344
\MPnumerator=\count410
\makeMPintoPDFobject=\count411
\everyMPtoPDFconversion=\toks66
)
Package hyperref Info: Link coloring OFF on input line 182.
 (./Document.out) (./Document.out)
\@outlinefile=\write4
\openout4 = `Document.out'.

Package caption Info: Begin \AtBeginDocument code.
Package caption Info: float package is loaded.
Package caption Info: listings package is loaded.
Package caption Info: End \AtBeginDocument code.
\c@lstlisting=\count412

Package pgfplots notification 'compat/show suggested version=true': document ha
s been generated with the most recent feature set (\pgfplotsset{compat=1.18}).

LaTeX Font Info:    Trying to load font information for TS1+lmr on input line 2
09.
(/usr/local/texlive/2026basic/texmf-dist/tex/latex/lm/ts1lmr.fd
File: ts1lmr.fd 2015/05/01 v1.6.1 Font defs for Latin Modern
) [1


{/usr/local/texlive/2026basic/texmf-var/fonts/map/pdftex/updmap/pdftex.map}{/us
r/local/texlive/2026basic/texmf-dist/fonts/enc/dvips/lm/lm-ec.enc}{/usr/local/t
exlive/2026basic/texmf-dist/fonts/enc/dvips/lm/lm-ts1.enc}] [2]
\openout2 = `1-Dedicace.aux'.

 (./1-Dedicace.tex) [3


]
\openout2 = `2-Remerciements.aux'.


(./2-Remerciements.tex) [4




]
\openout2 = `3-Resume_sujet.aux'.

 (./3-Resume_sujet.tex
LaTeX Font Info:    Trying to load font information for OT1+lmr on input line 9
.

(/usr/local/texlive/2026basic/texmf-dist/tex/latex/lm/ot1lmr.fd
File: ot1lmr.fd 2015/05/01 v1.6.1 Font defs for Latin Modern
)
LaTeX Font Info:    Trying to load font information for OML+lmm on input line 9
.

(/usr/local/texlive/2026basic/texmf-dist/tex/latex/lm/omllmm.fd
File: omllmm.fd 2015/05/01 v1.6.1 Font defs for Latin Modern
)
LaTeX Font Info:    Trying to load font information for OMS+lmsy on input line 
9.

(/usr/local/texlive/2026basic/texmf-dist/tex/latex/lm/omslmsy.fd
File: omslmsy.fd 2015/05/01 v1.6.1 Font defs for Latin Modern
)
LaTeX Font Info:    Trying to load font information for OMX+lmex on input line 
9.

(/usr/local/texlive/2026basic/texmf-dist/tex/latex/lm/omxlmex.fd
File: omxlmex.fd 2015/05/01 v1.6.1 Font defs for Latin Modern
)
LaTeX Font Info:    External font `lmex10' loaded for size
(Font)              <12> on input line 9.
LaTeX Font Info:    External font `lmex10' loaded for size
(Font)              <8> on input line 9.
LaTeX Font Info:    External font `lmex10' loaded for size
(Font)              <6> on input line 9.
LaTeX Font Info:    Trying to load font information for U+msa on input line 9.

(/usr/local/texlive/2026basic/texmf-dist/tex/latex/amsfonts/umsa.fd
File: umsa.fd 2013/01/14 v3.01 AMS symbols A
)
LaTeX Font Info:    Trying to load font information for U+msb on input line 9.

(/usr/local/texlive/2026basic/texmf-dist/tex/latex/amsfonts/umsb.fd
File: umsb.fd 2013/01/14 v3.01 AMS symbols B
)
Overfull \hbox (18.05136pt too wide) in paragraph at lines 9--10
[]\T1/lmr/m/n/12 Le pre-mier ar-ticle in-tro-duit GAPF (Graph-Attentive Po-licy
 Fu-sion), un cadre méta-apprentissage
 []

[5




{/usr/local/texlive/2026basic/texmf-dist/fonts/enc/dvips/lm/lm-mathsy.enc}{/usr
/local/texlive/2026basic/texmf-dist/fonts/enc/dvips/lm/lm-rm.enc}]) [6{/usr/loc
al/texlive/2026basic/texmf-dist/fonts/enc/dvips/lm/lm-mathit.enc}]
\openout2 = `3-Abstract.aux'.


(./3-Abstract.tex [7




]) [8] (./Document.toc [9


]
Overfull \hbox (7.23567pt too wide) in paragraph at lines 44--44
 [][] [][]\T1/lmr/m/n/12 Travaux ré-cents sur l'em-preinte car-bone des sys-tèm
es nu-mé-riques (2024-- 
 []

[10] [11]
Overfull \hbox (1.93527pt too wide) in paragraph at lines 100--100
 [][] \T1/lmr/m/n/12 CHA-PITRE [][]ARTICLE 1 : ENERGY-EFFICIENT AND NEAR REAL-T
IME ROU- 
 []

[12]
Overfull \hbox (17.0342pt too wide) in paragraph at lines 180--180
 \T1/lmr/m/n/12 DE-CI-SION CONTROL FOR SE-CURE AU-TO-NO-MOUS RE-CO-VERY IN AI-N
ATIVE 
 []

[13] [14])
\tf@toc=\write5
\openout5 = `Document.toc'.

 [15] (./Document.lot [16

]
LaTeX Font Info:    External font `lmex10' loaded for size
(Font)              <10> on input line 37.
LaTeX Font Info:    External font `lmex10' loaded for size
(Font)              <7> on input line 37.
LaTeX Font Info:    External font `lmex10' loaded for size
(Font)              <5> on input line 37.
 [17]
Overfull \hbox (10.88116pt too wide) in paragraph at lines 42--42
 [][] [][]\T1/lmr/m/n/12 Main se-cu-rity re-sults un-der \T1/lmr/m/sc/12 high\T
1/lmr/m/n/12 -severity identity-credential abuse (mean 
 []


Overfull \hbox (5.4826pt too wide) in paragraph at lines 44--44
 [][] [][]\T1/lmr/m/n/12 Operational re-co-very qua-lity $\OML/lmm/m/it/12 ![]$
 \T1/lmr/m/n/12 un-der \T1/lmr/m/sc/12 high\T1/lmr/m/n/12 -severity identity-cr
edential 
 []


Overfull \hbox (2.7212pt too wide) in paragraph at lines 45--45
 [][] [][]\T1/lmr/m/n/12 Ablation study un-der \T1/lmr/m/sc/12 high\T1/lmr/m/n/
12 -severity identity-credential abuse (20 seeds). 
 []

[18] [19])
\tf@lot=\write6
\openout6 = `Document.lot'.

 [20] (./Document.lof
Overfull \hbox (7.8221pt too wide) in paragraph at lines 4--4
 [][] [][]\T1/lmr/m/n/12 Vue d'en-semble de la dé-marche de re-cherche : les tr
ois phases construisent 
 []

[21

]
Overfull \hbox (14.22331pt too wide) in paragraph at lines 16--16
 \T1/lmr/m/n/12 Trust achieves 100% de-tec-tion through ag-gres-sive scope-redu
ction ; Shield- 
 []


Overfull \hbox (4.42206pt too wide) in paragraph at lines 17--17
 \T1/lmr/m/n/12 gure high-lights CASTER-ZT's dis-tinc-tive zero-false-positive,
 graduated- 
 []

)
\tf@lof=\write7
\openout7 = `Document.lof'.

 [22] [23]
\openout2 = `4-Sigles_Abrev.aux'.

 (./4-Sigles_Abrev.tex
ignored: Infinite glue shrinkage found in box being split [24


]
ignored: Infinite glue shrinkage found in box being split [25]) [26] (./Document.app)
\tf@app=\write8
\openout8 = `Document.app'.

 [27



]
\openout2 = `5-Introduction.aux'.


(./5-Introduction.tex
Chapitre 1.
[1



] [2]
Overfull \hbox (0.67734pt too wide) in paragraph at lines 49--50
[]\T1/lmr/bx/n/12 Explosion mé-moire \T1/lmr/m/n/12 : chaque agent MARL basé su
r un ré-seau ré-cur-rent (GRU/LSTM)
 []

[3]
Overfull \hbox (16.68678pt too wide) in paragraph at lines 64--65
\T1/lmr/m/n/12 tion-nelle d'un cap-teur de 50% ne ré-duit son em-preinte car-bo
ne to-tale que de $\OMS/lmsy/m/n/12 ^^X$\T1/lmr/m/n/12 0.005gCO$[]$eq
 []

[4] [5]
Overfull \hbox (2.24646pt too wide) in paragraph at lines 101--102
[] \T1/lmr/m/n/12 : \T1/lmr/m/it/12 Peut-on ré-duire si-gni-fi-ca-ti-ve-ment l'
in-ten-sité car-
 []

[6]
Overfull \hbox (1.46237pt too wide) in paragraph at lines 132--133
[]\T1/lmr/m/n/12 Concevoir quatre pi-liers in-té-grés (CADR, CARE, SHDR, LSE) m
i-ni-mi-sant conjoin-
 []

[7]) [8]
\openout2 = `6-Revue_litterature.aux'.

 (./6-Revue_litterature.tex
Chapitre 2.
[9




] [10] [11]
Overfull \hbox (58.8605pt too wide) in paragraph at lines 120--121
\T1/lmr/m/n/12 (2) au-cune n'in-tègre de mé-ca-nisme d'adap-ta-tion carbone-con
scient. La pile GAPF+CALASH+CASTER-
 []

[12] [13] [14{/usr/local/texlive/2026basic/texmf-dist/fonts/enc/dvips/lm/lm-mat
hex.enc}] [15] [16] [17]
Overfull \hbox (5.09653pt too wide) in paragraph at lines 271--272
\T1/lmr/m/n/12 cap-teur de 0.5J de bud-get éner-gé-tique to-tal, le car-bone op
é-ra-tion-nel est de $\OMS/lmsy/m/n/12 ^^X$\T1/lmr/m/n/12 0.01gCO$[]$eq
 []

[18] [19] [20] [21] [22] [23]
Overfull \hbox (0.4371pt too wide) in paragraph at lines 386--387
[]\T1/lmr/m/n/12 Appliqué aux ré-seaux au-to-nomes gé-rés par AI, le prin-cipe 
zéro-confiance im-plique que \T1/lmr/bx/n/12 chaque
 []

[24] [25] [26] [27] [28] [29]
Overfull \hbox (11.49742pt too wide) in paragraph at lines 540--541
\T1/lmr/m/n/12 plus de quatre cri-tères si-mul-ta-né-ment, tan-dis que la pile 
com-plète GAPF+CALASH+CASTER-
 []

[30]
Overfull \hbox (10.33998pt too wide) in paragraph at lines 581--582
[]\T1/lmr/m/n/12 mécanisme au-to-no-mique de ré-cu-pé-ra-tion après des-truc-ti
on de n÷uds
 []

[31]) [32] [33]
\openout2 = `6b-Demarche.aux'.

 (./6b-Demarche.tex
Chapitre 3.
[34




] [35] [36] [37] [38] [39]
Underfull \hbox (badness 10000) in paragraph at lines 221--221
[]|\T1/lmr/bx/n/12 Vecteur d'at-
 []


Underfull \hbox (badness 10000) in paragraph at lines 221--221
[]|\T1/lmr/m/n/12 Compromission
 []


Underfull \hbox (badness 2237) in paragraph at lines 221--221
[]|\T1/lmr/m/n/12 Politique voyou : rou-
 []


Underfull \hbox (badness 2990) in paragraph at lines 221--221
\T1/lmr/m/n/12 éner-gé-tique ci-blé, don-
 []


Underfull \hbox (badness 10000) in paragraph at lines 221--221
[]|\T1/lmr/m/n/12 Évaluateur double-
 []


Underfull \hbox (badness 5133) in paragraph at lines 221--221
\T1/lmr/m/n/12 teurs $\OMS/lmsy/m/n/12 )$ \T1/lmr/m/n/12 dé-ci-sions de
 []


Underfull \hbox (badness 4416) in paragraph at lines 221--221
[]|\T1/lmr/m/n/12 MC-Dropout dé-tecte
 []


Underfull \hbox (badness 10000) in paragraph at lines 221--221
\T1/lmr/m/n/12 in-co-hé-rence épis-té-
 []


Underfull \hbox (badness 3679) in paragraph at lines 221--221
[]|\T1/lmr/m/n/12 Manipulation de
 []


Underfull \hbox (badness 10000) in paragraph at lines 221--221
[]|\T1/lmr/m/n/12 Perturbation ad-ver-sa-
 []


Underfull \hbox (badness 10000) in paragraph at lines 221--221
[]|\T1/lmr/m/n/12 Vérification pré-
 []


Underfull \hbox (badness 3780) in paragraph at lines 221--221
\T1/lmr/m/n/12 actuation par seuils
 []


Underfull \hbox (badness 3240) in paragraph at lines 221--221
[]|\T1/lmr/m/n/12 Replay de mes-
 []


Underfull \hbox (badness 10000) in paragraph at lines 221--221
[]|\T1/lmr/m/n/12 Anciennes tables de
 []


Underfull \hbox (badness 7362) in paragraph at lines 221--221
\T1/lmr/m/n/12 rou-tage ré-in-jec-tées $\OMS/lmsy/m/n/12 )$
 []


Underfull \hbox (badness 10000) in paragraph at lines 221--221
\T1/lmr/m/n/12 boucles, in-co-hé-rence
 []


Underfull \hbox (badness 7415) in paragraph at lines 221--221
\T1/lmr/m/n/12 vé-ri-fiée par Graph-
 []


Underfull \hbox (badness 10000) in paragraph at lines 221--221
\T1/lmr/m/n/12 (Art. 2), bou-clier
 []


Underfull \hbox (badness 10000) in paragraph at lines 221--221
\T1/lmr/m/n/12 bloque ac-tua-tions
 []


Underfull \hbox (badness 10000) in paragraph at lines 221--221
[]|\T1/lmr/m/n/12 Empoisonnement
 []


Underfull \hbox (badness 10000) in paragraph at lines 221--221
[]|\T1/lmr/m/n/12 Brouillage ou in-ter-fé-
 []


Underfull \hbox (badness 10000) in paragraph at lines 221--221
[]|\T1/lmr/m/n/12 Reconfiguration
 []


Underfull \hbox (badness 1237) in paragraph at lines 221--221
\T1/lmr/m/n/12 SHDR via MAPE-K
 []


Underfull \hbox (badness 10000) in paragraph at lines 221--221
\T1/lmr/m/n/12 (Art. 2), es-ca-lade
 []

[40]
LaTeX Font Info:    Trying to load font information for T1+lmtt on input line 2
47.
 (/usr/local/texlive/2026basic/texmf-dist/tex/latex/lm/t1lmtt.fd
File: t1lmtt.fd 2015/05/01 v1.6.1 Font defs for Latin Modern
)
Overfull \hbox (6.0244pt too wide) in paragraph at lines 248--249
[]\T1/lmr/bx/n/12 Couche de dé-ci-sion \T1/lmr/m/n/12 : agents MARL (QMIX, QTRA
N via EPy-MARL), méta-contrôleur
 []

[41]
Overfull \hbox (13.08182pt too wide) in paragraph at lines 316--316
[]|$\OT1/lmr/m/n/12 [\OML/lmm/m/it/12 E[]; d[]; \OMS/lmsy/m/n/12 jN\OT1/lmr/m/n
/12 (\OML/lmm/m/it/12 v\OT1/lmr/m/n/12 )\OMS/lmsy/m/n/12 j\OML/lmm/m/it/12 ; []
; [][]; [][]\OT1/lmr/m/n/12 ]$
 []


Underfull \hbox (badness 10000) in paragraph at lines 316--316
[]|\T1/lmr/m/n/12 Sélection du pro-chain
 []


Overfull \hbox (53.7271pt too wide) in paragraph at lines 316--316
[]|$\OT1/lmr/m/n/12 [\OML/lmm/m/it/12 E[]; []\OT1/lmr/m/n/12 (\OML/lmm/m/it/12 
t\OT1/lmr/m/n/12 )\OML/lmm/m/it/12 ; [][]; Q[]; \OMS/lmsy/m/n/12 j[][]j\OML/lmm
/m/it/12 ; d[]; [][]\OT1/lmr/m/n/12 ]$
 []


Underfull \hbox (badness 10000) in paragraph at lines 316--316
[]|\T1/lmr/m/n/12 Décision $\OMS/lmsy/m/n/12 2
 []


Overfull \hbox (114.84895pt too wide) in paragraph at lines 316--316
\OMS/lmsy/m/n/12 f[]g$| 
 []

[42] [43]
Overfull \hbox (37.6712pt too wide) in paragraph at lines 340--341
[]\T1/lmr/m/n/12 Le pi-lier CADR est op-ti-misé par re-cherche de grille sur le
 ra-tio CS ini-tial $\OML/lmm/m/it/12 ^^Z[] \OMS/lmsy/m/n/12 2 f\OT1/lmr/m/n/12
 0\OML/lmm/m/it/12 :\OT1/lmr/m/n/12 3\OML/lmm/m/it/12 ; \OT1/lmr/m/n/12 0\OML/l
mm/m/it/12 :\OT1/lmr/m/n/12 4\OML/lmm/m/it/12 ; [] ; \OT1/lmr/m/n/12 1\OML/lmm/
m/it/12 :\OT1/lmr/m/n/12 0\OMS/lmsy/m/n/12 g$\T1/lmr/m/n/12 . 
 []


Overfull \hbox (0.52974pt too wide) in paragraph at lines 429--429
[]|\T1/lmr/bx/n/10 Article| 
 []


Underfull \hbox (badness 2790) in paragraph at lines 429--429
[]|\T1/lmr/m/n/10 Couches Graph-SAGE
 []


Underfull \hbox (badness 10000) in paragraph at lines 429--429
[]|\T1/lmr/m/n/10 Dimension Graph-
 []


Underfull \hbox (badness 1859) in paragraph at lines 429--429
[]|\T1/lmr/m/n/10 Voisins échan-tillon-nés
 []


Underfull \hbox (badness 1527) in paragraph at lines 429--429
[]|\T1/lmr/m/n/10 Recommandation Sa-li-mans et al.
 []


Underfull \hbox (badness 6708) in paragraph at lines 429--429
[]|\T1/lmr/m/n/10 Écart-type du bruit
 []


Underfull \hbox (badness 7221) in paragraph at lines 429--429
[]|\T1/lmr/m/n/10 Taux d'ap-pren-tis-sage
 []


Underfull \hbox (badness 7221) in paragraph at lines 429--429
[]|\T1/lmr/m/n/10 Taux d'ap-pren-tis-sage
 []


Underfull \hbox (badness 10000) in paragraph at lines 429--429
[]|\T1/lmr/m/n/10 Standard EPy-MARL pour
 []


Underfull \hbox (badness 10000) in paragraph at lines 429--429
[]|\T1/lmr/m/n/10 Facteur d'es-compte
 []


Underfull \hbox (badness 10000) in paragraph at lines 429--429
[]|\T1/lmr/m/n/10 Passes MC-Dropout
 []


Underfull \hbox (badness 7221) in paragraph at lines 429--429
[]|\T1/lmr/m/n/10 Taux d'ap-pren-tis-sage
 []


Underfull \hbox (badness 5475) in paragraph at lines 429--429
[]|\T1/lmr/m/n/10 Paramètres du bou-
 []

[44] [45] [46] [47] [48]
Underfull \hbox (badness 10000) in paragraph at lines 557--557
[]|\T1/lmr/m/n/12 Absence
 []


Underfull \hbox (badness 10000) in paragraph at lines 557--557
\T1/lmr/m/n/12 de fu-sion
 []


Underfull \hbox (badness 10000) in paragraph at lines 557--557
\T1/lmr/m/n/12 MARL+GNN
 []


Underfull \hbox (badness 10000) in paragraph at lines 557--557
\T1/lmr/m/n/12 tage conscient
 []


Underfull \hbox (badness 2376) in paragraph at lines 557--557
\T1/lmr/m/n/12 du car-bone du
 []


Underfull \hbox (badness 1226) in paragraph at lines 557--557
[]|\T1/lmr/m/n/12 Art. 2 --- CA-
 []


Underfull \hbox (badness 10000) in paragraph at lines 557--557
[]|\T1/lmr/m/n/12 Absence de
 []


Underfull \hbox (badness 10000) in paragraph at lines 557--557
\T1/lmr/m/n/12 contrôle zéro-
 []


Underfull \hbox (badness 10000) in paragraph at lines 557--557
\T1/lmr/m/n/12 confiance pour
 []


Underfull \hbox (badness 10000) in paragraph at lines 557--557
[]|\T1/lmr/m/n/12 Art. 3 ---
 []

[49]) [50]
\openout2 = `7-Theme1.aux'.

 (./7-Theme1.tex
Chapitre 4.
[51




] [52] [53] [54] [55] [56]

Package caption Warning: The option `hypcap=true' will be ignored for this
(caption)                particular \caption on input line 115.
See the caption package documentation for explanation.


Underfull \hbox (badness 10000) in paragraph at lines 132--132
[]|\T1/lmr/bx/n/12 Article (Au-thor,
 []


Underfull \hbox (badness 10000) in paragraph at lines 132--132
[]|\T1/lmr/m/n/12 Chernobyl Di-
 []


Underfull \hbox (badness 2951) in paragraph at lines 132--132
\T1/lmr/m/n/12 sas-ter Op-ti-mi-zer
 []


Underfull \hbox (badness 10000) in paragraph at lines 132--132
\T1/lmr/m/n/12 (CDO)-based
 []


Underfull \hbox (badness 10000) in paragraph at lines 132--132
[]|\T1/lmr/m/n/12 Blockchain-secure
 []


Underfull \hbox (badness 10000) in paragraph at lines 132--132
[]|\T1/lmr/m/n/12 Qamar & Mu-nir
 []


Underfull \hbox (badness 10000) in paragraph at lines 132--132
[]|\T1/lmr/m/n/12 Neural-assisted
 []


Underfull \hbox (badness 10000) in paragraph at lines 132--132
\T1/lmr/m/n/12 clus-te-ring with
 []


Underfull \hbox (badness 10000) in paragraph at lines 132--132
\T1/lmr/m/n/12 energy-aware
 []


Underfull \hbox (badness 10000) in paragraph at lines 132--132
[]|\T1/lmr/m/n/12 Secure cluster-
 []


Underfull \hbox (badness 10000) in paragraph at lines 132--132
\T1/lmr/m/n/12 based rou-ting
 []


Underfull \hbox (badness 10000) in paragraph at lines 132--132
\T1/lmr/m/n/12 with blo-ck-chain
 []


Underfull \hbox (badness 10000) in paragraph at lines 132--132
[]|\T1/lmr/m/n/12 Federated RL
 []


Underfull \hbox (badness 10000) in paragraph at lines 132--132
\T1/lmr/m/n/12 with hy-brid
 []


Underfull \hbox (badness 10000) in paragraph at lines 132--132
\T1/lmr/m/n/12 op-ti-mi-za-tion
 []

[57] [58] [59]

Package hyperref Warning: Token not allowed in a PDF string (Unicode):
(hyperref)                removing `math shift' on input line 190.


Package hyperref Warning: Token not allowed in a PDF string (Unicode):
(hyperref)                removing `\cdot' on input line 190.


Package hyperref Warning: Token not allowed in a PDF string (Unicode):
(hyperref)                removing `math shift' on input line 190.

[60] [61] [62]
LaTeX Font Info:    External font `lmex10' loaded for size
(Font)              <10.95> on input line 339.


Package caption Warning: The option `hypcap=true' will be ignored for this
(caption)                particular \caption on input line 340.
See the caption package documentation for explanation.

[63] [64]
Package hyperref Info: bookmark level for unknown algorithm defaults to 0 on in
put line 355.
 [65]

Package caption Warning: The option `hypcap=true' will be ignored for this
(caption)                particular \caption on input line 403.
See the caption package documentation for explanation.

[66]

Package caption Warning: The option `hypcap=true' will be ignored for this
(caption)                particular \caption on input line 425.
See the caption package documentation for explanation.


Package caption Warning: The option `hypcap=true' will be ignored for this
(caption)                particular \caption on input line 455.
See the caption package documentation for explanation.

[67]
Overfull \hbox (11.60002pt too wide) in paragraph at lines 491--492
 []\T1/lmr/bx/n/12 Execution-time ins-tru-men-ta-tion.[] \T1/lmr/m/n/12 The fra
-me-work re-cords per-step wall-clock times (mean,
 []


Package caption Warning: The option `hypcap=true' will be ignored for this
(caption)                particular \caption on input line 494.
See the caption package documentation for explanation.


Overfull \hbox (30.4942pt too wide) in paragraph at lines 497--508
 [] 
 []


Package caption Warning: The option `hypcap=true' will be ignored for this
(caption)                particular \caption on input line 515.
See the caption package documentation for explanation.

[68]

Package caption Warning: The option `hypcap=true' will be ignored for this
(caption)                particular \caption on input line 537.
See the caption package documentation for explanation.


Package caption Warning: The option `hypcap=true' will be ignored for this
(caption)                particular \caption on input line 558.
See the caption package documentation for explanation.

[69] [70]
Overfull \hbox (5.41747pt too wide) in paragraph at lines 595--596
 []\T1/lmr/bx/n/12 (F5) GAPF is the only al-go-rithm pas-sing all fea-si-bi-lit
y constraints.[] \T1/lmr/m/n/12 QMIX/QTRAN
 []


Overfull \hbox (12.24115pt too wide) in paragraph at lines 595--596
\T1/lmr/m/n/12 GAPF stays wi-thin bud-get ($\OT1/lmr/m/n/12 684$\T1/lmr/m/n/12 
--$\OT1/lmr/m/n/12 951$\T1/lmr/m/n/12 ,MB). All al-go-rithms pass the $\OML/lmm
/m/it/12 p[][]\OT1/lmr/m/n/12 50$\T1/lmr/m/n/12 ,ms la-tency constraint.
 []


Package caption Warning: The option `hypcap=true' will be ignored for this
(caption)                particular \caption on input line 603.
See the caption package documentation for explanation.

[71]
Overfull \hbox (12.31561pt too wide) in paragraph at lines 641--642
[]\T1/lmr/bx/n/12 Memory constraint tight-ness. \T1/lmr/m/n/12 At $\OML/lmm/m/i
t/12 n[]\OT1/lmr/m/n/12 100$\T1/lmr/m/n/12 , GAPF's me-mory foot-print reaches 
951MB---
 []

[72]
Overfull \hbox (20.58287pt too wide) in paragraph at lines 664--665
[]\T1/lmr/bx/n/12 Feasible de-ploy-ment on constrai-ned hard-ware. \T1/lmr/m/n/
12 GAPF passes all fea-si-bi-lity constraints
 []

[73]
Overfull \hbox (0.44301pt too wide) in paragraph at lines 676--677
[]\T1/lmr/bx/n/12 Hardware-in-the-loop va-li-da-tion. \T1/lmr/m/n/12 De-ploying
 GAPF on phy-si-cal WSN test-beds (e.g.,
 []


Overfull \hbox (1.26962pt too wide) in paragraph at lines 680--681
[]\T1/lmr/bx/n/12 Model com-pres-sion for ex-treme scale. \T1/lmr/m/n/12 At $\O
ML/lmm/m/it/12 n[]\OT1/lmr/m/n/12 100$\T1/lmr/m/n/12 , GAPF's ga-te-way me-mory
 reaches
 []

) [74] [75]
\openout2 = `7-Theme2.aux'.

 (./7-Theme2.tex
Chapitre 5.
[76




] [77] [78] [79] [80] [81] [82] [83] [84]
Overfull \hbox (42.90378pt too wide) detected at line 363
[][][]\OML/lmm/m/it/12 r \OT1/lmr/m/n/12 = [] \OMS/lmsy/m/n/12 ^^@ [] ^^@ [] ^^
@ [] \OT1/lmr/m/n/12 + [] \OMS/lmsy/m/n/12 ^^@ []
 []

[85] [86]
Overfull \hbox (21.83063pt too wide) in paragraph at lines 452--455
\T1/lmr/m/it/12 where $[]$ is the op-ti-mal de-li-very rate of any sta-tic po-l
icy, $[] \OT1/lmr/m/n/12 = \OML/lmm/m/it/12 C[]=T$\T1/lmr/m/it/12 , and $\OML/l
mm/m/it/12 B \OT1/lmr/m/n/12 = [] [][]\OMS/lmsy/m/n/12 f\OT1/lmr/m/n/12 (\OML/l
mm/m/it/12 C[]\OT1/lmr/m/n/12 (\OML/lmm/m/it/12 t\OT1/lmr/m/n/12 ) \OMS/lmsy/m/
n/12 ^^@
 []

[87]
Overfull \hbox (23.00745pt too wide) in paragraph at lines 473--477
[]\T1/lmr/bx/n/12 Practical si-gni-fi-cance. \T1/lmr/m/n/12 For $\OML/lmm/m/it/
12 N \OT1/lmr/m/n/12 = 200$\T1/lmr/m/n/12 , $\OML/lmm/m/it/12 V \OT1/lmr/m/n/12
 = 100$ \T1/lmr/m/n/12 : $\OML/lmm/m/it/12 B \OMS/lmsy/m/n/12 ^^Y \OT1/lmr/m/n/
12 2 \OMS/lmsy/m/n/12 ^^B \OT1/lmr/m/n/12 10[]$\T1/lmr/m/n/12 , yiel-ding $\OML
/lmm/m/it/12 B=V \OMS/lmsy/m/n/12 ^^Y \OT1/lmr/m/n/12 200$\T1/lmr/m/n/12 gCO$[]
$eq/round.
 []

[88] [89]
Overfull \hbox (0.9075pt too wide) in paragraph at lines 488--489
[]\T1/lmr/m/n/12 To en-sure trans-pa-rency, we clas-sify every data in-put usin
g a four-level pro-ve-nance taxonomy---
 []


Overfull \hbox (5.69485pt too wide) in paragraph at lines 488--489
\T1/lmr/m/it/12 real \T1/lmr/m/n/12 (mea-su-red), \T1/lmr/m/it/12 ca-li-bra-ted
 syn-the-tic \T1/lmr/m/n/12 (sta-tis-ti-cally mat-ched to pu-bli-shed mea-su-re
-ments), \T1/lmr/m/it/12 model-
 []


Overfull \hbox (11.32162pt too wide) in paragraph at lines 488--489
\T1/lmr/m/it/12 based \T1/lmr/m/n/12 (physics-derived with va-li-da-ted pa-ra-m
e-ters), and \T1/lmr/m/it/12 si-mu-la-ted \T1/lmr/m/n/12 (sto-chas-tic, seed-co
ntrolled)---
 []


Underfull \hbox (badness 10000) in paragraph at lines 500--500
[]|\T1/lmr/m/n/10 UK CI trace
 []


Underfull \hbox (badness 10000) in paragraph at lines 501--501
[]|\T1/lmr/m/n/10 ShakeMap
 []


Underfull \hbox (badness 10000) in paragraph at lines 501--501
[]|\T1/lmr/m/n/10 USGS Ear-th-
 []


Underfull \hbox (badness 10000) in paragraph at lines 501--501
\T1/lmr/m/n/10 quake Ha-zards
 []


Underfull \hbox (badness 10000) in paragraph at lines 502--502
[]|\T1/lmr/m/n/10 Intel Ber-ke-ley
 []


Overfull \hbox (2.99901pt too wide) in paragraph at lines 504--504
[]|\T1/lmr/m/n/10 France/DE/IN/PL
 []


Underfull \hbox (badness 10000) in paragraph at lines 507--507
[]|\T1/lmr/m/n/10 Jornet & Akyil-
 []


Underfull \hbox (badness 10000) in paragraph at lines 508--508
[]|\T1/lmr/m/n/10 Aftershock se-
 []


Underfull \hbox (badness 10000) in paragraph at lines 511--511
[]|\T1/lmr/m/n/10 Lifecycle car-bon
 []


Underfull \hbox (badness 10000) in paragraph at lines 513--513
[]|\T1/lmr/m/n/10 Uniform ran-dom,
 []


Underfull \hbox (badness 10000) in paragraph at lines 514--514
[]|\T1/lmr/m/n/10 NumPy $\OML/lmm/m/it/10 "$\T1/lmr/m/n/10 -greedy
 []


Overfull \hbox (1.99422pt too wide) in paragraph at lines 531--535
[]\T1/lmr/bx/n/12 7 ba-se-lines \T1/lmr/m/n/12 : LEACH [[]8[]], LEACH-1hop (sin
gle-hop LEACH va-riant), EE-LEACH [[]136[]],
 []

[90

] [91] [92]
<./figures/alive_nodes.pdf, id=3038, 616.40604pt x 445.54948pt>
File: ./figures/alive_nodes.pdf Graphic file (type pdf)
<use ./figures/alive_nodes.pdf>
Package pdftex.def Info: ./figures/alive_nodes.pdf  used on input line 688.
(pdftex.def)             Requested size: 472.03111pt x 341.20456pt.
<./figures/pdr_curves.pdf, id=3039, 613.22226pt x 325.1115pt>
File: ./figures/pdr_curves.pdf Graphic file (type pdf)
<use ./figures/pdr_curves.pdf>
Package pdftex.def Info: ./figures/pdr_curves.pdf  used on input line 695.
(pdftex.def)             Requested size: 472.03111pt x 250.25227pt.
<./figures/boxplots.pdf, id=3040, 1438.23076pt x 426.2836pt>
File: ./figures/boxplots.pdf Graphic file (type pdf)
<use ./figures/boxplots.pdf>
Package pdftex.def Info: ./figures/boxplots.pdf  used on input line 702.
(pdftex.def)             Requested size: 472.03111pt x 139.90648pt.
 [93] [94] [95 <./figures/alive_nodes.pdf>] [96 <./figures/pdr_curves.pdf> <./f
igures/boxplots.pdf>]
<./figures/carbon_emissions.pdf, id=3240, 632.37193pt x 380.7594pt>
File: ./figures/carbon_emissions.pdf Graphic file (type pdf)
<use ./figures/carbon_emissions.pdf>
Package pdftex.def Info: ./figures/carbon_emissions.pdf  used on input line 748
.
(pdftex.def)             Requested size: 472.03111pt x 284.22675pt.

Overfull \hbox (6.94313pt too wide) in paragraph at lines 765--767
[]\T1/lmr/bx/n/12 CALASH-NoSH ($\OT1/lmr/m/n/12 ^^A = \OMS/lmsy/m/n/12 ^^@\OT1/
lmr/m/n/12 0\OML/lmm/m/it/12 :\OT1/lmr/m/n/12 17$\T1/lmr/bx/n/12 ) : \T1/lmr/m/
n/12 Re-mo-ving self-healing yields $\OT1/lmr/m/n/12 +1\OML/lmm/m/it/12 :\OT1/l
mr/m/n/12 7%$ \T1/lmr/m/n/12 li-fe-time ($\OML/lmm/m/it/12 p \OT1/lmr/m/n/12 = 
5\OML/lmm/m/it/12 :\OT1/lmr/m/n/12 5[]10[]$\T1/lmr/m/n/12 ).
 []

[97] [98 <./figures/carbon_emissions.pdf>]
<./figures/real_vs_synthetic.pdf, id=3317, 714.43787pt x 598.84384pt>
File: ./figures/real_vs_synthetic.pdf Graphic file (type pdf)
<use ./figures/real_vs_synthetic.pdf>
Package pdftex.def Info: ./figures/real_vs_synthetic.pdf  used on input line 81
6.
(pdftex.def)             Requested size: 472.03111pt x 395.66762pt.
 [99]
<./figures/scalability.pdf, id=3326, 714.26474pt x 584.81738pt>
File: ./figures/scalability.pdf Graphic file (type pdf)
<use ./figures/scalability.pdf>
Package pdftex.def Info: ./figures/scalability.pdf  used on input line 831.
(pdftex.def)             Requested size: 472.03111pt x 386.4893pt.
 [100 <./figures/real_vs_synthetic.pdf>] [101 <./figures/scalability.pdf>]
<./figures/sensitivity.pdf, id=3499, 860.0011pt x 714.90335pt>
File: ./figures/sensitivity.pdf Graphic file (type pdf)
<use ./figures/sensitivity.pdf>
Package pdftex.def Info: ./figures/sensitivity.pdf  used on input line 851.
(pdftex.def)             Requested size: 472.03111pt x 392.40173pt.
 [102] [103 <./figures/sensitivity.pdf>]
Overfull \hbox (5.78352pt too wide) in paragraph at lines 930--931
[]\T1/lmr/bx/n/12 Energy har-ves-ting \T1/lmr/m/n/12 : in-te-grate so-lar/RF ha
r-ves-ting with the Lya-pu-nov fra-me-work [[]177[]]. 
 []

) [104]
\openout2 = `7-Theme3.aux'.

 (./7-Theme3.tex
Chapitre 6.
[105




] [106] [107] [108] [109]
Overfull \hbox (0.22365pt too wide) in paragraph at lines 102--106
[]\T1/lmr/m/n/12 Bayesian ap-proxi-ma-tions [[]78[]], ca-li-bra-tion of neu-ral
 confi-dence [[]187[]], confor-mal pre-dic-tion [[]79[]],
 []


Overfull \hbox (12.8821pt too wide) in paragraph at lines 102--106
\T1/lmr/m/n/12 tion [[]188[]], autoencoder-based ano-maly de-tec-tion [[]194[],
 []207[]], and physics-augmented autoencoder-
 []

[110] [111] [112]
Underfull \hbox (badness 10000) in paragraph at lines 176--176
[]|\T1/lmr/m/n/12 Rule-based se-cure
 []


Underfull \hbox (badness 10000) in paragraph at lines 176--176
[]|\T1/lmr/m/n/12 GraphSAGE/GAT
 []


Underfull \hbox (badness 10000) in paragraph at lines 176--176
[]|\T1/lmr/m/n/12 Graph po-licy +
 []


Underfull \hbox (badness 10000) in paragraph at lines 176--176
[]|\T1/lmr/m/n/12 Safe/constrained
 []


Underfull \hbox (badness 10000) in paragraph at lines 176--176
[]|\T1/lmr/m/n/12 Adversarial GNN
 []


Underfull \hbox (badness 5832) in paragraph at lines 176--176
[]|\T1/lmr/m/n/12 Robust ad-ver-sa-rial
 []


Underfull \hbox (badness 10000) in paragraph at lines 176--176
[]|\T1/lmr/m/n/12 Agentic O-
 []


Underfull \hbox (badness 10000) in paragraph at lines 176--176
[]|\T1/lmr/bx/n/12 CASTER-ZT
 []


Overfull \hbox (2.08174pt too wide) in paragraph at lines 180--181
[]\T1/lmr/m/n/12 Section []6.5.2[] va-li-dates this po-si-tio-ning em-pi-ri-cal
ly : the CPO-Soft, Shield-Binary, and Agentic-
 []

[113] [114]
Overfull \hbox (2.67993pt too wide) in paragraph at lines 238--242
\T1/lmr/bx/n/12 Zero-trust ac-tua-tion boun-dary. \T1/lmr/m/n/12 Fol-lo-wing th
e NIST Zero Trust Ar-chi-tec-ture prin-ciple [[]15[]],
 []

[115] [116] [117]

LaTeX Font Warning: Font shape `T1/lmr/m/scit' undefined
(Font)              using `T1/lmr/m/scsl' instead on input line 322.


LaTeX Font Warning: Font shape `T1/lmr/m/scit' undefined
(Font)              using `T1/lmr/m/scsl' instead on input line 323.


LaTeX Font Warning: Font shape `T1/lmr/m/scit' undefined
(Font)              using `T1/lmr/m/scsl' instead on input line 324.


LaTeX Font Warning: Font shape `T1/lmr/m/scit' undefined
(Font)              using `T1/lmr/m/scsl' instead on input line 324.


LaTeX Font Warning: Font shape `T1/lmr/m/scit' undefined
(Font)              using `T1/lmr/m/scsl' instead on input line 324.

[118] [119] [120] [121] [122]
Underfull \hbox (badness 10000) in paragraph at lines 617--617
[]|\T1/lmr/m/n/12 Struct. in-fe-
 []


Underfull \hbox (badness 10000) in paragraph at lines 617--618
[]|\T1/lmr/m/n/12 Near-RT
 []


Underfull \hbox (badness 10000) in paragraph at lines 620--620
[]|\T1/lmr/m/n/12 GraphSAGE/GAT
 []


Underfull \hbox (badness 10000) in paragraph at lines 623--623
[]|\T1/lmr/m/n/12 Robust ad-ver-sa-rial
 []


Overfull \hbox (12.78676pt too wide) in paragraph at lines 615--630
 [][] 
 []

[123] [124] [125] [126]
Overfull \hbox (3.44302pt too wide) in paragraph at lines 680--681
[]\T1/lmr/m/n/12 The contras-tive sa-fety en-co-der $\OML/lmm/m/it/12 q[]$ \T1/
lmr/m/n/12 is trai-ned with a contras-tive loss that pulls benign-hypothesis
 []

[127] [128]

LaTeX Font Warning: Font shape `T1/lmr/m/scit' undefined
(Font)              using `T1/lmr/m/scsl' instead on input line 761.


LaTeX Font Warning: Font shape `T1/lmr/m/scit' undefined
(Font)              using `T1/lmr/m/scsl' instead on input line 770.


LaTeX Font Warning: Font shape `T1/lmr/m/scit' undefined
(Font)              using `T1/lmr/m/scsl' instead on input line 771.

[129]

LaTeX Font Warning: Font shape `T1/lmr/m/scit' undefined
(Font)              using `T1/lmr/m/scsl' instead on input line 810.


LaTeX Font Warning: Font shape `T1/lmr/m/scit' undefined
(Font)              using `T1/lmr/m/scsl' instead on input line 811.


LaTeX Font Warning: Font shape `T1/lmr/m/scit' undefined
(Font)              using `T1/lmr/m/scsl' instead on input line 812.

[130] [131]

LaTeX Font Warning: Font shape `T1/lmr/m/scit' undefined
(Font)              using `T1/lmr/m/scsl' instead on input line 902.

[132]

LaTeX Font Warning: Font shape `T1/lmr/m/scit' undefined
(Font)              using `T1/lmr/m/scsl' instead on input line 930.

[133]
Overfull \hbox (7.59686pt too wide) in paragraph at lines 955--958
\T1/lmr/m/n/12 Both terms are $\OMS/lmsy/m/n/12 O\OT1/lmr/m/n/12 (1\OML/lmm/m/i
t/12 =[]\OT1/lmr/m/n/12 )$ \T1/lmr/m/n/12 by Hoeff-ding concen-tra-tion and the
 ca-li-bra-tion al-go-rithm's constraint,
 []

[134]
Underfull \hbox (badness 10000) in paragraph at lines 1015--1015
[]|\T1/lmr/bx/n/12 Extracted
 []


Underfull \hbox (badness 10000) in paragraph at lines 1015--1015
[]|\T1/lmr/m/n/12 KPI plau-si-bi-lity
 []


Underfull \hbox (badness 10000) in paragraph at lines 1015--1015
\T1/lmr/m/n/12 range (through-
 []


Underfull \hbox (badness 10000) in paragraph at lines 1015--1015
[]|$\OT1/lmr/m/n/12 [0\OML/lmm/m/it/12 :\OT1/lmr/m/n/12 12\OML/lmm/m/it/12 ; \O
T1/lmr/m/n/12 0\OML/lmm/m/it/12 :\OT1/lmr/m/n/12 98]$
 []


Underfull \hbox (badness 10000) in paragraph at lines 1015--1015
[]|\T1/lmr/m/n/12 Anomaly bias
 []


Underfull \hbox (badness 10000) in paragraph at lines 1015--1015
[]|\T1/lmr/m/n/12 Anomaly bias
 []


Underfull \hbox (badness 10000) in paragraph at lines 1015--1015
[]|\T1/lmr/m/n/12 Extracted from 54-node mesh
 []


Underfull \hbox (badness 10000) in paragraph at lines 1015--1015
[]|\T1/lmr/m/n/12 Injection rate
 []


Underfull \hbox (badness 10000) in paragraph at lines 1015--1015
[]|\T1/lmr/m/n/12 50% of re-
 []


Underfull \hbox (badness 10000) in paragraph at lines 1015--1015
[]|\T1/lmr/m/n/12 Injection rate
 []


Underfull \hbox (badness 10000) in paragraph at lines 1015--1015
[]|\T1/lmr/m/n/12 80% of re-
 []

[135] [136]
Overfull \hbox (3.00351pt too wide) in paragraph at lines 1058--1067
\T1/lmr/m/n/12 (IEEE/ACM ToN 2017, mo-bile traf-fic pat-terns). All four dis-tr
i-bu-tions pass Kolmogorov--
 []

[137] [138]
<./figures/fig_training_curves.pdf, id=4110, 859.3911pt x 640.21558pt>
File: ./figures/fig_training_curves.pdf Graphic file (type pdf)
<use ./figures/fig_training_curves.pdf>
Package pdftex.def Info: ./figures/fig_training_curves.pdf  used on input line 
1162.
(pdftex.def)             Requested size: 472.03111pt x 351.65076pt.
 [139] [140]
Overfull \hbox (0.76315pt too wide) in paragraph at lines 1226--1232
\T1/lmtt/m/n/12 contamination$\OT1/lmr/m/n/12 = 0\OML/lmm/m/it/12 :\OT1/lmr/m/n
/12 05$ \T1/lmr/m/n/12 (mat-ching the au-toen-co-der's 95th-percentile ano-maly
 thre-shold),
 []

[141]
Overfull \hbox (73.18298pt too wide) in paragraph at lines 1267--1268
[]\T1/lmr/bx/n/12 Security \T1/lmr/m/n/12 (RQ1) : block rate, fil-ter rate, de-
tec-tion ra-tio, out-come dis-tri-bu-tion (\T1/lmr/m/sc/12 allow\T1/lmr/m/n/12 
/\T1/lmr/m/sc/12 block\T1/lmr/m/n/12 /\T1/lmr/m/sc/12 scope-
 []

[142]

LaTeX Font Warning: Font shape `T1/lmr/m/scit' undefined
(Font)              using `T1/lmr/m/scsl' instead on input line 1297.


Overfull \hbox (37.66272pt too wide) in paragraph at lines 1293--1314
 [][] 
 []

[143]
Overfull \hbox (8.33823pt too wide) in paragraph at lines 1331--1332
[]\T1/lmr/m/n/12 Telemetry poi-so-ning alone does not trig-ger hard blocks or e
le-va-ted scope re-duc-tion in CASTER-
 []


Overfull \hbox (17.81412pt too wide) in paragraph at lines 1342--1346
\T1/lmr/m/n/12 through ag-gres-sive state-safety-specification en-for-ce-ment (
action-rate li-mits, blast-radius bounds,
 []

[144] [145] [146]
<./figures/fig_rogue_detection.pdf, id=4189, 568.593pt x 315.4216pt>
File: ./figures/fig_rogue_detection.pdf Graphic file (type pdf)
<use ./figures/fig_rogue_detection.pdf>
Package pdftex.def Info: ./figures/fig_rogue_detection.pdf  used on input line 
1416.
(pdftex.def)             Requested size: 472.03111pt x 261.86723pt.
 [147]
Overfull \hbox (6.57753pt too wide) in paragraph at lines 1490--1491
[]\T1/lmr/bx/n/12 Authorization $\OMS/lmsy/m/n/12 ^^Y$ \T1/lmr/bx/n/12 Full (ex
-pec-ted). \T1/lmr/m/n/12 Re-mo-ving the au-tho-ri-za-tion gate ($\OMS/lmsy/m/n
/12 ^^@$\T1/lmr/m/n/12 Authorization)
 []

[148]
<./figures/fig_radar_comparison.pdf, id=4206, 487.81905pt x 406.25871pt>
File: ./figures/fig_radar_comparison.pdf Graphic file (type pdf)
<use ./figures/fig_radar_comparison.pdf>
Package pdftex.def Info: ./figures/fig_radar_comparison.pdf  used on input line
 1497.
(pdftex.def)             Requested size: 472.03111pt x 393.10962pt.
 [149]
<./figures/fig_multiscale.pdf, id=4218, 857.673pt x 278.46849pt>
File: ./figures/fig_multiscale.pdf Graphic file (type pdf)
<use ./figures/fig_multiscale.pdf>
Package pdftex.def Info: ./figures/fig_multiscale.pdf  used on input line 1571.

(pdftex.def)             Requested size: 472.03111pt x 153.26012pt.
 [150] [151] [152] [153] [154] [155] [156] [157] [158] [159]
[160] [161] [162]
Overfull \hbox (11.1633pt too wide) in paragraph at lines 1862--1863
\T1/lmr/m/n/12 2100. Com-mu-ni-ca-tion infrastructure---the back-bone of emer-g
ency coordination---is among
 []


Overfull \hbox (5.37018pt too wide) in paragraph at lines 1863--1864
\T1/lmr/m/n/12 foundation-model agents, RL po-li-cies, and language-enabled pla
n-ners [[]191[], []221[]]---without
 []

[163]) [164] [165] [166 <./figures/fig_training_curves.pdf>] [167] [168 <./figu
res/fig_rogue_detection.pdf>] [169] [170 <./figures/fig_radar_comparison.pdf>]
[171 <./figures/fig_multiscale.pdf>] [172]
\openout2 = `7b-Discussion.aux'.

 (./7b-Discussion.tex
Chapitre 7.
[173




] [174] [175] [176] [177] [178] [179] [180] [181]) [182] [183]
\openout2 = `8-Conclusion.aux'.


(./8-Conclusion.tex
Chapitre 8.
[184




] [185] [186] [187]
Overfull \hbox (7.45107pt too wide) in paragraph at lines 122--123
[]\T1/lmr/bx/n/12 Intégration uni-fiée de la pile pro-to-co-laire. \T1/lmr/m/n/
12 Com-bi-ner GAPF, CA-LASH et CASTER-
 []

[188]
Overfull \hbox (11.74033pt too wide) in paragraph at lines 133--134
[]\T1/lmr/bx/n/12 Certification for-melle du bou-clier. \T1/lmr/m/n/12 Vé-ri-fi
-ca-tion par mo-del che-cking (PRISM, NuSMV)
 []

[189]) [190] [191] (./Document.bbl
Underfull \hbox (badness 10000) in paragraph at lines 53--57
[]\T1/lmr/m/n/12 United Na-tions Of-fice for Di-sas-ter Risk Re-duc-tion, ``Sen
-dai fra-me-work
 []


Underfull \hbox (badness 10000) in paragraph at lines 53--57
\T1/lmr/m/n/12 for di-sas-ter risk re-duc-tion 2015--2030,'' []$https : / / www
 . undrr . org / publication /
 []

[192



] [193] [194] [195] [196] [197]
** WARNING: IEEEtran.bst: No hyphenation pattern has been
** loaded for the language `en'. Using the pattern for
** the default language instead.
** WARNING: IEEEtran.bst: No hyphenation pattern has been
** loaded for the language `en'. Using the pattern for
** the default language instead.
** WARNING: IEEEtran.bst: No hyphenation pattern has been
** loaded for the language `en'. Using the pattern for
** the default language instead.
[198]
** WARNING: IEEEtran.bst: No hyphenation pattern has been
** loaded for the language `en'. Using the pattern for
** the default language instead.
** WARNING: IEEEtran.bst: No hyphenation pattern has been
** loaded for the language `English'. Using the pattern for
** the default language instead.
** WARNING: IEEEtran.bst: No hyphenation pattern has been
** loaded for the language `English'. Using the pattern for
** the default language instead.
** WARNING: IEEEtran.bst: No hyphenation pattern has been
** loaded for the language `en'. Using the pattern for
** the default language instead.
** WARNING: IEEEtran.bst: No hyphenation pattern has been
** loaded for the language `en'. Using the pattern for
** the default language instead.
** WARNING: IEEEtran.bst: No hyphenation pattern has been
** loaded for the language `en'. Using the pattern for
** the default language instead.
** WARNING: IEEEtran.bst: No hyphenation pattern has been
** loaded for the language `en'. Using the pattern for
** the default language instead.
** WARNING: IEEEtran.bst: No hyphenation pattern has been
** loaded for the language `en'. Using the pattern for
** the default language instead.
** WARNING: IEEEtran.bst: No hyphenation pattern has been
** loaded for the language `en'. Using the pattern for
** the default language instead.
[199]
** WARNING: IEEEtran.bst: No hyphenation pattern has been
** loaded for the language `en'. Using the pattern for
** the default language instead.
** WARNING: IEEEtran.bst: No hyphenation pattern has been
** loaded for the language `en'. Using the pattern for
** the default language instead.
[200]
** WARNING: IEEEtran.bst: No hyphenation pattern has been
** loaded for the language `en'. Using the pattern for
** the default language instead.
** WARNING: IEEEtran.bst: No hyphenation pattern has been
** loaded for the language `en'. Using the pattern for
** the default language instead.
** WARNING: IEEEtran.bst: No hyphenation pattern has been
** loaded for the language `en'. Using the pattern for
** the default language instead.
** WARNING: IEEEtran.bst: No hyphenation pattern has been
** loaded for the language `en'. Using the pattern for
** the default language instead.
** WARNING: IEEEtran.bst: No hyphenation pattern has been
** loaded for the language `en'. Using the pattern for
** the default language instead.
** WARNING: IEEEtran.bst: No hyphenation pattern has been
** loaded for the language `en'. Using the pattern for
** the default language instead.
[201] [202] [203] [204] [205] [206] [207] [208] [209]) [210]
\openout2 = `9-Annexes.aux'.

 (./9-Annexes.tex
Annexe A.
Package hyperref Info: bookmark level for unknown annexe defaults to 0 on input
 line 11.
[211


]
Annexe B.
[212

] [213]
Annexe C.
[214

]
Annexe D.

Overfull \hbox (2.81284pt too wide) in paragraph at lines 159--160
[]\T1/lmr/m/n/12 Dans l'al-go-rithme du bou-
 []


Overfull \hbox (1.80362pt too wide) in paragraph at lines 173--177
[]\T1/lmr/m/n/12 Encodage du graphe : $\OMS/lmsy/m/n/12 O\OT1/lmr/m/n/12 (\OML/
lmm/m/it/12 L\OMS/lmsy/m/n/12 j\OML/lmm/m/it/12 E[]\OMS/lmsy/m/n/12 j\OML/lmm/m
/it/12 d\OT1/lmr/m/n/12 )$\T1/lmr/m/n/12 . Éva-
 []


Overfull \hbox (7.19003pt too wide) in paragraph at lines 180--184
[]\T1/lmr/m/n/12 Sous at-taque d'iden-tité, un \T1/lmr/m/sc/12 al-
 []

[215

]
Overfull \hbox (2.92683pt too wide) in paragraph at lines 187--190
[]\T1/lmr/m/n/12 Chaque épi-sode pro-duit
 []


Overfull \hbox (4.7898pt too wide) in paragraph at lines 200--202
[]\T1/lmr/m/n/12 Par le cadre conforme [[]79[]],
 []


Overfull \hbox (1.22037pt too wide) in paragraph at lines 205--208
[]\T1/lmr/m/n/12 Par la concen-tra-tion de
 []

[216]
Annexe E.
[217

]
Overfull \hbox (10.17839pt too wide) in paragraph at lines 321--331
 [][] 
 []


Overfull \hbox (50.86354pt too wide) in paragraph at lines 339--350
 [][] 
 []

[218] [219] [220] [221] [222]
Underfull \hbox (badness 10000) in paragraph at lines 578--578
[]|\T1/lmr/m/n/12 CDO (Cher-
 []


Underfull \hbox (badness 10000) in paragraph at lines 578--578
\T1/lmr/m/n/12 no-byl Di-sas-ter
 []


Underfull \hbox (badness 10000) in paragraph at lines 578--578
[]|\T1/lmr/m/n/12 Blockchain +
 []


Underfull \hbox (badness 10000) in paragraph at lines 578--578
[]|\T1/lmr/m/n/12 Blockchain lé-
 []


Underfull \hbox (badness 10000) in paragraph at lines 578--578
[]|\T1/lmr/m/n/12 RL fé-déré
 []


Underfull \hbox (badness 1242) in paragraph at lines 578--578
[]|\T1/lmr/m/n/12 Fusion de po-li-
 []


Underfull \hbox (badness 2495) in paragraph at lines 578--578
\T1/lmr/m/n/12 tiques GCN +
 []

[223]
Annexe F.
[224

]) [225] (./Document.aux (./1-Dedicace.aux) (./2-Remerciements.aux)
(./3-Resume_sujet.aux) (./3-Abstract.aux) (./4-Sigles_Abrev.aux)
(./5-Introduction.aux) (./6-Revue_litterature.aux) (./6b-Demarche.aux)
(./7-Theme1.aux) (./7-Theme2.aux) (./7-Theme3.aux) (./7b-Discussion.aux)
(./8-Conclusion.aux) (./9-Annexes.aux))
 ***********
LaTeX2e <2025-11-01>
L3 programming layer <2026-01-19>
 ***********
Package rerunfilecheck Info: File `Document.out' has not changed.
(rerunfilecheck)             Checksum: 44FD5D5334212F48B33FC6901DFCC5A0;59011.
 ) 
Here is how much of TeX's memory you used:
 45738 strings out of 469006
 1036107 string characters out of 5454814
 1581457 words of memory out of 5000000
 72459 multiletter control sequences out of 15000+600000
 763408 words of font info for 121 fonts, out of 8000000 for 9000
 319 hyphenation exceptions out of 8191
 84i,18n,104p,1748b,1420s stack positions out of 10000i,1000n,20000p,200000b,200000s
</usr/local/texlive/2026basic/texmf-dist/fonts/type1/public/lm/lmbx10.pfb></u
sr/local/texlive/2026basic/texmf-dist/fonts/type1/public/lm/lmbx12.pfb></usr/lo
cal/texlive/2026basic/texmf-dist/fonts/type1/public/lm/lmbx8.pfb></usr/local/te
xlive/2026basic/texmf-dist/fonts/type1/public/lm/lmbxi10.pfb></usr/local/texliv
e/2026basic/texmf-dist/fonts/type1/public/lm/lmcsc10.pfb></usr/local/texlive/20
26basic/texmf-dist/fonts/type1/public/lm/lmcsco10.pfb></usr/local/texlive/2026b
asic/texmf-dist/fonts/type1/public/lm/lmex10.pfb></usr/local/texlive/2026basic/
texmf-dist/fonts/type1/public/lm/lmmi10.pfb></usr/local/texlive/2026basic/texmf
-dist/fonts/type1/public/lm/lmmi12.pfb></usr/local/texlive/2026basic/texmf-dist
/fonts/type1/public/lm/lmmi6.pfb></usr/local/texlive/2026basic/texmf-dist/fonts
/type1/public/lm/lmmi8.pfb></usr/local/texlive/2026basic/texmf-dist/fonts/type1
/public/lm/lmmib10.pfb></usr/local/texlive/2026basic/texmf-dist/fonts/type1/pub
lic/lm/lmr10.pfb></usr/local/texlive/2026basic/texmf-dist/fonts/type1/public/lm
/lmr12.pfb></usr/local/texlive/2026basic/texmf-dist/fonts/type1/public/lm/lmr6.
pfb></usr/local/texlive/2026basic/texmf-dist/fonts/type1/public/lm/lmr7.pfb></u
sr/local/texlive/2026basic/texmf-dist/fonts/type1/public/lm/lmr8.pfb></usr/loca
l/texlive/2026basic/texmf-dist/fonts/type1/public/lm/lmri10.pfb></usr/local/tex
live/2026basic/texmf-dist/fonts/type1/public/lm/lmri12.pfb></usr/local/texlive/
2026basic/texmf-dist/fonts/type1/public/lm/lmri8.pfb></usr/local/texlive/2026ba
sic/texmf-dist/fonts/type1/public/lm/lmsy10.pfb></usr/local/texlive/2026basic/t
exmf-dist/fonts/type1/public/lm/lmsy6.pfb></usr/local/texlive/2026basic/texmf-d
ist/fonts/type1/public/lm/lmsy7.pfb></usr/local/texlive/2026basic/texmf-dist/fo
nts/type1/public/lm/lmsy8.pfb></usr/local/texlive/2026basic/texmf-dist/fonts/ty
pe1/public/lm/lmtt12.pfb></usr/local/texlive/2026basic/texmf-dist/fonts/type1/p
ublic/amsfonts/symbols/msbm10.pfb></usr/local/texlive/2026basic/texmf-dist/font
s/type1/urw/zapfding/uzdr.pfb>
Output written on Document.pdf (252 pages, 1929820 bytes).
PDF statistics:
 5529 PDF objects out of 6186 (max. 8388607)
 4528 compressed objects within 46 object streams
 1122 named destinations out of 1200 (max. 500000)
 1796 words of extra memory for PDF output out of 10000 (max. 10000000)

